<html>
<body>
<pre>
<h1>µVision Build Log</h1>
<h2>Tool Versions:</h2>
IDE-Version: µVision V5.40.0.0
Copyright (C) 2024 ARM Ltd and ARM Germany GmbH. All rights reserved.
License Information: Gabriel Wang
Arm
User-based license: Keil MDK Professional
Valid until: Dec 26 2050. Cached until: Feb 14 2025
 
Tool Versions:
Toolchain:       Keil MDK Professional  Version: 5.40.0.3
Toolchain Path:  C:\Keil_v5\ARM\ArmCompilerforEmbedded6.24\Bin
C Compiler:      ArmClang.exe V6.23
Assembler:       Armasm.exe V6.23
Linker/Locator:  ArmLink.exe V6.23
Library Manager: ArmAr.exe V6.23
Hex Converter:   FromElf.exe V6.23
CPU DLL:         SARMCM3.DLL V5.40.0.3
Dialog DLL:      DCM.DLL V1.17.5.0
Target DLL:      CMSIS_AGDI.dll V1.33.18.0
Dialog DLL:      TCM.DLL V1.56.4.0
 
<h2>Project:</h2>
Y:\Work\git\MH2103_Arm-2D\mdk\mh2130_arm2d.uvprojx
Project File Date:  02/07/2025

<h2>Output:</h2>
*** Using Compiler 'V6.23', folder: 'C:\Keil_v5\ARM\ArmCompilerforEmbedded6.24\Bin'
Build target 'MH2103-for-arm2d'
Note: source file '//Mac/WorkStation2T/Work/git/Arm-2D/Helper/Source/GLCD_Fonts.c' - object file renamed from '.\Objects\GLCD_Fonts.o' to '.\Objects\glcd_fonts_1.o'.
Note: source file '//Mac/WorkStation2T/Work/git/Arm-2D/Helper/Source/WhiteDotSmall.c' - object file renamed from '.\Objects\WhiteDotSmall.o' to '.\Objects\whitedotsmall_1.o'.
Note: source file '//Mac/WorkStation2T/Work/git/Arm-2D/Helper/Source/arm_2d_helper.c' - object file renamed from '.\Objects\arm_2d_helper.o' to '.\Objects\arm_2d_helper_1.o'.
Note: source file '//Mac/WorkStation2T/Work/git/Arm-2D/Helper/Source/arm_2d_helper_built_in.c' - object file renamed from '.\Objects\arm_2d_helper_built_in.o' to '.\Objects\arm_2d_helper_built_in_1.o'.
Note: source file '//Mac/WorkStation2T/Work/git/Arm-2D/Helper/Source/arm_2d_helper_control.c' - object file renamed from '.\Objects\arm_2d_helper_control.o' to '.\Objects\arm_2d_helper_control_1.o'.
Note: source file '//Mac/WorkStation2T/Work/git/Arm-2D/Helper/Source/arm_2d_helper_font.c' - object file renamed from '.\Objects\arm_2d_helper_font.o' to '.\Objects\arm_2d_helper_font_1.o'.
Note: source file '//Mac/WorkStation2T/Work/git/Arm-2D/Helper/Source/arm_2d_helper_list.c' - object file renamed from '.\Objects\arm_2d_helper_list.o' to '.\Objects\arm_2d_helper_list_1.o'.
Note: source file '//Mac/WorkStation2T/Work/git/Arm-2D/Helper/Source/arm_2d_helper_pfb.c' - object file renamed from '.\Objects\arm_2d_helper_pfb.o' to '.\Objects\arm_2d_helper_pfb_1.o'.
Note: source file '//Mac/WorkStation2T/Work/git/Arm-2D/Helper/Source/arm_2d_helper_scene.c' - object file renamed from '.\Objects\arm_2d_helper_scene.o' to '.\Objects\arm_2d_helper_scene_1.o'.
Note: source file '//Mac/WorkStation2T/Work/git/Arm-2D/Helper/Source/arm_2d_helper_shape.c' - object file renamed from '.\Objects\arm_2d_helper_shape.o' to '.\Objects\arm_2d_helper_shape_1.o'.
Note: source file '//Mac/WorkStation2T/Work/git/Arm-2D/Helper/Source/busy_wheel.c' - object file renamed from '.\Objects\busy_wheel.o' to '.\Objects\busy_wheel_1.o'.
Note: source file '//Mac/WorkStation2T/Work/git/Arm-2D/Helper/Source/cmsis_logo.c' - object file renamed from '.\Objects\cmsis_logo.o' to '.\Objects\cmsis_logo_1.o'.
Note: source file '//Mac/WorkStation2T/Work/git/Arm-2D/Helper/Source/console_box.c' - object file renamed from '.\Objects\console_box.o' to '.\Objects\console_box_1.o'.
Note: source file '//Mac/WorkStation2T/Work/git/Arm-2D/Library/Source/arm_2d_alpha_blending.c' - object file renamed from '.\Objects\arm_2d_alpha_blending.o' to '.\Objects\arm_2d_alpha_blending_1.o'.
Note: source file '//Mac/WorkStation2T/Work/git/Arm-2D/Library/Source/arm_2d_async.c' - object file renamed from '.\Objects\arm_2d_async.o' to '.\Objects\arm_2d_async_1.o'.
Note: source file '//Mac/WorkStation2T/Work/git/Arm-2D/Library/Source/arm_2d_conversion.c' - object file renamed from '.\Objects\arm_2d_conversion.o' to '.\Objects\arm_2d_conversion_1.o'.
Note: source file '//Mac/WorkStation2T/Work/git/Arm-2D/Library/Source/arm_2d_draw.c' - object file renamed from '.\Objects\arm_2d_draw.o' to '.\Objects\arm_2d_draw_1.o'.
Note: source file '//Mac/WorkStation2T/Work/git/Arm-2D/Library/Source/arm_2d_filter.c' - object file renamed from '.\Objects\arm_2d_filter.o' to '.\Objects\arm_2d_filter_1.o'.
Note: source file '//Mac/WorkStation2T/Work/git/Arm-2D/Library/Source/arm_2d_transform.c' - object file renamed from '.\Objects\arm_2d_transform.o' to '.\Objects\arm_2d_transform_1.o'.
Note: source file '//Mac/WorkStation2T/Work/git/Arm-2D/examples/common/asset/BackgroundSmall.c' - object file renamed from '.\Objects\BackgroundSmall.o' to '.\Objects\backgroundsmall_1.o'.
Note: source file '//Mac/WorkStation2T/Work/git/Arm-2D/examples/common/asset/ClockMarking.c' - object file renamed from '.\Objects\ClockMarking.o' to '.\Objects\clockmarking_1.o'.
Note: source file '//Mac/WorkStation2T/Work/git/Arm-2D/examples/common/asset/Cuisine.c' - object file renamed from '.\Objects\Cuisine.o' to '.\Objects\cuisine_1.o'.
Note: source file '//Mac/WorkStation2T/Work/git/Arm-2D/examples/common/asset/DigitsFont.c' - object file renamed from '.\Objects\DigitsFont.o' to '.\Objects\digitsfont_1.o'.
Note: source file '//Mac/WorkStation2T/Work/git/Arm-2D/examples/common/asset/ECG.c' - object file renamed from '.\Objects\ECG.o' to '.\Objects\ecg_1.o'.
Note: source file '//Mac/WorkStation2T/Work/git/Arm-2D/examples/common/asset/ECGScan.c' - object file renamed from '.\Objects\ECGScan.o' to '.\Objects\ecgscan_1.o'.
Note: source file '//Mac/WorkStation2T/Work/git/Arm-2D/examples/common/asset/Earth.c' - object file renamed from '.\Objects\Earth.o' to '.\Objects\earth_1.o'.
Note: source file '//Mac/WorkStation2T/Work/git/Arm-2D/examples/common/asset/Fire8x4.c' - object file renamed from '.\Objects\Fire8x4.o' to '.\Objects\fire8x4_1.o'.
Note: source file '//Mac/WorkStation2T/Work/git/Arm-2D/examples/common/asset/GlassBall.c' - object file renamed from '.\Objects\GlassBall.o' to '.\Objects\glassball_1.o'.
Note: source file '//Mac/WorkStation2T/Work/git/Arm-2D/examples/common/asset/GlassHalo.c' - object file renamed from '.\Objects\GlassHalo.o' to '.\Objects\glasshalo_1.o'.
Note: source file '//Mac/WorkStation2T/Work/git/Arm-2D/examples/common/asset/GreenCircle.c' - object file renamed from '.\Objects\GreenCircle.o' to '.\Objects\greencircle_1.o'.
Note: source file '//Mac/WorkStation2T/Work/git/Arm-2D/examples/common/asset/HallowOutCircleMask.c' - object file renamed from '.\Objects\HallowOutCircleMask.o' to '.\Objects\hallowoutcirclemask_1.o'.
Note: source file '//Mac/WorkStation2T/Work/git/Arm-2D/examples/common/asset/Lighting.c' - object file renamed from '.\Objects\Lighting.o' to '.\Objects\lighting_1.o'.
Note: source file '//Mac/WorkStation2T/Work/git/Arm-2D/examples/common/asset/ListCover.c' - object file renamed from '.\Objects\ListCover.o' to '.\Objects\listcover_1.o'.
Note: source file '//Mac/WorkStation2T/Work/git/Arm-2D/examples/common/asset/Pointer.c' - object file renamed from '.\Objects\Pointer.o' to '.\Objects\pointer_1.o'.
Note: source file '//Mac/WorkStation2T/Work/git/Arm-2D/examples/common/asset/QuaterArcBig.c' - object file renamed from '.\Objects\QuaterArcBig.o' to '.\Objects\quaterarcbig_1.o'.
Note: source file '//Mac/WorkStation2T/Work/git/Arm-2D/examples/common/asset/QuaterArcMiddle.c' - object file renamed from '.\Objects\QuaterArcMiddle.o' to '.\Objects\quaterarcmiddle_1.o'.
Note: source file '//Mac/WorkStation2T/Work/git/Arm-2D/examples/common/asset/QuaterArcSmall.c' - object file renamed from '.\Objects\QuaterArcSmall.o' to '.\Objects\quaterarcsmall_1.o'.
Note: source file '//Mac/WorkStation2T/Work/git/Arm-2D/examples/common/asset/RadialGradient.c' - object file renamed from '.\Objects\RadialGradient.o' to '.\Objects\radialgradient_1.o'.
Note: source file '//Mac/WorkStation2T/Work/git/Arm-2D/examples/common/asset/SinWave.c' - object file renamed from '.\Objects\SinWave.o' to '.\Objects\sinwave_1.o'.
Note: source file '//Mac/WorkStation2T/Work/git/Arm-2D/examples/common/asset/SpinWheel.c' - object file renamed from '.\Objects\SpinWheel.o' to '.\Objects\spinwheel_1.o'.
Note: source file '//Mac/WorkStation2T/Work/git/Arm-2D/examples/common/asset/WatchCoverRound.c' - object file renamed from '.\Objects\WatchCoverRound.o' to '.\Objects\watchcoverround_1.o'.
Note: source file '//Mac/WorkStation2T/Work/git/Arm-2D/examples/common/asset/WhiteDotBig.c' - object file renamed from '.\Objects\WhiteDotBig.o' to '.\Objects\whitedotbig_1.o'.
Note: source file '//Mac/WorkStation2T/Work/git/Arm-2D/examples/common/asset/WhiteDotMiddle.c' - object file renamed from '.\Objects\WhiteDotMiddle.o' to '.\Objects\whitedotmiddle_1.o'.
Note: source file '//Mac/WorkStation2T/Work/git/Arm-2D/examples/common/asset/alarm_clock_font32.c' - object file renamed from '.\Objects\alarm_clock_font32.o' to '.\Objects\alarm_clock_font32_1.o'.
Note: source file '//Mac/WorkStation2T/Work/git/Arm-2D/examples/common/asset/alarm_clock_font64.c' - object file renamed from '.\Objects\alarm_clock_font64.o' to '.\Objects\alarm_clock_font64_1.o'.
Note: source file '//Mac/WorkStation2T/Work/git/Arm-2D/examples/common/asset/arial_ascii_font14.c' - object file renamed from '.\Objects\arial_ascii_font14.o' to '.\Objects\arial_ascii_font14_1.o'.
Note: source file '//Mac/WorkStation2T/Work/git/Arm-2D/examples/common/asset/background.c' - object file renamed from '.\Objects\background.o' to '.\Objects\background_1.o'.
Note: source file '//Mac/WorkStation2T/Work/git/Arm-2D/examples/common/asset/battery_boarder_1.c' - object file renamed from '.\Objects\battery_boarder_1.o' to '.\Objects\battery_boarder_1_1.o'.
Note: source file '//Mac/WorkStation2T/Work/git/Arm-2D/examples/common/asset/battery_gasgauge_block.c' - object file renamed from '.\Objects\battery_gasgauge_block.o' to '.\Objects\battery_gasgauge_block_1.o'.
Note: source file '//Mac/WorkStation2T/Work/git/Arm-2D/examples/common/asset/battery_gasgauge_grade_boarder.c' - object file renamed from '.\Objects\battery_gasgauge_grade_boarder.o' to '.\Objects\battery_gasgauge_grade_boarder_1.o'.
Note: source file '//Mac/WorkStation2T/Work/git/Arm-2D/examples/common/asset/blue_slashes.c' - object file renamed from '.\Objects\blue_slashes.o' to '.\Objects\blue_slashes_1.o'.
Note: source file '//Mac/WorkStation2T/Work/git/Arm-2D/examples/common/asset/circle_mask.c' - object file renamed from '.\Objects\circle_mask.o' to '.\Objects\circle_mask_1.o'.
Note: source file '//Mac/WorkStation2T/Work/git/Arm-2D/examples/common/asset/circle_small.c' - object file renamed from '.\Objects\circle_small.o' to '.\Objects\circle_small_1.o'.
Note: source file '//Mac/WorkStation2T/Work/git/Arm-2D/examples/common/asset/compass.c' - object file renamed from '.\Objects\compass.o' to '.\Objects\compass_1.o'.
Note: source file '//Mac/WorkStation2T/Work/git/Arm-2D/examples/common/asset/fan_blade.c' - object file renamed from '.\Objects\fan_blade.o' to '.\Objects\fan_blade_1.o'.
Note: source file '//Mac/WorkStation2T/Work/git/Arm-2D/examples/common/asset/gear_01.c' - object file renamed from '.\Objects\gear_01.o' to '.\Objects\gear_01_1.o'.
Note: source file '//Mac/WorkStation2T/Work/git/Arm-2D/examples/common/asset/gear_02.c' - object file renamed from '.\Objects\gear_02.o' to '.\Objects\gear_02_1.o'.
Note: source file '//Mac/WorkStation2T/Work/git/Arm-2D/examples/common/asset/glass_reflection_narrow.c' - object file renamed from '.\Objects\glass_reflection_narrow.o' to '.\Objects\glass_reflection_narrow_1.o'.
Note: source file '//Mac/WorkStation2T/Work/git/Arm-2D/examples/common/asset/glass_reflection_wide.c' - object file renamed from '.\Objects\glass_reflection_wide.o' to '.\Objects\glass_reflection_wide_1.o'.
Note: source file '//Mac/WorkStation2T/Work/git/Arm-2D/examples/common/asset/helium.c' - object file renamed from '.\Objects\helium.o' to '.\Objects\helium_1.o'.
Note: source file '//Mac/WorkStation2T/Work/git/Arm-2D/examples/common/asset/icon_Developer.c' - object file renamed from '.\Objects\icon_Developer.o' to '.\Objects\icon_developer_1.o'.
Note: source file '//Mac/WorkStation2T/Work/git/Arm-2D/examples/common/asset/icon_Durability.c' - object file renamed from '.\Objects\icon_Durability.o' to '.\Objects\icon_durability_1.o'.
Note: source file '//Mac/WorkStation2T/Work/git/Arm-2D/examples/common/asset/icon_automobile.c' - object file renamed from '.\Objects\icon_automobile.o' to '.\Objects\icon_automobile_1.o'.
Note: source file '//Mac/WorkStation2T/Work/git/Arm-2D/examples/common/asset/icon_compute.c' - object file renamed from '.\Objects\icon_compute.o' to '.\Objects\icon_compute_1.o'.
Note: source file '//Mac/WorkStation2T/Work/git/Arm-2D/examples/common/asset/icon_drone.c' - object file renamed from '.\Objects\icon_drone.o' to '.\Objects\icon_drone_1.o'.
Note: source file '//Mac/WorkStation2T/Work/git/Arm-2D/examples/common/asset/icon_enterprise.c' - object file renamed from '.\Objects\icon_enterprise.o' to '.\Objects\icon_enterprise_1.o'.
Note: source file '//Mac/WorkStation2T/Work/git/Arm-2D/examples/common/asset/icon_healthcare.c' - object file renamed from '.\Objects\icon_healthcare.o' to '.\Objects\icon_healthcare_1.o'.
Note: source file '//Mac/WorkStation2T/Work/git/Arm-2D/examples/common/asset/icon_mobile.c' - object file renamed from '.\Objects\icon_mobile.o' to '.\Objects\icon_mobile_1.o'.
Note: source file '//Mac/WorkStation2T/Work/git/Arm-2D/examples/common/asset/icon_multicore.c' - object file renamed from '.\Objects\icon_multicore.o' to '.\Objects\icon_multicore_1.o'.
Note: source file '//Mac/WorkStation2T/Work/git/Arm-2D/examples/common/asset/icon_smartmeter.c' - object file renamed from '.\Objects\icon_smartmeter.o' to '.\Objects\icon_smartmeter_1.o'.
Note: source file '//Mac/WorkStation2T/Work/git/Arm-2D/examples/common/asset/icon_visual_sensor.c' - object file renamed from '.\Objects\icon_visual_sensor.o' to '.\Objects\icon_visual_sensor_1.o'.
Note: source file '//Mac/WorkStation2T/Work/git/Arm-2D/examples/common/asset/icon_wearables.c' - object file renamed from '.\Objects\icon_wearables.o' to '.\Objects\icon_wearables_1.o'.
Note: source file '//Mac/WorkStation2T/Work/git/Arm-2D/examples/common/asset/knob_circle_quater.c' - object file renamed from '.\Objects\knob_circle_quater.o' to '.\Objects\knob_circle_quater_1.o'.
Note: source file '//Mac/WorkStation2T/Work/git/Arm-2D/examples/common/asset/pointer_sec.c' - object file renamed from '.\Objects\pointer_sec.o' to '.\Objects\pointer_sec_1.o'.
Note: source file '//Mac/WorkStation2T/Work/git/Arm-2D/examples/common/asset/radial_line_cover.c' - object file renamed from '.\Objects\radial_line_cover.o' to '.\Objects\radial_line_cover_1.o'.
Note: source file '//Mac/WorkStation2T/Work/git/Arm-2D/examples/common/asset/radial_line_pattern.c' - object file renamed from '.\Objects\radial_line_pattern.o' to '.\Objects\radial_line_pattern_1.o'.
Note: source file '//Mac/WorkStation2T/Work/git/Arm-2D/examples/common/asset/small_icon_sun.c' - object file renamed from '.\Objects\small_icon_sun.o' to '.\Objects\small_icon_sun_1.o'.
Note: source file '//Mac/WorkStation2T/Work/git/Arm-2D/examples/common/asset/software.c' - object file renamed from '.\Objects\software.o' to '.\Objects\software_1.o'.
Note: source file '//Mac/WorkStation2T/Work/git/Arm-2D/examples/common/asset/star.c' - object file renamed from '.\Objects\star.o' to '.\Objects\star_1.o'.
Note: source file '//Mac/WorkStation2T/Work/git/Arm-2D/examples/common/asset/watch_panel.c' - object file renamed from '.\Objects\watch_panel.o' to '.\Objects\watch_panel_1.o'.
Note: source file '//Mac/WorkStation2T/Work/git/Arm-2D/examples/common/asset/wave.c' - object file renamed from '.\Objects\wave.o' to '.\Objects\wave_1.o'.
Note: source file '//Mac/WorkStation2T/Work/git/Arm-2D/examples/common/asset/wedge_pattern.c' - object file renamed from '.\Objects\wedge_pattern.o' to '.\Objects\wedge_pattern_1.o'.
Note: source file '//Mac/WorkStation2T/Work/git/Arm-2D/examples/common/asset/wifi_signal.c' - object file renamed from '.\Objects\wifi_signal.o' to '.\Objects\wifi_signal_1.o'.
Note: source file '//Mac/WorkStation2T/Work/git/Arm-2D/examples/common/controls/__simple_list.c' - object file renamed from '.\Objects\__simple_list.o' to '.\Objects\__simple_list_1.o'.
Note: source file '//Mac/WorkStation2T/Work/git/Arm-2D/examples/common/controls/battery_gasgauge.c' - object file renamed from '.\Objects\battery_gasgauge.o' to '.\Objects\battery_gasgauge_1.o'.
Note: source file '//Mac/WorkStation2T/Work/git/Arm-2D/examples/common/controls/cloudy_glass.c' - object file renamed from '.\Objects\cloudy_glass.o' to '.\Objects\cloudy_glass_1.o'.
Note: source file '//Mac/WorkStation2T/Work/git/Arm-2D/examples/common/controls/controls.c' - object file renamed from '.\Objects\controls.o' to '.\Objects\controls_1.o'.
Note: source file '//Mac/WorkStation2T/Work/git/Arm-2D/examples/common/controls/dynamic_nebula.c' - object file renamed from '.\Objects\dynamic_nebula.o' to '.\Objects\dynamic_nebula_1.o'.
Note: source file '//Mac/WorkStation2T/Work/git/Arm-2D/examples/common/controls/histogram.c' - object file renamed from '.\Objects\histogram.o' to '.\Objects\histogram_1.o'.
Note: source file '//Mac/WorkStation2T/Work/git/Arm-2D/examples/common/controls/icon_list.c' - object file renamed from '.\Objects\icon_list.o' to '.\Objects\icon_list_1.o'.
Note: source file '//Mac/WorkStation2T/Work/git/Arm-2D/examples/common/controls/list_view.c' - object file renamed from '.\Objects\list_view.o' to '.\Objects\list_view_1.o'.
Note: source file '//Mac/WorkStation2T/Work/git/Arm-2D/examples/common/controls/meter_pointer.c' - object file renamed from '.\Objects\meter_pointer.o' to '.\Objects\meter_pointer_1.o'.
Note: source file '//Mac/WorkStation2T/Work/git/Arm-2D/examples/common/controls/number_list.c' - object file renamed from '.\Objects\number_list.o' to '.\Objects\number_list_1.o'.
Note: source file '//Mac/WorkStation2T/Work/git/Arm-2D/examples/common/controls/progress_bar_drill.c' - object file renamed from '.\Objects\progress_bar_drill.o' to '.\Objects\progress_bar_drill_1.o'.
Note: source file '//Mac/WorkStation2T/Work/git/Arm-2D/examples/common/controls/progress_bar_flowing.c' - object file renamed from '.\Objects\progress_bar_flowing.o' to '.\Objects\progress_bar_flowing_1.o'.
Note: source file '//Mac/WorkStation2T/Work/git/Arm-2D/examples/common/controls/progress_bar_simple.c' - object file renamed from '.\Objects\progress_bar_simple.o' to '.\Objects\progress_bar_simple_1.o'.
Note: source file '//Mac/WorkStation2T/Work/git/Arm-2D/examples/common/controls/progress_wheel.c' - object file renamed from '.\Objects\progress_wheel.o' to '.\Objects\progress_wheel_1.o'.
Note: source file '//Mac/WorkStation2T/Work/git/Arm-2D/examples/common/controls/spin_zoom_widget.c' - object file renamed from '.\Objects\spin_zoom_widget.o' to '.\Objects\spin_zoom_widget_1.o'.
Note: source file '//Mac/WorkStation2T/Work/git/Arm-2D/examples/common/controls/spinning_wheel.c' - object file renamed from '.\Objects\spinning_wheel.o' to '.\Objects\spinning_wheel_1.o'.
Note: source file '//Mac/WorkStation2T/Work/git/Arm-2D/examples/common/controls/text_list.c' - object file renamed from '.\Objects\text_list.o' to '.\Objects\text_list_1.o'.
Note: source file '//Mac/WorkStation2T/Work/git/Arm-2D/examples/common/controls/text_tracking_list.c' - object file renamed from '.\Objects\text_tracking_list.o' to '.\Objects\text_tracking_list_1.o'.
Note: source file 'RTE/Acceleration/arm_2d.c' - object file renamed from '.\Objects\arm_2d.o' to '.\Objects\arm_2d_1.o'.
Note: source file 'RTE/Acceleration/arm_2d_disp_adapter_0.c' - object file renamed from '.\Objects\arm_2d_disp_adapter_0.o' to '.\Objects\arm_2d_disp_adapter_0_1.o'.
Note: source file 'C:/Users/gabriel/AppData/Local/Arm/Packs/ARM/CMSIS-DSP/1.16.2/Source/BasicMathFunctions/BasicMathFunctions.c' - object file renamed from '.\Objects\BasicMathFunctions.o' to '.\Objects\basicmathfunctions_1.o'.
Note: source file 'C:/Users/gabriel/AppData/Local/Arm/Packs/ARM/CMSIS-DSP/1.16.2/Source/BasicMathFunctions/BasicMathFunctionsF16.c' - object file renamed from '.\Objects\BasicMathFunctionsF16.o' to '.\Objects\basicmathfunctionsf16_1.o'.
Note: source file 'C:/Users/gabriel/AppData/Local/Arm/Packs/ARM/CMSIS-DSP/1.16.2/Source/BayesFunctions/BayesFunctions.c' - object file renamed from '.\Objects\BayesFunctions.o' to '.\Objects\bayesfunctions_1.o'.
Note: source file 'C:/Users/gabriel/AppData/Local/Arm/Packs/ARM/CMSIS-DSP/1.16.2/Source/BayesFunctions/BayesFunctionsF16.c' - object file renamed from '.\Objects\BayesFunctionsF16.o' to '.\Objects\bayesfunctionsf16_1.o'.
Note: source file 'C:/Users/gabriel/AppData/Local/Arm/Packs/ARM/CMSIS-DSP/1.16.2/Source/CommonTables/CommonTables.c' - object file renamed from '.\Objects\CommonTables.o' to '.\Objects\commontables_1.o'.
Note: source file 'C:/Users/gabriel/AppData/Local/Arm/Packs/ARM/CMSIS-DSP/1.16.2/Source/CommonTables/CommonTablesF16.c' - object file renamed from '.\Objects\CommonTablesF16.o' to '.\Objects\commontablesf16_1.o'.
Note: source file 'C:/Users/gabriel/AppData/Local/Arm/Packs/ARM/CMSIS-DSP/1.16.2/Source/ComplexMathFunctions/ComplexMathFunctions.c' - object file renamed from '.\Objects\ComplexMathFunctions.o' to '.\Objects\complexmathfunctions_1.o'.
Note: source file 'C:/Users/gabriel/AppData/Local/Arm/Packs/ARM/CMSIS-DSP/1.16.2/Source/ComplexMathFunctions/ComplexMathFunctionsF16.c' - object file renamed from '.\Objects\ComplexMathFunctionsF16.o' to '.\Objects\complexmathfunctionsf16_1.o'.
Note: source file 'C:/Users/gabriel/AppData/Local/Arm/Packs/ARM/CMSIS-DSP/1.16.2/Source/ControllerFunctions/ControllerFunctions.c' - object file renamed from '.\Objects\ControllerFunctions.o' to '.\Objects\controllerfunctions_1.o'.
Note: source file 'C:/Users/gabriel/AppData/Local/Arm/Packs/ARM/CMSIS-DSP/1.16.2/Source/DistanceFunctions/DistanceFunctions.c' - object file renamed from '.\Objects\DistanceFunctions.o' to '.\Objects\distancefunctions_1.o'.
Note: source file 'C:/Users/gabriel/AppData/Local/Arm/Packs/ARM/CMSIS-DSP/1.16.2/Source/DistanceFunctions/DistanceFunctionsF16.c' - object file renamed from '.\Objects\DistanceFunctionsF16.o' to '.\Objects\distancefunctionsf16_1.o'.
Note: source file 'C:/Users/gabriel/AppData/Local/Arm/Packs/ARM/CMSIS-DSP/1.16.2/Source/FastMathFunctions/FastMathFunctions.c' - object file renamed from '.\Objects\FastMathFunctions.o' to '.\Objects\fastmathfunctions_1.o'.
Note: source file 'C:/Users/gabriel/AppData/Local/Arm/Packs/ARM/CMSIS-DSP/1.16.2/Source/FastMathFunctions/FastMathFunctionsF16.c' - object file renamed from '.\Objects\FastMathFunctionsF16.o' to '.\Objects\fastmathfunctionsf16_1.o'.
Note: source file 'C:/Users/gabriel/AppData/Local/Arm/Packs/ARM/CMSIS-DSP/1.16.2/Source/FilteringFunctions/FilteringFunctions.c' - object file renamed from '.\Objects\FilteringFunctions.o' to '.\Objects\filteringfunctions_1.o'.
Note: source file 'C:/Users/gabriel/AppData/Local/Arm/Packs/ARM/CMSIS-DSP/1.16.2/Source/FilteringFunctions/FilteringFunctionsF16.c' - object file renamed from '.\Objects\FilteringFunctionsF16.o' to '.\Objects\filteringfunctionsf16_1.o'.
Note: source file 'C:/Users/gabriel/AppData/Local/Arm/Packs/ARM/CMSIS-DSP/1.16.2/Source/InterpolationFunctions/InterpolationFunctions.c' - object file renamed from '.\Objects\InterpolationFunctions.o' to '.\Objects\interpolationfunctions_1.o'.
Note: source file 'C:/Users/gabriel/AppData/Local/Arm/Packs/ARM/CMSIS-DSP/1.16.2/Source/InterpolationFunctions/InterpolationFunctionsF16.c' - object file renamed from '.\Objects\InterpolationFunctionsF16.o' to '.\Objects\interpolationfunctionsf16_1.o'.
Note: source file 'C:/Users/gabriel/AppData/Local/Arm/Packs/ARM/CMSIS-DSP/1.16.2/Source/MatrixFunctions/MatrixFunctions.c' - object file renamed from '.\Objects\MatrixFunctions.o' to '.\Objects\matrixfunctions_1.o'.
Note: source file 'C:/Users/gabriel/AppData/Local/Arm/Packs/ARM/CMSIS-DSP/1.16.2/Source/MatrixFunctions/MatrixFunctionsF16.c' - object file renamed from '.\Objects\MatrixFunctionsF16.o' to '.\Objects\matrixfunctionsf16_1.o'.
Note: source file 'C:/Users/gabriel/AppData/Local/Arm/Packs/ARM/CMSIS-DSP/1.16.2/Source/QuaternionMathFunctions/QuaternionMathFunctions.c' - object file renamed from '.\Objects\QuaternionMathFunctions.o' to '.\Objects\quaternionmathfunctions_1.o'.
Note: source file 'C:/Users/gabriel/AppData/Local/Arm/Packs/ARM/CMSIS-DSP/1.16.2/Source/SVMFunctions/SVMFunctions.c' - object file renamed from '.\Objects\SVMFunctions.o' to '.\Objects\svmfunctions_1.o'.
Note: source file 'C:/Users/gabriel/AppData/Local/Arm/Packs/ARM/CMSIS-DSP/1.16.2/Source/SVMFunctions/SVMFunctionsF16.c' - object file renamed from '.\Objects\SVMFunctionsF16.o' to '.\Objects\svmfunctionsf16_1.o'.
Note: source file 'C:/Users/gabriel/AppData/Local/Arm/Packs/ARM/CMSIS-DSP/1.16.2/Source/StatisticsFunctions/StatisticsFunctions.c' - object file renamed from '.\Objects\StatisticsFunctions.o' to '.\Objects\statisticsfunctions_1.o'.
Note: source file 'C:/Users/gabriel/AppData/Local/Arm/Packs/ARM/CMSIS-DSP/1.16.2/Source/StatisticsFunctions/StatisticsFunctionsF16.c' - object file renamed from '.\Objects\StatisticsFunctionsF16.o' to '.\Objects\statisticsfunctionsf16_1.o'.
Note: source file 'C:/Users/gabriel/AppData/Local/Arm/Packs/ARM/CMSIS-DSP/1.16.2/Source/SupportFunctions/SupportFunctions.c' - object file renamed from '.\Objects\SupportFunctions.o' to '.\Objects\supportfunctions_1.o'.
Note: source file 'C:/Users/gabriel/AppData/Local/Arm/Packs/ARM/CMSIS-DSP/1.16.2/Source/SupportFunctions/SupportFunctionsF16.c' - object file renamed from '.\Objects\SupportFunctionsF16.o' to '.\Objects\supportfunctionsf16_1.o'.
Note: source file 'C:/Users/gabriel/AppData/Local/Arm/Packs/ARM/CMSIS-DSP/1.16.2/Source/TransformFunctions/TransformFunctions.c' - object file renamed from '.\Objects\TransformFunctions.o' to '.\Objects\transformfunctions_1.o'.
Note: source file 'C:/Users/gabriel/AppData/Local/Arm/Packs/ARM/CMSIS-DSP/1.16.2/Source/TransformFunctions/TransformFunctionsF16.c' - object file renamed from '.\Objects\TransformFunctionsF16.o' to '.\Objects\transformfunctionsf16_1.o'.
Note: source file 'C:/Users/gabriel/AppData/Local/Arm/Packs/GorgonMeducer/perf_counter/2.4.0/perf_counter.c' - object file renamed from '.\Objects\perf_counter.o' to '.\Objects\perf_counter_1.o'.
Note: source file 'C:/Users/gabriel/AppData/Local/Arm/Packs/GorgonMeducer/perf_counter/2.4.0/perfc_port_default.c' - object file renamed from '.\Objects\perfc_port_default.o' to '.\Objects\perfc_port_default_1.o'.
Note: source file 'C:/Users/gabriel/AppData/Local/Arm/Packs/GorgonMeducer/perf_counter/2.4.0/systick_wrapper_gnu.s' - object file renamed from '.\Objects\systick_wrapper_gnu.o' to '.\Objects\systick_wrapper_gnu_1.o'.
Note: source file 'C:/Users/gabriel/AppData/Local/Arm/Packs/GorgonMeducer/perf_counter/2.4.0/systick_wrapper_gnu.s' - object file renamed from '.\Objects\systick_wrapper_gnu.o' to '.\Objects\systick_wrapper_gnu_1.o'.
compiling main.c...
linking...
Program Size: Code=47404 RO-data=12016 RW-data=168 ZI-data=31160  
".\Objects\mh2130_arm2d.axf" - 0 Error(s), 0 Warning(s).

<h2>Software Packages used:</h2>

Package Vendor: ARM
                https://www.keil.com/pack/ARM.Arm-2D.9.9.99.pack
                ARM::Arm-2D@9.9.99
                A 2D graphic library optimized for Cortex-M processors.
   * Component: User Defined OPCODE Version: 2.0.0
   * Component: Controls Version: 2.3.1
   * Component: LCD ASCII Printf Version: 2.9.1
   * Component: Display Adapter Version: 3.2.7
   * Component: PFB Version: 2.5.3
   * Component: Alpha-Blending Version: 1.2.2-dev
   * Component: Core Version: 1.2.2-dev
   * Component: Filter Version: 1.2.2-dev
   * Component: Transform Version: 1.2.2-dev

Package Vendor: ARM
                https://www.keil.com/pack/ARM.CMSIS.6.1.0.pack
                ARM::CMSIS@6.1.0
                CMSIS (Common Microcontroller Software Interface Standard)
   * Component: CORE Version: 6.1.0

Package Vendor: ARM
                https://www.keil.com/pack/ARM.CMSIS-DSP.1.16.2.pack
                ARM::CMSIS-DSP@1.16.2
                CMSIS Embedded Compute Library
   * Component: DSP Variant: Source Version: 1.16.2

Package Vendor: GorgonMeducer
                https://raw.githubusercontent.com/GorgonMeducer/perf_counter/CMSIS-Pack/cmsis-pack/GorgonMeducer.perf_counter.2.4.0.pack
                GorgonMeducer::perf_counter@2.4.0
                A dedicated performance counter for the Cortex-M Systick. It shares the SysTick with users' original SysTick function without interfering with it. This library will bring new functionalities, such as performance counter, APIs for delay, clock() defined in time.h etc.
   * Component: Core Variant: Source Version: 2.4.0

Package Vendor: Keil
                https://luatos.com/t/air32f103/Keil.AIR32F103_DFP.1.1.9.pack
                Keil::AIR32F103_DFP@1.1.9
                AirM2M AIR32F1 Series Device Support, Drivers

<h2>Collection of Component include folders:</h2>
  ./RTE/Acceleration
  ./RTE/_MH2103-for-arm2d
  //Mac/WorkStation2T/Work/git/Arm-2D/Helper/Include
  //Mac/WorkStation2T/Work/git/Arm-2D/Library/Include
  //Mac/WorkStation2T/Work/git/Arm-2D/examples/common/controls
  //Mac/WorkStation2T/Work/git/Arm-2D/examples/common/opcodes
  //Mac/WorkStation2T/Work/git/Arm-2D/examples/demos
  C:/Users/gabriel/AppData/Local/Arm/Packs/ARM/CMSIS-DSP/1.16.2/Include
  C:/Users/gabriel/AppData/Local/Arm/Packs/ARM/CMSIS-DSP/1.16.2/PrivateInclude
  C:/Users/gabriel/AppData/Local/Arm/Packs/ARM/CMSIS/6.1.0/CMSIS/Core/Include
  C:/Users/gabriel/AppData/Local/Arm/Packs/GorgonMeducer/perf_counter/2.4.0
  C:/Users/gabriel/AppData/Local/Arm/Packs/Keil/AIR32F103_DFP/1.1.9/Device/Include

<h2>Collection of Component Files used:</h2>

   * Component: ARM::Acceleration:Arm-2D Demos:User Defined OPCODE@2.0.0
      Include file:  examples/common/opcodes/arm_2d_user_opcode_draw_circle.h
      Include file:  examples/common/opcodes/__arm_2d_example_opcodes_common.h
      Source file:   examples/demos/Battleship.c
      Source file:   examples/demos/arm_2d_scene_user_defined_opcode.c
      Include file:  examples/demos/arm_2d_scene_user_defined_opcode.h
      Source file:   examples/common/opcodes/arm_2d_user_opcode_draw_line.c
      Include file:  examples/common/opcodes/arm_2d_user_opcode_draw_line.h
      Source file:   examples/common/opcodes/arm_2d_user_opcode_draw_circle.c

   * Component: ARM::Acceleration:Arm-2D Extras:Controls@2.3.1
      Source file:   examples/common/asset/icon_Developer.c
      Source file:   examples/common/asset/icon_healthcare.c
      Source file:   examples/common/asset/icon_visual_sensor.c
      Source file:   examples/common/asset/icon_mobile.c
      Source file:   examples/common/asset/icon_multicore.c
      Source file:   examples/common/asset/icon_smartmeter.c
      Source file:   examples/common/asset/icon_Durability.c
      Source file:   examples/common/asset/icon_wearables.c
      Source file:   examples/common/asset/icon_enterprise.c
      Source file:   examples/common/asset/icon_drone.c
      Source file:   examples/common/controls/__simple_list.c
      Source file:   examples/common/asset/battery_gasgauge_block.c
      Source file:   examples/common/controls/histogram.c
      Source file:   examples/common/asset/QuaterArcSmall.c
      Source file:   examples/common/asset/WhiteDotMiddle.c
      Source file:   examples/common/asset/battery_gasgauge_grade_boarder.c
      Source file:   examples/common/asset/SinWave.c
      Source file:   examples/common/controls/progress_wheel.c
      Source file:   examples/common/controls/spin_zoom_widget.c
      Source file:   examples/common/asset/blue_slashes.c
      Source file:   examples/common/controls/controls.c
      Source file:   examples/common/asset/QuaterArcMiddle.c
      Source file:   examples/common/controls/progress_bar_simple.c
      Source file:   examples/common/controls/battery_gasgauge.c
      Source file:   examples/common/controls/icon_list.c
      Source file:   examples/common/asset/WhiteDotBig.c
      Source file:   examples/common/asset/wave.c
      Source file:   examples/common/controls/progress_bar_flowing.c
      Source file:   examples/common/asset/ListCover.c
      Source file:   examples/common/controls/progress_bar_drill.c
      Source file:   examples/common/asset/battery_boarder_1.c
      Source file:   examples/common/controls/spinning_wheel.c
      Source file:   examples/common/controls/text_list.c
      Source file:   examples/common/controls/dynamic_nebula.c
      Source file:   examples/common/controls/text_tracking_list.c
      Source file:   examples/common/controls/list_view.c
      Source file:   examples/common/controls/meter_pointer.c
      Source file:   examples/common/asset/SpinWheel.c
      Source file:   examples/common/asset/GreenCircle.c
      Source file:   examples/common/controls/number_list.c
      Source file:   examples/common/controls/cloudy_glass.c
      Source file:   examples/common/asset/QuaterArcBig.c
      Source file:   examples/common/asset/small_icon_sun.c
      Source file:   examples/common/asset/ClockMarking.c
      Source file:   examples/common/asset/helium.c
      Source file:   examples/common/asset/BackgroundSmall.c
      Source file:   examples/common/asset/pointer_sec.c
      Source file:   examples/common/asset/Cuisine.c
      Source file:   examples/common/asset/wifi_signal.c
      Source file:   examples/common/asset/HallowOutCircleMask.c
      Source file:   examples/common/asset/circle_mask.c
      Source file:   examples/common/asset/Lighting.c
      Source file:   examples/common/asset/watch_panel.c
      Source file:   examples/common/asset/WatchCoverRound.c
      Source file:   examples/common/asset/star.c
      Source file:   examples/common/asset/Pointer.c
      Source file:   examples/common/asset/background.c
      Source file:   examples/common/asset/fan_blade.c
      Source file:   examples/common/asset/Fire8x4.c
      Source file:   examples/common/asset/gear_02.c
      Source file:   examples/common/asset/circle_small.c
      Source file:   examples/common/asset/ECG.c
      Source file:   examples/common/asset/GlassHalo.c
      Source file:   examples/common/asset/ECGScan.c
      Source file:   examples/common/asset/glass_reflection_wide.c
      Source file:   examples/common/asset/GlassBall.c
      Source file:   examples/common/asset/glass_reflection_narrow.c
      Source file:   examples/common/asset/DigitsFont.c
      Source file:   examples/common/asset/alarm_clock_font32.c
      Source file:   examples/common/asset/RadialGradient.c
      Source file:   examples/common/asset/gear_01.c
      Source file:   examples/common/asset/software.c
      Source file:   examples/common/asset/alarm_clock_font64.c
      Source file:   examples/common/asset/arial_ascii_font14.c
      Source file:   examples/common/asset/icon_automobile.c
      Source file:   examples/common/asset/radial_line_cover.c
      Source file:   examples/common/asset/radial_line_pattern.c
      Source file:   examples/common/asset/knob_circle_quater.c
      Source file:   examples/common/asset/Earth.c
      Source file:   examples/common/asset/icon_compute.c
      Source file:   examples/common/asset/compass.c
      Source file:   examples/common/asset/wedge_pattern.c

   * Component: ARM::Acceleration:Arm-2D Extras:LCD ASCII Printf@2.9.1
      Source file:   Helper/Source/arm_2d_helper_font.c
      Source file:   Helper/Source/GLCD_Fonts.c
      Include file:  Helper/Include/arm_extra_lcd_printf.h
      Include file:  Helper/Include/arm_2d_helper_font.h

   * Component: ARM::Acceleration:Arm-2D Helper:Display Adapter@3.2.7
      Source file:   Helper/template/arm_2d_disp_adapter.c
      Include file:  Helper/template/arm_2d_disp_adapter.h

   * Component: ARM::Acceleration:Arm-2D Helper:PFB@2.5.3
      Source file:   Helper/Source/cmsis_logo.c
      Source file:   Helper/Source/arm_2d_helper.c
      Source file:   examples/common/scenes/animate_background/arm_2d_scene_animate_background_vres.c
      Include file:  examples/common/scenes/animate_background/arm_2d_scene_animate_background.h
      Include file:  examples/common/scenes/fitness/arm_2d_scene_fitness.h
      Source file:   examples/common/scenes/meter/arm_2d_scene_meter.c
      Source file:   Helper/Source/arm_2d_helper_pfb.c
      Source file:   examples/common/scenes/watch/arm_2d_scene_watch.c
      Source file:   examples/common/scenes/histogram/arm_2d_scene_histogram.c
      Source file:   Helper/template/arm_2d_helper_rtos_user.c
      Source file:   Helper/Source/console_box.c
      Source file:   Helper/Source/arm_2d_helper_scene.c
      Source file:   Helper/Source/arm_2d_helper_control.c
      Include file:  examples/common/scenes/meter/arm_2d_scene_meter.h
      Source file:   examples/common/asset/MeterPanel.c
      Source file:   examples/common/scenes/fan/arm_2d_scene_fan.c
      Source file:   Helper/Source/busy_wheel.c
      Source file:   examples/common/scenes/bubble_charging/arm_2d_scene_bubble_charging.c
      Source file:   examples/common/scenes/animate_background/arm_2d_scene_animate_background.c
      Source file:   Helper/Source/arm_2d_helper_list.c
      Source file:   Helper/Source/arm_2d_helper_shape.c
      Include file:  examples/common/scenes/watch/arm_2d_scene_watch.h
      Source file:   examples/common/scenes/fitness/arm_2d_scene_fitness.c
      Source file:   Helper/Source/arm_2d_helper_built_in.c
      Source file:   examples/common/scenes/alarm_clock/arm_2d_scene_alarm_clock.c
      Include file:  examples/common/scenes/alarm_clock/arm_2d_scene_alarm_clock.h
      Include file:  examples/common/scenes/histogram/arm_2d_scene_histogram.h
      Include file:  examples/common/scenes/fan/arm_2d_scene_fan.h
      Source file:   Helper/Source/WhiteDotSmall.c
      Include file:  examples/common/scenes/bubble_charging/arm_2d_scene_bubble_charging.h
      Source file:   examples/common/asset/radial_line_pattern.c
      Include file:  examples/common/scenes/knob/arm_2d_scene_knob.h
      Source file:   examples/common/asset/wedge_pattern.c
      Source file:   examples/common/asset/knob_circle_quater.c
      Source file:   examples/common/asset/radial_line_cover.c
      Source file:   examples/common/scenes/knob/arm_2d_scene_knob.c

   * Component: ARM::Acceleration:Arm-2D:Alpha-Blending@1.2.2-dev
      Source file:   Library/Source/arm_2d_alpha_blending.c

   * Component: ARM::Acceleration:Arm-2D:Core@1.2.2-dev
      Include file:  Library/template/arm_2d_user_opcode_template_i_draw.h
      Include file:  Helper/template/arm_2d_scene_template.h
      Source file:   examples/common/controls/template/user_control_template.c
      Source file:   Library/Source/arm_2d_async.c
      Source file:   Library/template/arm_2d_user_opcode_template_i_cp_src.c
      Include file:  examples/common/controls/template/user_control_template.h
      Source file:   Library/Source/arm_2d_conversion.c
      Source file:   Library/template/arm_2d_user_opcode_template_i_draw.c
      Source file:   Library/Source/arm_2d_draw.c
      Source file:   Helper/template/arm_2d_scene_template.c
      Include file:  Library/template/arm_2d_user_opcode_template_i_cp_src.h
      Source file:   Library/Source/arm_2d.c

   * Component: ARM::Acceleration:Arm-2D:Filter@1.2.2-dev
      Source file:   Library/Source/arm_2d_filter.c

   * Component: ARM::Acceleration:Arm-2D:Transform@1.2.2-dev
      Source file:   Library/Source/arm_2d_transform.c

   * Component: ARM::CMSIS:CORE@6.1.0

   * Component: ARM::CMSIS:DSP&Source@1.16.2
      Include file:  Include/arm_math.h
      Source file:   Source/QuaternionMathFunctions/QuaternionMathFunctions.c
      Source file:   Source/CommonTables/CommonTables.c
      Source file:   Source/ComplexMathFunctions/ComplexMathFunctions.c
      Include file:  Include/arm_math_f16.h
      Include file:  Include/arm_common_tables_f16.h
      Include file:  Include/arm_const_structs.h
      Include file:  Include/arm_const_structs_f16.h
      Source file:   Source/BasicMathFunctions/BasicMathFunctions.c
      Include file:  Include/arm_common_tables.h
      Source file:   Source/BayesFunctions/BayesFunctions.c
      Source file:   Source/ComplexMathFunctions/ComplexMathFunctionsF16.c
      Source file:   Source/SVMFunctions/SVMFunctionsF16.c
      Source file:   Source/InterpolationFunctions/InterpolationFunctions.c
      Source file:   Source/FilteringFunctions/FilteringFunctions.c
      Source file:   Source/WindowFunctions/WindowFunctions.c
      Source file:   Source/ControllerFunctions/ControllerFunctions.c
      Source file:   Source/BasicMathFunctions/BasicMathFunctionsF16.c
      Source file:   Source/CommonTables/CommonTablesF16.c
      Source file:   Source/InterpolationFunctions/InterpolationFunctionsF16.c
      Source file:   Source/StatisticsFunctions/StatisticsFunctionsF16.c
      Source file:   Source/DistanceFunctions/DistanceFunctionsF16.c
      Source file:   Source/DistanceFunctions/DistanceFunctions.c
      Source file:   Source/MatrixFunctions/MatrixFunctions.c
      Source file:   Source/TransformFunctions/TransformFunctionsF16.c
      Source file:   Source/SupportFunctions/SupportFunctions.c
      Source file:   Source/MatrixFunctions/MatrixFunctionsF16.c
      Source file:   Source/FilteringFunctions/FilteringFunctionsF16.c
      Source file:   Source/StatisticsFunctions/StatisticsFunctions.c
      Source file:   Source/FastMathFunctions/FastMathFunctions.c
      Source file:   Source/TransformFunctions/TransformFunctions.c
      Source file:   Source/SupportFunctions/SupportFunctionsF16.c
      Source file:   Source/SVMFunctions/SVMFunctions.c
      Source file:   Source/BayesFunctions/BayesFunctionsF16.c
      Source file:   Source/FastMathFunctions/FastMathFunctionsF16.c

   * Component: GorgonMeducer::Utilities:perf_counter:Core&Source@2.4.0
      Include file:  perf_counter.h
      Source file:   perfc_port_default.c
      Source file:   perf_counter.c
      Source file:   systick_wrapper_gnu.s
Build Time Elapsed:  00:00:09
</pre>
</body>
</html>
