<!doctype html public "-//w3c//dtd html 4.0 transitional//en">
<html><head>
<title>Static Call Graph - [.\Objects\mh2130_arm2d.axf]</title></head>
<body><HR>
<H1>Static Call Graph for image .\Objects\mh2130_arm2d.axf</H1><HR>
<BR><P>#&#060CALLGRAPH&#062# ARM Linker, 6230001: Last Updated: Fri Feb  7 18:22:44 2025
<BR><P>
<H3>Maximum Stack Usage =       1440 bytes + Unknown(Functions without stacksize, Cycles, Untraceable Function Pointers)</H3><H3>
Call chain for Maximum Stack Depth:</H3>
__disp_adapter0_draw_navigation &rArr; arm_lcd_printf &rArr; __arm_2d_op_invoke &rArr; __tile_clipped_pave &rArr; __arm_2d_region_calculator &rArr; __arm_2d_issue_sub_task_copy_origin_masks &rArr; __arm_2d_sub_task_depose &rArr; __depose_virtual_resource &rArr; __arm_2d_tile_get_1st_derived_child_or_root &rArr; arm_2d_region_intersect
<P>
<H3>
Functions with no stack information
</H3><UL>
 <LI><a href="#[da]">__user_initial_stackheap</a>
 <LI><a href="#[9]">SysTick_Handler</a>
 <LI><a href="#[188]">__ensure_systick_wrapper</a>
</UL>
</UL>
<P>
<H3>
Mutually Recursive functions
</H3> <LI><a href="#[4]">BusFault_Handler</a>&nbsp;&nbsp;&nbsp;&rArr;&nbsp;&nbsp;&nbsp;<a href="#[4]">BusFault_Handler</a><BR>
 <LI><a href="#[1c]">ADC1_2_IRQHandler</a>&nbsp;&nbsp;&nbsp;&rArr;&nbsp;&nbsp;&nbsp;<a href="#[1c]">ADC1_2_IRQHandler</a><BR>
 <LI><a href="#[3]">MemManage_Handler</a>&nbsp;&nbsp;&nbsp;&rArr;&nbsp;&nbsp;&nbsp;<a href="#[3]">MemManage_Handler</a><BR>
 <LI><a href="#[5]">UsageFault_Handler</a>&nbsp;&nbsp;&nbsp;&rArr;&nbsp;&nbsp;&nbsp;<a href="#[5]">UsageFault_Handler</a><BR>
 <LI><a href="#[ed]">arm_2d_helper_pfb_flush</a>&nbsp;&nbsp;&nbsp;&rArr;&nbsp;&nbsp;&nbsp;<a href="#[ec]">__arm_2d_helper_pfb_report_rendering_complete</a><BR>
</UL>
<P>
<H3>
Function Pointers
</H3><UL>
 <LI><a href="#[4c]">$Super$$SysTick_Handler</a> from lto-llvm-727e0c.o(.text.SysTick_Handler) referenced from systick_wrapper_gnu_1.o(.text)
 <LI><a href="#[1c]">ADC1_2_IRQHandler</a> from startup_mh210x.o(.text) referenced from startup_mh210x.o(RESET)
 <LI><a href="#[39]">ADC3_IRQHandler</a> from startup_mh210x.o(.text) referenced from startup_mh210x.o(RESET)
 <LI><a href="#[65]">ARM_2D_A1_FONT_GET_CHAR_DESCRIPTOR_HANDLER</a> from lto-llvm-727e0c.o(.text.ARM_2D_A1_FONT_GET_CHAR_DESCRIPTOR_HANDLER) referenced from lto-llvm-727e0c.o(.rodata.ARM_2D_FONT_6x8)
 <LI><a href="#[4]">BusFault_Handler</a> from startup_mh210x.o(.text) referenced from startup_mh210x.o(RESET)
 <LI><a href="#[1f]">CAN1_RX1_IRQHandler</a> from startup_mh210x.o(.text) referenced from startup_mh210x.o(RESET)
 <LI><a href="#[20]">CAN1_SCE_IRQHandler</a> from startup_mh210x.o(.text) referenced from startup_mh210x.o(RESET)
 <LI><a href="#[15]">DMA1_Channel1_IRQHandler</a> from startup_mh210x.o(.text) referenced from startup_mh210x.o(RESET)
 <LI><a href="#[16]">DMA1_Channel2_IRQHandler</a> from startup_mh210x.o(.text) referenced from startup_mh210x.o(RESET)
 <LI><a href="#[17]">DMA1_Channel3_IRQHandler</a> from startup_mh210x.o(.text) referenced from startup_mh210x.o(RESET)
 <LI><a href="#[18]">DMA1_Channel4_IRQHandler</a> from startup_mh210x.o(.text) referenced from startup_mh210x.o(RESET)
 <LI><a href="#[19]">DMA1_Channel5_IRQHandler</a> from startup_mh210x.o(.text) referenced from startup_mh210x.o(RESET)
 <LI><a href="#[1a]">DMA1_Channel6_IRQHandler</a> from startup_mh210x.o(.text) referenced from startup_mh210x.o(RESET)
 <LI><a href="#[1b]">DMA1_Channel7_IRQHandler</a> from startup_mh210x.o(.text) referenced from startup_mh210x.o(RESET)
 <LI><a href="#[42]">DMA2_Channel1_IRQHandler</a> from startup_mh210x.o(.text) referenced from startup_mh210x.o(RESET)
 <LI><a href="#[43]">DMA2_Channel2_IRQHandler</a> from startup_mh210x.o(.text) referenced from startup_mh210x.o(RESET)
 <LI><a href="#[44]">DMA2_Channel3_IRQHandler</a> from startup_mh210x.o(.text) referenced from startup_mh210x.o(RESET)
 <LI><a href="#[45]">DMA2_Channel4_5_IRQHandler</a> from startup_mh210x.o(.text) referenced from startup_mh210x.o(RESET)
 <LI><a href="#[7]">DebugMon_Handler</a> from lto-llvm-727e0c.o(.text.DebugMon_Handler) referenced from startup_mh210x.o(RESET)
 <LI><a href="#[10]">EXTI0_IRQHandler</a> from startup_mh210x.o(.text) referenced from startup_mh210x.o(RESET)
 <LI><a href="#[32]">EXTI15_10_IRQHandler</a> from startup_mh210x.o(.text) referenced from startup_mh210x.o(RESET)
 <LI><a href="#[11]">EXTI1_IRQHandler</a> from startup_mh210x.o(.text) referenced from startup_mh210x.o(RESET)
 <LI><a href="#[12]">EXTI2_IRQHandler</a> from startup_mh210x.o(.text) referenced from startup_mh210x.o(RESET)
 <LI><a href="#[13]">EXTI3_IRQHandler</a> from startup_mh210x.o(.text) referenced from startup_mh210x.o(RESET)
 <LI><a href="#[14]">EXTI4_IRQHandler</a> from startup_mh210x.o(.text) referenced from startup_mh210x.o(RESET)
 <LI><a href="#[21]">EXTI9_5_IRQHandler</a> from startup_mh210x.o(.text) referenced from startup_mh210x.o(RESET)
 <LI><a href="#[e]">FLASH_IRQHandler</a> from startup_mh210x.o(.text) referenced from startup_mh210x.o(RESET)
 <LI><a href="#[3a]">FSMC_IRQHandler</a> from startup_mh210x.o(.text) referenced from startup_mh210x.o(RESET)
 <LI><a href="#[2]">HardFault_Handler</a> from lto-llvm-727e0c.o(.text.HardFault_Handler) referenced from startup_mh210x.o(RESET)
 <LI><a href="#[2a]">I2C1_ER_IRQHandler</a> from startup_mh210x.o(.text) referenced from startup_mh210x.o(RESET)
 <LI><a href="#[29]">I2C1_EV_IRQHandler</a> from startup_mh210x.o(.text) referenced from startup_mh210x.o(RESET)
 <LI><a href="#[2c]">I2C2_ER_IRQHandler</a> from startup_mh210x.o(.text) referenced from startup_mh210x.o(RESET)
 <LI><a href="#[2b]">I2C2_EV_IRQHandler</a> from startup_mh210x.o(.text) referenced from startup_mh210x.o(RESET)
 <LI><a href="#[55]">Lcd1_Mcu8_BackLightSet</a> from lto-llvm-727e0c.o(.text.Lcd1_Mcu8_BackLightSet) referenced 2 times from lto-llvm-727e0c.o(.text.MainlcdInit)
 <LI><a href="#[54]">Lcd1_Mcu8_HardReset</a> from lto-llvm-727e0c.o(.text.Lcd1_Mcu8_HardReset) referenced 2 times from lto-llvm-727e0c.o(.text.MainlcdInit)
 <LI><a href="#[50]">Lcd1_Mcu8_SetWindow</a> from lto-llvm-727e0c.o(.text.Lcd1_Mcu8_SetWindow) referenced 2 times from lto-llvm-727e0c.o(.text.MainlcdInit)
 <LI><a href="#[52]">Lcd1_Mcu8_SleepInOut</a> from lto-llvm-727e0c.o(.text.Lcd1_Mcu8_SleepInOut) referenced 2 times from lto-llvm-727e0c.o(.text.MainlcdInit)
 <LI><a href="#[53]">Lcd1_Mcu8_WriteColor</a> from lto-llvm-727e0c.o(.text.Lcd1_Mcu8_WriteColor) referenced 2 times from lto-llvm-727e0c.o(.text.MainlcdInit)
 <LI><a href="#[58]">Lcd1_Mcu8_WriteCommand</a> from lto-llvm-727e0c.o(.text.Lcd1_Mcu8_WriteCommand) referenced 2 times from lto-llvm-727e0c.o(.text.MainlcdInit)
 <LI><a href="#[51]">Lcd1_Mcu8_WriteData</a> from lto-llvm-727e0c.o(.text.Lcd1_Mcu8_WriteData) referenced 2 times from lto-llvm-727e0c.o(.text.MainlcdInit)
 <LI><a href="#[56]">Lcd1_Mcu8_WriteReg</a> from lto-llvm-727e0c.o(.text.Lcd1_Mcu8_WriteReg) referenced 2 times from lto-llvm-727e0c.o(.text.MainlcdInit)
 <LI><a href="#[57]">Lcd1_Mcu8_WriteRegData</a> from lto-llvm-727e0c.o(.text.Lcd1_Mcu8_WriteRegData) referenced 2 times from lto-llvm-727e0c.o(.text.MainlcdInit)
 <LI><a href="#[3]">MemManage_Handler</a> from lto-llvm-727e0c.o(.text.MemManage_Handler) referenced from startup_mh210x.o(RESET)
 <LI><a href="#[1]">NMI_Handler</a> from lto-llvm-727e0c.o(.text.NMI_Handler) referenced from startup_mh210x.o(RESET)
 <LI><a href="#[b]">PVD_IRQHandler</a> from startup_mh210x.o(.text) referenced from startup_mh210x.o(RESET)
 <LI><a href="#[8]">PendSV_Handler</a> from lto-llvm-727e0c.o(.text.PendSV_Handler) referenced from startup_mh210x.o(RESET)
 <LI><a href="#[f]">RCC_IRQHandler</a> from startup_mh210x.o(.text) referenced from startup_mh210x.o(RESET)
 <LI><a href="#[47]">RNG_IRQHandler</a> from startup_mh210x.o(.text) referenced from startup_mh210x.o(RESET)
 <LI><a href="#[33]">RTCAlarm_IRQHandler</a> from startup_mh210x.o(.text) referenced from startup_mh210x.o(RESET)
 <LI><a href="#[d]">RTC_IRQHandler</a> from lto-llvm-727e0c.o(.text.RTC_IRQHandler) referenced from startup_mh210x.o(RESET)
 <LI><a href="#[0]">Reset_Handler</a> from startup_mh210x.o(.text) referenced from startup_mh210x.o(RESET)
 <LI><a href="#[5a]">RxTimeout</a> from lto-llvm-727e0c.o(.text.RxTimeout) referenced 2 times from lto-llvm-727e0c.o(.text.USART3_IRQHandler)
 <LI><a href="#[59]">RxTimeout.11</a> from lto-llvm-727e0c.o(.text.RxTimeout.11) referenced 2 times from lto-llvm-727e0c.o(.text.USART1_IRQHandler)
 <LI><a href="#[3b]">SDIO_IRQHandler</a> from startup_mh210x.o(.text) referenced from startup_mh210x.o(RESET)
 <LI><a href="#[48]">SENSOR_IRQHandler</a> from startup_mh210x.o(.text) referenced from startup_mh210x.o(RESET)
 <LI><a href="#[2d]">SPI1_IRQHandler</a> from startup_mh210x.o(.text) referenced from startup_mh210x.o(RESET)
 <LI><a href="#[2e]">SPI2_IRQHandler</a> from startup_mh210x.o(.text) referenced from startup_mh210x.o(RESET)
 <LI><a href="#[3d]">SPI3_IRQHandler</a> from startup_mh210x.o(.text) referenced from startup_mh210x.o(RESET)
 <LI><a href="#[6]">SVC_Handler</a> from lto-llvm-727e0c.o(.text.SVC_Handler) referenced from startup_mh210x.o(RESET)
 <LI><a href="#[46]">SYMC_IRQHandler</a> from startup_mh210x.o(.text) referenced from startup_mh210x.o(RESET)
 <LI><a href="#[9]">SysTick_Handler</a> from systick_wrapper_gnu_1.o(.text) referenced from startup_mh210x.o(RESET)
 <LI><a href="#[49]">SystemInit</a> from lto-llvm-727e0c.o(.text.SystemInit) referenced from startup_mh210x.o(.text)
 <LI><a href="#[c]">TAMPER_IRQHandler</a> from startup_mh210x.o(.text) referenced from startup_mh210x.o(RESET)
 <LI><a href="#[22]">TIM1_BRK_TIM9_IRQHandler</a> from startup_mh210x.o(.text) referenced from startup_mh210x.o(RESET)
 <LI><a href="#[25]">TIM1_CC_IRQHandler</a> from startup_mh210x.o(.text) referenced from startup_mh210x.o(RESET)
 <LI><a href="#[24]">TIM1_TRG_COM_TIM11_IRQHandler</a> from startup_mh210x.o(.text) referenced from startup_mh210x.o(RESET)
 <LI><a href="#[23]">TIM1_UP_TIM10_IRQHandler</a> from startup_mh210x.o(.text) referenced from startup_mh210x.o(RESET)
 <LI><a href="#[26]">TIM2_IRQHandler</a> from lto-llvm-727e0c.o(.text.TIM2_IRQHandler) referenced from startup_mh210x.o(RESET)
 <LI><a href="#[27]">TIM3_IRQHandler</a> from lto-llvm-727e0c.o(.text.TIM3_IRQHandler) referenced from startup_mh210x.o(RESET)
 <LI><a href="#[28]">TIM4_IRQHandler</a> from startup_mh210x.o(.text) referenced from startup_mh210x.o(RESET)
 <LI><a href="#[3c]">TIM5_IRQHandler</a> from startup_mh210x.o(.text) referenced from startup_mh210x.o(RESET)
 <LI><a href="#[40]">TIM6_IRQHandler</a> from startup_mh210x.o(.text) referenced from startup_mh210x.o(RESET)
 <LI><a href="#[41]">TIM7_IRQHandler</a> from startup_mh210x.o(.text) referenced from startup_mh210x.o(RESET)
 <LI><a href="#[35]">TIM8_BRK_TIM12_IRQHandler</a> from startup_mh210x.o(.text) referenced from startup_mh210x.o(RESET)
 <LI><a href="#[38]">TIM8_CC_IRQHandler</a> from startup_mh210x.o(.text) referenced from startup_mh210x.o(RESET)
 <LI><a href="#[37]">TIM8_TRG_COM_TIM14_IRQHandler</a> from startup_mh210x.o(.text) referenced from startup_mh210x.o(RESET)
 <LI><a href="#[36]">TIM8_UP_TIM13_IRQHandler</a> from startup_mh210x.o(.text) referenced from startup_mh210x.o(RESET)
 <LI><a href="#[3e]">UART4_IRQHandler</a> from startup_mh210x.o(.text) referenced from startup_mh210x.o(RESET)
 <LI><a href="#[3f]">UART5_IRQHandler</a> from startup_mh210x.o(.text) referenced from startup_mh210x.o(RESET)
 <LI><a href="#[2f]">USART1_IRQHandler</a> from lto-llvm-727e0c.o(.text.USART1_IRQHandler) referenced from startup_mh210x.o(RESET)
 <LI><a href="#[30]">USART2_IRQHandler</a> from startup_mh210x.o(.text) referenced from startup_mh210x.o(RESET)
 <LI><a href="#[31]">USART3_IRQHandler</a> from lto-llvm-727e0c.o(.text.USART3_IRQHandler) referenced from startup_mh210x.o(RESET)
 <LI><a href="#[34]">USBWakeUp_IRQHandler</a> from startup_mh210x.o(.text) referenced from startup_mh210x.o(RESET)
 <LI><a href="#[1d]">USB_HP_CAN1_TX_IRQHandler</a> from startup_mh210x.o(.text) referenced from startup_mh210x.o(RESET)
 <LI><a href="#[1e]">USB_LP_CAN1_RX0_IRQHandler</a> from startup_mh210x.o(.text) referenced from startup_mh210x.o(RESET)
 <LI><a href="#[5]">UsageFault_Handler</a> from lto-llvm-727e0c.o(.text.UsageFault_Handler) referenced from startup_mh210x.o(RESET)
 <LI><a href="#[a]">WWDG_IRQHandler</a> from startup_mh210x.o(.text) referenced from startup_mh210x.o(RESET)
 <LI><a href="#[6a]">__arm_2d_c8bit_sw_colour_filling</a> from lto-llvm-727e0c.o(.text.__arm_2d_c8bit_sw_colour_filling) referenced from lto-llvm-727e0c.o(.rodata.LOW_LEVEL_IO__ARM_2D_IO_FILL_COLOUR_C8BIT)
 <LI><a href="#[66]">__arm_2d_lcd_text_default_a1_font_draw_char</a> from lto-llvm-727e0c.o(.text.__arm_2d_lcd_text_default_a1_font_draw_char) referenced from lto-llvm-727e0c.o(.rodata.ARM_2D_FONT_6x8)
 <LI><a href="#[6c]">__arm_2d_rgb16_sw_colour_filling</a> from lto-llvm-727e0c.o(.text.__arm_2d_rgb16_sw_colour_filling) referenced from lto-llvm-727e0c.o(.rodata.LOW_LEVEL_IO__ARM_2D_IO_FILL_COLOUR_RGB16)
 <LI><a href="#[67]">__arm_2d_rgb16_sw_draw_pattern</a> from lto-llvm-727e0c.o(.text.__arm_2d_rgb16_sw_draw_pattern) referenced from lto-llvm-727e0c.o(.rodata.LOW_LEVEL_IO__ARM_2D_IO_DRAW_PATTERN_RGB16)
 <LI><a href="#[6d]">__arm_2d_rgb32_sw_colour_filling</a> from lto-llvm-727e0c.o(.text.__arm_2d_rgb32_sw_colour_filling) referenced from lto-llvm-727e0c.o(.rodata.LOW_LEVEL_IO__ARM_2D_IO_FILL_COLOUR_RGB32)
 <LI><a href="#[68]">__arm_2d_rgb565_sw_colour_filling_with_a1_mask_and_opacity</a> from lto-llvm-727e0c.o(.text.__arm_2d_rgb565_sw_colour_filling_with_a1_mask_and_opacity) referenced from lto-llvm-727e0c.o(.rodata.LOW_LEVEL_IO__ARM_2D_IO_FILL_COLOUR_A1_MASK_AND_OPACITY_RGB565)
 <LI><a href="#[69]">__arm_2d_rgb565_sw_colour_filling_with_a4_mask_and_opacity</a> from lto-llvm-727e0c.o(.text.__arm_2d_rgb565_sw_colour_filling_with_a4_mask_and_opacity) referenced from lto-llvm-727e0c.o(.rodata.LOW_LEVEL_IO__ARM_2D_IO_FILL_COLOUR_A4_MASK_AND_OPACITY_RGB565)
 <LI><a href="#[6b]">__arm_2d_rgb565_sw_colour_filling_with_mask_and_opacity</a> from lto-llvm-727e0c.o(.text.__arm_2d_rgb565_sw_colour_filling_with_mask_and_opacity) referenced from lto-llvm-727e0c.o(.rodata.LOW_LEVEL_IO__ARM_2D_IO_FILL_COLOUR_MASK_AND_OPACITY_RGB565)
 <LI><a href="#[6e]">__arm_2d_rgb565_sw_colour_filling_with_mask_opacity_and_transform</a> from lto-llvm-727e0c.o(.text.__arm_2d_rgb565_sw_colour_filling_with_mask_opacity_and_transform) referenced from lto-llvm-727e0c.o(.rodata.LOW_LEVEL_IO__ARM_2D_IO_FILL_COLOUR_WITH_MSK_OPACITY_AND_TRANSFORM_RGB565)
 <LI><a href="#[6f]">__arm_2d_rgb565_sw_colour_filling_with_opacity</a> from lto-llvm-727e0c.o(.text.__arm_2d_rgb565_sw_colour_filling_with_opacity) referenced from lto-llvm-727e0c.o(.rodata.LOW_LEVEL_IO__ARM_2D_IO_FILL_COLOUR_WITH_OPACITY_RGB565)
 <LI><a href="#[70]">__arm_2d_rgb565_sw_colour_filling_with_vertical_alpha_gradient</a> from lto-llvm-727e0c.o(.text.__arm_2d_rgb565_sw_colour_filling_with_vertical_alpha_gradient) referenced from lto-llvm-727e0c.o(.rodata.LOW_LEVEL_IO__ARM_2D_IO_FILL_COLOUR_WITH_VERTICAL_ALPHA_GRADIENT_RGB565)
 <LI><a href="#[71]">__arm_2d_rgb565_sw_user_draw_circle</a> from lto-llvm-727e0c.o(.text.__arm_2d_rgb565_sw_user_draw_circle) referenced from lto-llvm-727e0c.o(.rodata.LOW_LEVEL_IO__ARM_2D_IO_USER_DRAW_CIRCLE_RGB565)
 <LI><a href="#[72]">__arm_2d_rgb565_sw_user_draw_line</a> from lto-llvm-727e0c.o(.text.__arm_2d_rgb565_sw_user_draw_line) referenced from lto-llvm-727e0c.o(.rodata.LOW_LEVEL_IO__ARM_2D_IO_USER_DRAW_LINE_RGB565)
 <LI><a href="#[5b]">__disp_adapter0_draw_navigation</a> from lto-llvm-727e0c.o(.text.__disp_adapter0_draw_navigation) referenced 2 times from lto-llvm-727e0c.o(.text.main)
 <LI><a href="#[63]">__disp_adapter0_pfb_render_handler</a> from lto-llvm-727e0c.o(.text.__disp_adapter0_pfb_render_handler) referenced from lto-llvm-727e0c.o(.rodata..L__const.__user_scene_player_init.tCFG)
 <LI><a href="#[4a]">__main</a> from __main.o(!!!main) referenced from startup_mh210x.o(.text)
 <LI><a href="#[64]">__on_each_frame_complete</a> from lto-llvm-727e0c.o(.text.__on_each_frame_complete) referenced from lto-llvm-727e0c.o(.rodata..L__const.__user_scene_player_init.tCFG)
 <LI><a href="#[5e]">__on_scene_user_defined_opcode_depose</a> from lto-llvm-727e0c.o(.text.__on_scene_user_defined_opcode_depose) referenced 2 times from lto-llvm-727e0c.o(.text.main)
 <LI><a href="#[60]">__on_scene_user_defined_opcode_frame_complete</a> from lto-llvm-727e0c.o(.text.__on_scene_user_defined_opcode_frame_complete) referenced 2 times from lto-llvm-727e0c.o(.text.main)
 <LI><a href="#[5f]">__on_scene_user_defined_opcode_frame_start</a> from lto-llvm-727e0c.o(.text.__on_scene_user_defined_opcode_frame_start) referenced 2 times from lto-llvm-727e0c.o(.text.main)
 <LI><a href="#[5d]">__on_scene_user_defined_opcode_load</a> from lto-llvm-727e0c.o(.text.__on_scene_user_defined_opcode_load) referenced 2 times from lto-llvm-727e0c.o(.text.main)
 <LI><a href="#[73]">__perf_counter_init</a> from lto-llvm-727e0c.o(.text.__perf_counter_init) referenced from lto-llvm-727e0c.o(.init_array)
 <LI><a href="#[61]">__pfb_draw_scene_background_handler</a> from lto-llvm-727e0c.o(.text.__pfb_draw_scene_background_handler) referenced 2 times from lto-llvm-727e0c.o(.text.main)
 <LI><a href="#[62]">__pfb_draw_scene_handler</a> from lto-llvm-727e0c.o(.text.__pfb_draw_scene_handler) referenced 4 times from lto-llvm-727e0c.o(.text.main)
 <LI><a href="#[5c]">__pfb_draw_scene_user_defined_opcode_handler</a> from lto-llvm-727e0c.o(.text.__pfb_draw_scene_user_defined_opcode_handler) referenced 2 times from lto-llvm-727e0c.o(.text.main)
 <LI><a href="#[4f]">_get_lc_ctype</a> from lc_ctype_c.o(locale$$code) referenced from rt_ctype_table.o(.text)
 <LI><a href="#[4e]">_printf_input_char</a> from _printf_char_common.o(.text) referenced from _printf_char_common.o(.text)
 <LI><a href="#[4d]">_snputc</a> from _snputc.o(.text) referenced from vsnprintf.o(.text)
 <LI><a href="#[4b]">perfc_port_insert_to_system_timer_insert_ovf_handler</a> from lto-llvm-727e0c.o(.text.perfc_port_insert_to_system_timer_insert_ovf_handler) referenced from systick_wrapper_gnu_1.o(.text)
</UL>
<P>
<H3>
Global Symbols
</H3>
<P><STRONG><a name="[4a]"></a>__main</STRONG> (Thumb, 8 bytes, Stack size 0 bytes, __main.o(!!!main))
<BR><BR>[Calls]<UL><LI><a href="#[76]">&gt;&gt;</a>&nbsp;&nbsp;&nbsp;__rt_entry
<LI><a href="#[75]">&gt;&gt;</a>&nbsp;&nbsp;&nbsp;__scatterload
</UL>
<BR>[Address Reference Count : 1]<UL><LI> startup_mh210x.o(.text)
</UL>
<P><STRONG><a name="[75]"></a>__scatterload</STRONG> (Thumb, 0 bytes, Stack size unknown bytes, __scatter.o(!!!scatter))
<BR><BR>[Called By]<UL><LI><a href="#[4a]">&gt;&gt;</a>&nbsp;&nbsp;&nbsp;__main
</UL>

<P><STRONG><a name="[77]"></a>__scatterload_rt2</STRONG> (Thumb, 84 bytes, Stack size unknown bytes, __scatter.o(!!!scatter), UNUSED)
<BR><BR>[Calls]<UL><LI><a href="#[76]">&gt;&gt;</a>&nbsp;&nbsp;&nbsp;__rt_entry
</UL>

<P><STRONG><a name="[15e]"></a>__scatterload_rt2_thumb_only</STRONG> (Thumb, 0 bytes, Stack size unknown bytes, __scatter.o(!!!scatter), UNUSED)

<P><STRONG><a name="[15f]"></a>__scatterload_loop</STRONG> (Thumb, 0 bytes, Stack size unknown bytes, __scatter.o(!!!scatter), UNUSED)

<P><STRONG><a name="[78]"></a>__scatterload_copy</STRONG> (Thumb, 26 bytes, Stack size unknown bytes, __scatter_copy.o(!!handler_copy), UNUSED)
<BR><BR>[Calls]<UL><LI><a href="#[78]">&gt;&gt;</a>&nbsp;&nbsp;&nbsp;__scatterload_copy
</UL>
<BR>[Called By]<UL><LI><a href="#[78]">&gt;&gt;</a>&nbsp;&nbsp;&nbsp;__scatterload_copy
</UL>

<P><STRONG><a name="[160]"></a>__scatterload_null</STRONG> (Thumb, 2 bytes, Stack size unknown bytes, __scatter.o(!!handler_null), UNUSED)

<P><STRONG><a name="[161]"></a>__scatterload_zeroinit</STRONG> (Thumb, 28 bytes, Stack size unknown bytes, __scatter_zi.o(!!handler_zi), UNUSED)

<P><STRONG><a name="[79]"></a>_printf_n</STRONG> (Thumb, 0 bytes, Stack size unknown bytes, _printf_n.o(.ARM.Collect$$_printf_percent$$00000001))
<BR><BR>[Calls]<UL><LI><a href="#[7a]">&gt;&gt;</a>&nbsp;&nbsp;&nbsp;_printf_charcount
</UL>

<P><STRONG><a name="[c9]"></a>_printf_percent</STRONG> (Thumb, 0 bytes, Stack size unknown bytes, _printf_percent.o(.ARM.Collect$$_printf_percent$$00000000))
<BR><BR>[Called By]<UL><LI><a href="#[c2]">&gt;&gt;</a>&nbsp;&nbsp;&nbsp;__printf
</UL>

<P><STRONG><a name="[7b]"></a>_printf_p</STRONG> (Thumb, 0 bytes, Stack size unknown bytes, _printf_p.o(.ARM.Collect$$_printf_percent$$00000002))
<BR><BR>[Stack]<UL><LI>Max Depth = 64 + Unknown Stack Size
<LI>Call Chain = _printf_p &rArr; _printf_hex_ptr &rArr; _printf_longlong_hex &rArr; _printf_int_common &rArr; _printf_post_padding
</UL>
<BR>[Calls]<UL><LI><a href="#[7c]">&gt;&gt;</a>&nbsp;&nbsp;&nbsp;_printf_hex_ptr
</UL>

<P><STRONG><a name="[7d]"></a>_printf_f</STRONG> (Thumb, 0 bytes, Stack size unknown bytes, _printf_f.o(.ARM.Collect$$_printf_percent$$00000003))
<BR><BR>[Stack]<UL><LI>Max Depth = 324 + Unknown Stack Size
<LI>Call Chain = _printf_f &rArr; _printf_fp_dec &rArr; _printf_fp_dec_real &rArr; _fp_digits &rArr; _btod_etento &rArr; _btod_emul &rArr; _e2e
</UL>
<BR>[Calls]<UL><LI><a href="#[7e]">&gt;&gt;</a>&nbsp;&nbsp;&nbsp;_printf_fp_dec
</UL>

<P><STRONG><a name="[7f]"></a>_printf_e</STRONG> (Thumb, 0 bytes, Stack size unknown bytes, _printf_e.o(.ARM.Collect$$_printf_percent$$00000004))
<BR><BR>[Stack]<UL><LI>Max Depth = 324 + Unknown Stack Size
<LI>Call Chain = _printf_e &rArr; _printf_fp_dec &rArr; _printf_fp_dec_real &rArr; _fp_digits &rArr; _btod_etento &rArr; _btod_emul &rArr; _e2e
</UL>
<BR>[Calls]<UL><LI><a href="#[7e]">&gt;&gt;</a>&nbsp;&nbsp;&nbsp;_printf_fp_dec
</UL>

<P><STRONG><a name="[80]"></a>_printf_g</STRONG> (Thumb, 0 bytes, Stack size unknown bytes, _printf_g.o(.ARM.Collect$$_printf_percent$$00000005))
<BR><BR>[Stack]<UL><LI>Max Depth = 324 + Unknown Stack Size
<LI>Call Chain = _printf_g &rArr; _printf_fp_dec &rArr; _printf_fp_dec_real &rArr; _fp_digits &rArr; _btod_etento &rArr; _btod_emul &rArr; _e2e
</UL>
<BR>[Calls]<UL><LI><a href="#[7e]">&gt;&gt;</a>&nbsp;&nbsp;&nbsp;_printf_fp_dec
</UL>

<P><STRONG><a name="[81]"></a>_printf_a</STRONG> (Thumb, 0 bytes, Stack size unknown bytes, _printf_a.o(.ARM.Collect$$_printf_percent$$00000006))
<BR><BR>[Stack]<UL><LI>Max Depth = 112 + Unknown Stack Size
<LI>Call Chain = _printf_a &rArr; _printf_fp_hex &rArr; _printf_fp_hex_real &rArr; _printf_fp_infnan &rArr; _printf_post_padding
</UL>
<BR>[Calls]<UL><LI><a href="#[82]">&gt;&gt;</a>&nbsp;&nbsp;&nbsp;_printf_fp_hex
</UL>

<P><STRONG><a name="[162]"></a>_printf_ll</STRONG> (Thumb, 0 bytes, Stack size unknown bytes, _printf_ll.o(.ARM.Collect$$_printf_percent$$00000007))

<P><STRONG><a name="[83]"></a>_printf_i</STRONG> (Thumb, 0 bytes, Stack size unknown bytes, _printf_i.o(.ARM.Collect$$_printf_percent$$00000008))
<BR><BR>[Stack]<UL><LI>Max Depth = 72 + Unknown Stack Size
<LI>Call Chain = _printf_i &rArr; _printf_int_dec &rArr; _printf_int_common &rArr; _printf_post_padding
</UL>
<BR>[Calls]<UL><LI><a href="#[84]">&gt;&gt;</a>&nbsp;&nbsp;&nbsp;_printf_int_dec
</UL>

<P><STRONG><a name="[85]"></a>_printf_d</STRONG> (Thumb, 0 bytes, Stack size unknown bytes, _printf_d.o(.ARM.Collect$$_printf_percent$$00000009))
<BR><BR>[Stack]<UL><LI>Max Depth = 72 + Unknown Stack Size
<LI>Call Chain = _printf_d &rArr; _printf_int_dec &rArr; _printf_int_common &rArr; _printf_post_padding
</UL>
<BR>[Calls]<UL><LI><a href="#[84]">&gt;&gt;</a>&nbsp;&nbsp;&nbsp;_printf_int_dec
</UL>

<P><STRONG><a name="[86]"></a>_printf_u</STRONG> (Thumb, 0 bytes, Stack size unknown bytes, _printf_u.o(.ARM.Collect$$_printf_percent$$0000000A))
<BR><BR>[Stack]<UL><LI>Max Depth = 72 + Unknown Stack Size
<LI>Call Chain = _printf_u &rArr; _printf_int_dec &rArr; _printf_int_common &rArr; _printf_post_padding
</UL>
<BR>[Calls]<UL><LI><a href="#[84]">&gt;&gt;</a>&nbsp;&nbsp;&nbsp;_printf_int_dec
</UL>

<P><STRONG><a name="[87]"></a>_printf_o</STRONG> (Thumb, 0 bytes, Stack size unknown bytes, _printf_o.o(.ARM.Collect$$_printf_percent$$0000000B))
<BR><BR>[Stack]<UL><LI>Max Depth = 64 + Unknown Stack Size
<LI>Call Chain = _printf_o &rArr; _printf_int_oct &rArr; _printf_longlong_oct &rArr; _printf_int_common &rArr; _printf_post_padding
</UL>
<BR>[Calls]<UL><LI><a href="#[88]">&gt;&gt;</a>&nbsp;&nbsp;&nbsp;_printf_int_oct
</UL>

<P><STRONG><a name="[89]"></a>_printf_x</STRONG> (Thumb, 0 bytes, Stack size unknown bytes, _printf_x.o(.ARM.Collect$$_printf_percent$$0000000C))
<BR><BR>[Stack]<UL><LI>Max Depth = 80 + Unknown Stack Size
<LI>Call Chain = _printf_x &rArr; _printf_int_hex &rArr; _printf_longlong_hex &rArr; _printf_int_common &rArr; _printf_post_padding
</UL>
<BR>[Calls]<UL><LI><a href="#[8a]">&gt;&gt;</a>&nbsp;&nbsp;&nbsp;_printf_int_hex
</UL>

<P><STRONG><a name="[8b]"></a>_printf_lli</STRONG> (Thumb, 0 bytes, Stack size unknown bytes, _printf_lli.o(.ARM.Collect$$_printf_percent$$0000000D))
<BR><BR>[Stack]<UL><LI>Max Depth = 72 + Unknown Stack Size
<LI>Call Chain = _printf_lli &rArr; _printf_longlong_dec &rArr; _printf_int_common &rArr; _printf_post_padding
</UL>
<BR>[Calls]<UL><LI><a href="#[8c]">&gt;&gt;</a>&nbsp;&nbsp;&nbsp;_printf_longlong_dec
</UL>

<P><STRONG><a name="[8d]"></a>_printf_lld</STRONG> (Thumb, 0 bytes, Stack size unknown bytes, _printf_lld.o(.ARM.Collect$$_printf_percent$$0000000E))
<BR><BR>[Stack]<UL><LI>Max Depth = 72 + Unknown Stack Size
<LI>Call Chain = _printf_lld &rArr; _printf_longlong_dec &rArr; _printf_int_common &rArr; _printf_post_padding
</UL>
<BR>[Calls]<UL><LI><a href="#[8c]">&gt;&gt;</a>&nbsp;&nbsp;&nbsp;_printf_longlong_dec
</UL>

<P><STRONG><a name="[8e]"></a>_printf_llu</STRONG> (Thumb, 0 bytes, Stack size unknown bytes, _printf_llu.o(.ARM.Collect$$_printf_percent$$0000000F))
<BR><BR>[Stack]<UL><LI>Max Depth = 72 + Unknown Stack Size
<LI>Call Chain = _printf_llu &rArr; _printf_longlong_dec &rArr; _printf_int_common &rArr; _printf_post_padding
</UL>
<BR>[Calls]<UL><LI><a href="#[8c]">&gt;&gt;</a>&nbsp;&nbsp;&nbsp;_printf_longlong_dec
</UL>

<P><STRONG><a name="[8f]"></a>_printf_llo</STRONG> (Thumb, 0 bytes, Stack size unknown bytes, _printf_llo.o(.ARM.Collect$$_printf_percent$$00000010))
<BR><BR>[Stack]<UL><LI>Max Depth = 56 + Unknown Stack Size
<LI>Call Chain = _printf_llo &rArr; _printf_ll_oct &rArr; _printf_longlong_oct &rArr; _printf_int_common &rArr; _printf_post_padding
</UL>
<BR>[Calls]<UL><LI><a href="#[90]">&gt;&gt;</a>&nbsp;&nbsp;&nbsp;_printf_ll_oct
</UL>

<P><STRONG><a name="[91]"></a>_printf_llx</STRONG> (Thumb, 0 bytes, Stack size unknown bytes, _printf_llx.o(.ARM.Collect$$_printf_percent$$00000011))
<BR><BR>[Stack]<UL><LI>Max Depth = 64 + Unknown Stack Size
<LI>Call Chain = _printf_llx &rArr; _printf_ll_hex &rArr; _printf_longlong_hex &rArr; _printf_int_common &rArr; _printf_post_padding
</UL>
<BR>[Calls]<UL><LI><a href="#[92]">&gt;&gt;</a>&nbsp;&nbsp;&nbsp;_printf_ll_hex
</UL>

<P><STRONG><a name="[163]"></a>_printf_l</STRONG> (Thumb, 0 bytes, Stack size unknown bytes, _printf_l.o(.ARM.Collect$$_printf_percent$$00000012))

<P><STRONG><a name="[93]"></a>_printf_c</STRONG> (Thumb, 0 bytes, Stack size unknown bytes, _printf_c.o(.ARM.Collect$$_printf_percent$$00000013))
<BR><BR>[Stack]<UL><LI>Max Depth = 40 + Unknown Stack Size
<LI>Call Chain = _printf_c &rArr; _printf_char &rArr; _printf_cs_common &rArr; _printf_str &rArr; _printf_post_padding
</UL>
<BR>[Calls]<UL><LI><a href="#[94]">&gt;&gt;</a>&nbsp;&nbsp;&nbsp;_printf_char
</UL>

<P><STRONG><a name="[95]"></a>_printf_s</STRONG> (Thumb, 0 bytes, Stack size unknown bytes, _printf_s.o(.ARM.Collect$$_printf_percent$$00000014))
<BR><BR>[Stack]<UL><LI>Max Depth = 40 + Unknown Stack Size
<LI>Call Chain = _printf_s &rArr; _printf_string &rArr; _printf_cs_common &rArr; _printf_str &rArr; _printf_post_padding
</UL>
<BR>[Calls]<UL><LI><a href="#[96]">&gt;&gt;</a>&nbsp;&nbsp;&nbsp;_printf_string
</UL>

<P><STRONG><a name="[97]"></a>_printf_lc</STRONG> (Thumb, 0 bytes, Stack size unknown bytes, _printf_lc.o(.ARM.Collect$$_printf_percent$$00000015))
<BR><BR>[Stack]<UL><LI>Max Depth = 88 + Unknown Stack Size
<LI>Call Chain = _printf_lc &rArr; _printf_wchar &rArr; _printf_lcs_common &rArr; _printf_wctomb &rArr; _wcrtomb
</UL>
<BR>[Calls]<UL><LI><a href="#[98]">&gt;&gt;</a>&nbsp;&nbsp;&nbsp;_printf_wchar
</UL>

<P><STRONG><a name="[99]"></a>_printf_ls</STRONG> (Thumb, 0 bytes, Stack size unknown bytes, _printf_ls.o(.ARM.Collect$$_printf_percent$$00000016))
<BR><BR>[Stack]<UL><LI>Max Depth = 88 + Unknown Stack Size
<LI>Call Chain = _printf_ls &rArr; _printf_wstring &rArr; _printf_lcs_common &rArr; _printf_wctomb &rArr; _wcrtomb
</UL>
<BR>[Calls]<UL><LI><a href="#[9a]">&gt;&gt;</a>&nbsp;&nbsp;&nbsp;_printf_wstring
</UL>

<P><STRONG><a name="[164]"></a>_printf_percent_end</STRONG> (Thumb, 0 bytes, Stack size unknown bytes, _printf_percent_end.o(.ARM.Collect$$_printf_percent$$00000017))

<P><STRONG><a name="[a8]"></a>__rt_lib_init</STRONG> (Thumb, 0 bytes, Stack size unknown bytes, libinit.o(.ARM.Collect$$libinit$$00000000))
<BR><BR>[Called By]<UL><LI><a href="#[a7]">&gt;&gt;</a>&nbsp;&nbsp;&nbsp;__rt_entry_li
</UL>

<P><STRONG><a name="[165]"></a>__rt_lib_init_fp_1</STRONG> (Thumb, 0 bytes, Stack size unknown bytes, libinit2.o(.ARM.Collect$$libinit$$00000002))

<P><STRONG><a name="[9b]"></a>__rt_lib_init_heap_2</STRONG> (Thumb, 0 bytes, Stack size unknown bytes, libinit2.o(.ARM.Collect$$libinit$$00000007))
<BR><BR>[Stack]<UL><LI>Max Depth = 56 + Unknown Stack Size
<LI>Call Chain = __rt_lib_init_heap_2 &rArr; _init_alloc &rArr; __rt_SIGRTMEM &rArr; __rt_SIGRTMEM_inner &rArr; __default_signal_display
</UL>
<BR>[Calls]<UL><LI><a href="#[9c]">&gt;&gt;</a>&nbsp;&nbsp;&nbsp;_init_alloc
</UL>

<P><STRONG><a name="[166]"></a>__rt_lib_init_preinit_1</STRONG> (Thumb, 0 bytes, Stack size unknown bytes, libinit2.o(.ARM.Collect$$libinit$$00000006))

<P><STRONG><a name="[167]"></a>__rt_lib_init_relocate_pie_1</STRONG> (Thumb, 0 bytes, Stack size unknown bytes, libinit2.o(.ARM.Collect$$libinit$$00000004))

<P><STRONG><a name="[168]"></a>__rt_lib_init_heap_1</STRONG> (Thumb, 0 bytes, Stack size unknown bytes, libinit2.o(.ARM.Collect$$libinit$$0000000C))

<P><STRONG><a name="[9d]"></a>__rt_lib_init_rand_2</STRONG> (Thumb, 0 bytes, Stack size unknown bytes, libinit2.o(.ARM.Collect$$libinit$$0000000F))
<BR><BR>[Stack]<UL><LI>Max Depth = 8 + Unknown Stack Size
<LI>Call Chain = __rt_lib_init_rand_2 &rArr; _rand_init &rArr; srand
</UL>
<BR>[Calls]<UL><LI><a href="#[9e]">&gt;&gt;</a>&nbsp;&nbsp;&nbsp;_rand_init
</UL>

<P><STRONG><a name="[169]"></a>__rt_lib_init_user_alloc_1</STRONG> (Thumb, 0 bytes, Stack size unknown bytes, libinit2.o(.ARM.Collect$$libinit$$0000000E))

<P><STRONG><a name="[9f]"></a>__rt_lib_init_lc_common</STRONG> (Thumb, 0 bytes, Stack size unknown bytes, libinit2.o(.ARM.Collect$$libinit$$00000011))
<BR><BR>[Calls]<UL><LI><a href="#[a0]">&gt;&gt;</a>&nbsp;&nbsp;&nbsp;__rt_locale
</UL>

<P><STRONG><a name="[16a]"></a>__rt_lib_init_rand_1</STRONG> (Thumb, 0 bytes, Stack size unknown bytes, libinit2.o(.ARM.Collect$$libinit$$00000010))

<P><STRONG><a name="[16b]"></a>__rt_lib_init_lc_collate_1</STRONG> (Thumb, 0 bytes, Stack size unknown bytes, libinit2.o(.ARM.Collect$$libinit$$00000013))

<P><STRONG><a name="[a1]"></a>__rt_lib_init_lc_ctype_2</STRONG> (Thumb, 0 bytes, Stack size unknown bytes, libinit2.o(.ARM.Collect$$libinit$$00000014))
<BR><BR>[Stack]<UL><LI>Max Depth = 8 + Unknown Stack Size
<LI>Call Chain = __rt_lib_init_lc_ctype_2 &rArr; _get_lc_ctype
</UL>
<BR>[Calls]<UL><LI><a href="#[4f]">&gt;&gt;</a>&nbsp;&nbsp;&nbsp;_get_lc_ctype
</UL>

<P><STRONG><a name="[16c]"></a>__rt_lib_init_lc_ctype_1</STRONG> (Thumb, 0 bytes, Stack size unknown bytes, libinit2.o(.ARM.Collect$$libinit$$00000015))

<P><STRONG><a name="[16d]"></a>__rt_lib_init_lc_monetary_1</STRONG> (Thumb, 0 bytes, Stack size unknown bytes, libinit2.o(.ARM.Collect$$libinit$$00000017))

<P><STRONG><a name="[a2]"></a>__rt_lib_init_lc_numeric_2</STRONG> (Thumb, 0 bytes, Stack size unknown bytes, libinit2.o(.ARM.Collect$$libinit$$00000018))
<BR><BR>[Stack]<UL><LI>Max Depth = 8 + Unknown Stack Size
<LI>Call Chain = __rt_lib_init_lc_numeric_2 &rArr; _get_lc_numeric
</UL>
<BR>[Calls]<UL><LI><a href="#[a3]">&gt;&gt;</a>&nbsp;&nbsp;&nbsp;_get_lc_numeric
</UL>

<P><STRONG><a name="[16e]"></a>__rt_lib_init_alloca_1</STRONG> (Thumb, 0 bytes, Stack size unknown bytes, libinit2.o(.ARM.Collect$$libinit$$00000030))

<P><STRONG><a name="[16f]"></a>__rt_lib_init_argv_1</STRONG> (Thumb, 0 bytes, Stack size unknown bytes, libinit2.o(.ARM.Collect$$libinit$$0000002E))

<P><STRONG><a name="[170]"></a>__rt_lib_init_atexit_1</STRONG> (Thumb, 0 bytes, Stack size unknown bytes, libinit2.o(.ARM.Collect$$libinit$$0000001D))

<P><STRONG><a name="[171]"></a>__rt_lib_init_clock_1</STRONG> (Thumb, 0 bytes, Stack size unknown bytes, libinit2.o(.ARM.Collect$$libinit$$00000023))

<P><STRONG><a name="[a4]"></a>__rt_lib_init_cpp_2</STRONG> (Thumb, 0 bytes, Stack size unknown bytes, libinit2.o(.ARM.Collect$$libinit$$00000033))
<BR><BR>[Stack]<UL><LI>Max Depth = 24 + Unknown Stack Size
<LI>Call Chain = __rt_lib_init_cpp_2 &rArr; __cpp_initialize__aeabi_
</UL>
<BR>[Calls]<UL><LI><a href="#[74]">&gt;&gt;</a>&nbsp;&nbsp;&nbsp;__cpp_initialize__aeabi_
</UL>

<P><STRONG><a name="[172]"></a>__rt_lib_init_exceptions_1</STRONG> (Thumb, 0 bytes, Stack size unknown bytes, libinit2.o(.ARM.Collect$$libinit$$00000032))

<P><STRONG><a name="[173]"></a>__rt_lib_init_fp_trap_1</STRONG> (Thumb, 0 bytes, Stack size unknown bytes, libinit2.o(.ARM.Collect$$libinit$$00000021))

<P><STRONG><a name="[174]"></a>__rt_lib_init_getenv_1</STRONG> (Thumb, 0 bytes, Stack size unknown bytes, libinit2.o(.ARM.Collect$$libinit$$00000025))

<P><STRONG><a name="[175]"></a>__rt_lib_init_lc_numeric_1</STRONG> (Thumb, 0 bytes, Stack size unknown bytes, libinit2.o(.ARM.Collect$$libinit$$00000019))

<P><STRONG><a name="[176]"></a>__rt_lib_init_lc_time_1</STRONG> (Thumb, 0 bytes, Stack size unknown bytes, libinit2.o(.ARM.Collect$$libinit$$0000001B))

<P><STRONG><a name="[177]"></a>__rt_lib_init_signal_1</STRONG> (Thumb, 0 bytes, Stack size unknown bytes, libinit2.o(.ARM.Collect$$libinit$$0000001F))

<P><STRONG><a name="[178]"></a>__rt_lib_init_stdio_1</STRONG> (Thumb, 0 bytes, Stack size unknown bytes, libinit2.o(.ARM.Collect$$libinit$$00000027))

<P><STRONG><a name="[179]"></a>__rt_lib_init_cpp_1</STRONG> (Thumb, 0 bytes, Stack size unknown bytes, libinit2.o(.ARM.Collect$$libinit$$00000034))

<P><STRONG><a name="[17a]"></a>__rt_lib_init_return</STRONG> (Thumb, 0 bytes, Stack size unknown bytes, libinit2.o(.ARM.Collect$$libinit$$00000035))

<P><STRONG><a name="[ad]"></a>__rt_lib_shutdown</STRONG> (Thumb, 0 bytes, Stack size unknown bytes, libshutdown.o(.ARM.Collect$$libshutdown$$00000000))
<BR><BR>[Called By]<UL><LI><a href="#[ac]">&gt;&gt;</a>&nbsp;&nbsp;&nbsp;__rt_exit_ls
</UL>

<P><STRONG><a name="[17b]"></a>__rt_lib_shutdown_cpp_1</STRONG> (Thumb, 0 bytes, Stack size unknown bytes, libshutdown2.o(.ARM.Collect$$libshutdown$$00000002))

<P><STRONG><a name="[17c]"></a>__rt_lib_shutdown_fp_trap_1</STRONG> (Thumb, 0 bytes, Stack size unknown bytes, libshutdown2.o(.ARM.Collect$$libshutdown$$00000007))

<P><STRONG><a name="[17d]"></a>__rt_lib_shutdown_heap_1</STRONG> (Thumb, 0 bytes, Stack size unknown bytes, libshutdown2.o(.ARM.Collect$$libshutdown$$0000000F))

<P><STRONG><a name="[17e]"></a>__rt_lib_shutdown_return</STRONG> (Thumb, 0 bytes, Stack size unknown bytes, libshutdown2.o(.ARM.Collect$$libshutdown$$00000010))

<P><STRONG><a name="[17f]"></a>__rt_lib_shutdown_signal_1</STRONG> (Thumb, 0 bytes, Stack size unknown bytes, libshutdown2.o(.ARM.Collect$$libshutdown$$0000000A))

<P><STRONG><a name="[180]"></a>__rt_lib_shutdown_stdio_1</STRONG> (Thumb, 0 bytes, Stack size unknown bytes, libshutdown2.o(.ARM.Collect$$libshutdown$$00000004))

<P><STRONG><a name="[181]"></a>__rt_lib_shutdown_user_alloc_1</STRONG> (Thumb, 0 bytes, Stack size unknown bytes, libshutdown2.o(.ARM.Collect$$libshutdown$$0000000C))

<P><STRONG><a name="[76]"></a>__rt_entry</STRONG> (Thumb, 0 bytes, Stack size unknown bytes, __rtentry.o(.ARM.Collect$$rtentry$$00000000))
<BR><BR>[Called By]<UL><LI><a href="#[4a]">&gt;&gt;</a>&nbsp;&nbsp;&nbsp;__main
<LI><a href="#[77]">&gt;&gt;</a>&nbsp;&nbsp;&nbsp;__scatterload_rt2
</UL>

<P><STRONG><a name="[182]"></a>__rt_entry_presh_1</STRONG> (Thumb, 0 bytes, Stack size unknown bytes, __rtentry2.o(.ARM.Collect$$rtentry$$00000002))

<P><STRONG><a name="[a5]"></a>__rt_entry_sh</STRONG> (Thumb, 0 bytes, Stack size unknown bytes, __rtentry4.o(.ARM.Collect$$rtentry$$00000004))
<BR><BR>[Stack]<UL><LI>Max Depth = 8 + Unknown Stack Size
<LI>Call Chain = __rt_entry_sh &rArr; __user_setup_stackheap
</UL>
<BR>[Calls]<UL><LI><a href="#[a6]">&gt;&gt;</a>&nbsp;&nbsp;&nbsp;__user_setup_stackheap
</UL>

<P><STRONG><a name="[a7]"></a>__rt_entry_li</STRONG> (Thumb, 0 bytes, Stack size unknown bytes, __rtentry2.o(.ARM.Collect$$rtentry$$0000000A))
<BR><BR>[Calls]<UL><LI><a href="#[a8]">&gt;&gt;</a>&nbsp;&nbsp;&nbsp;__rt_lib_init
</UL>

<P><STRONG><a name="[183]"></a>__rt_entry_postsh_1</STRONG> (Thumb, 0 bytes, Stack size unknown bytes, __rtentry2.o(.ARM.Collect$$rtentry$$00000009))

<P><STRONG><a name="[a9]"></a>__rt_entry_main</STRONG> (Thumb, 0 bytes, Stack size unknown bytes, __rtentry2.o(.ARM.Collect$$rtentry$$0000000D))
<BR><BR>[Stack]<UL><LI>Max Depth = 1408 + Unknown Stack Size
<LI>Call Chain = __rt_entry_main &rArr; main &rArr; arm_2d_helper_pfb_task &rArr; arm_2d_helper_draw_box &rArr; arm_2dp_rgb565_fill_colour_with_opacity &rArr; __arm_2d_op_invoke &rArr; __tile_clipped_pave &rArr; __arm_2d_region_calculator &rArr; __arm_2d_issue_sub_task_copy_origin_masks &rArr; __arm_2d_sub_task_depose &rArr; __depose_virtual_resource &rArr; __arm_2d_tile_get_1st_derived_child_or_root &rArr; arm_2d_region_intersect
</UL>
<BR>[Calls]<UL><LI><a href="#[aa]">&gt;&gt;</a>&nbsp;&nbsp;&nbsp;main
<LI><a href="#[ab]">&gt;&gt;</a>&nbsp;&nbsp;&nbsp;exit
</UL>

<P><STRONG><a name="[184]"></a>__rt_entry_postli_1</STRONG> (Thumb, 0 bytes, Stack size unknown bytes, __rtentry2.o(.ARM.Collect$$rtentry$$0000000C))

<P><STRONG><a name="[db]"></a>__rt_exit</STRONG> (Thumb, 0 bytes, Stack size unknown bytes, rtexit.o(.ARM.Collect$$rtexit$$00000000))
<BR><BR>[Called By]<UL><LI><a href="#[ab]">&gt;&gt;</a>&nbsp;&nbsp;&nbsp;exit
</UL>

<P><STRONG><a name="[ac]"></a>__rt_exit_ls</STRONG> (Thumb, 0 bytes, Stack size unknown bytes, rtexit2.o(.ARM.Collect$$rtexit$$00000003))
<BR><BR>[Calls]<UL><LI><a href="#[ad]">&gt;&gt;</a>&nbsp;&nbsp;&nbsp;__rt_lib_shutdown
</UL>

<P><STRONG><a name="[185]"></a>__rt_exit_prels_1</STRONG> (Thumb, 0 bytes, Stack size unknown bytes, rtexit2.o(.ARM.Collect$$rtexit$$00000002))

<P><STRONG><a name="[186]"></a>__rt_exit_exit</STRONG> (Thumb, 0 bytes, Stack size unknown bytes, rtexit2.o(.ARM.Collect$$rtexit$$00000004))

<P><STRONG><a name="[127]"></a>rand</STRONG> (Thumb, 48 bytes, Stack size 0 bytes, rand.o(.emb_text))
<BR><BR>[Called By]<UL><LI><a href="#[5f]">&gt;&gt;</a>&nbsp;&nbsp;&nbsp;__on_scene_user_defined_opcode_frame_start
</UL>

<P><STRONG><a name="[187]"></a>BOOT_RAM</STRONG> (Thumb, 8 bytes, Stack size 0 bytes, startup_mh210x.o(.text), UNUSED)

<P><STRONG><a name="[0]"></a>Reset_Handler</STRONG> (Thumb, 8 bytes, Stack size 0 bytes, startup_mh210x.o(.text))
<BR>[Address Reference Count : 1]<UL><LI> startup_mh210x.o(RESET)
</UL>
<P><STRONG><a name="[4]"></a>BusFault_Handler</STRONG> (Thumb, 2 bytes, Stack size 0 bytes, startup_mh210x.o(.text))
<BR><BR>[Calls]<UL><LI><a href="#[4]">&gt;&gt;</a>&nbsp;&nbsp;&nbsp;BusFault_Handler
</UL>
<BR>[Called By]<UL><LI><a href="#[4]">&gt;&gt;</a>&nbsp;&nbsp;&nbsp;BusFault_Handler
</UL>
<BR>[Address Reference Count : 1]<UL><LI> startup_mh210x.o(RESET)
</UL>
<P><STRONG><a name="[1c]"></a>ADC1_2_IRQHandler</STRONG> (Thumb, 0 bytes, Stack size 0 bytes, startup_mh210x.o(.text))
<BR><BR>[Calls]<UL><LI><a href="#[1c]">&gt;&gt;</a>&nbsp;&nbsp;&nbsp;ADC1_2_IRQHandler
</UL>
<BR>[Called By]<UL><LI><a href="#[1c]">&gt;&gt;</a>&nbsp;&nbsp;&nbsp;ADC1_2_IRQHandler
</UL>
<BR>[Address Reference Count : 1]<UL><LI> startup_mh210x.o(RESET)
</UL>
<P><STRONG><a name="[39]"></a>ADC3_IRQHandler</STRONG> (Thumb, 0 bytes, Stack size 0 bytes, startup_mh210x.o(.text))
<BR>[Address Reference Count : 1]<UL><LI> startup_mh210x.o(RESET)
</UL>
<P><STRONG><a name="[1f]"></a>CAN1_RX1_IRQHandler</STRONG> (Thumb, 0 bytes, Stack size 0 bytes, startup_mh210x.o(.text))
<BR>[Address Reference Count : 1]<UL><LI> startup_mh210x.o(RESET)
</UL>
<P><STRONG><a name="[20]"></a>CAN1_SCE_IRQHandler</STRONG> (Thumb, 0 bytes, Stack size 0 bytes, startup_mh210x.o(.text))
<BR>[Address Reference Count : 1]<UL><LI> startup_mh210x.o(RESET)
</UL>
<P><STRONG><a name="[15]"></a>DMA1_Channel1_IRQHandler</STRONG> (Thumb, 0 bytes, Stack size 0 bytes, startup_mh210x.o(.text))
<BR>[Address Reference Count : 1]<UL><LI> startup_mh210x.o(RESET)
</UL>
<P><STRONG><a name="[16]"></a>DMA1_Channel2_IRQHandler</STRONG> (Thumb, 0 bytes, Stack size 0 bytes, startup_mh210x.o(.text))
<BR>[Address Reference Count : 1]<UL><LI> startup_mh210x.o(RESET)
</UL>
<P><STRONG><a name="[17]"></a>DMA1_Channel3_IRQHandler</STRONG> (Thumb, 0 bytes, Stack size 0 bytes, startup_mh210x.o(.text))
<BR>[Address Reference Count : 1]<UL><LI> startup_mh210x.o(RESET)
</UL>
<P><STRONG><a name="[18]"></a>DMA1_Channel4_IRQHandler</STRONG> (Thumb, 0 bytes, Stack size 0 bytes, startup_mh210x.o(.text))
<BR>[Address Reference Count : 1]<UL><LI> startup_mh210x.o(RESET)
</UL>
<P><STRONG><a name="[19]"></a>DMA1_Channel5_IRQHandler</STRONG> (Thumb, 0 bytes, Stack size 0 bytes, startup_mh210x.o(.text))
<BR>[Address Reference Count : 1]<UL><LI> startup_mh210x.o(RESET)
</UL>
<P><STRONG><a name="[1a]"></a>DMA1_Channel6_IRQHandler</STRONG> (Thumb, 0 bytes, Stack size 0 bytes, startup_mh210x.o(.text))
<BR>[Address Reference Count : 1]<UL><LI> startup_mh210x.o(RESET)
</UL>
<P><STRONG><a name="[1b]"></a>DMA1_Channel7_IRQHandler</STRONG> (Thumb, 0 bytes, Stack size 0 bytes, startup_mh210x.o(.text))
<BR>[Address Reference Count : 1]<UL><LI> startup_mh210x.o(RESET)
</UL>
<P><STRONG><a name="[42]"></a>DMA2_Channel1_IRQHandler</STRONG> (Thumb, 0 bytes, Stack size 0 bytes, startup_mh210x.o(.text))
<BR>[Address Reference Count : 1]<UL><LI> startup_mh210x.o(RESET)
</UL>
<P><STRONG><a name="[43]"></a>DMA2_Channel2_IRQHandler</STRONG> (Thumb, 0 bytes, Stack size 0 bytes, startup_mh210x.o(.text))
<BR>[Address Reference Count : 1]<UL><LI> startup_mh210x.o(RESET)
</UL>
<P><STRONG><a name="[44]"></a>DMA2_Channel3_IRQHandler</STRONG> (Thumb, 0 bytes, Stack size 0 bytes, startup_mh210x.o(.text))
<BR>[Address Reference Count : 1]<UL><LI> startup_mh210x.o(RESET)
</UL>
<P><STRONG><a name="[45]"></a>DMA2_Channel4_5_IRQHandler</STRONG> (Thumb, 0 bytes, Stack size 0 bytes, startup_mh210x.o(.text))
<BR>[Address Reference Count : 1]<UL><LI> startup_mh210x.o(RESET)
</UL>
<P><STRONG><a name="[10]"></a>EXTI0_IRQHandler</STRONG> (Thumb, 0 bytes, Stack size 0 bytes, startup_mh210x.o(.text))
<BR>[Address Reference Count : 1]<UL><LI> startup_mh210x.o(RESET)
</UL>
<P><STRONG><a name="[32]"></a>EXTI15_10_IRQHandler</STRONG> (Thumb, 0 bytes, Stack size 0 bytes, startup_mh210x.o(.text))
<BR>[Address Reference Count : 1]<UL><LI> startup_mh210x.o(RESET)
</UL>
<P><STRONG><a name="[11]"></a>EXTI1_IRQHandler</STRONG> (Thumb, 0 bytes, Stack size 0 bytes, startup_mh210x.o(.text))
<BR>[Address Reference Count : 1]<UL><LI> startup_mh210x.o(RESET)
</UL>
<P><STRONG><a name="[12]"></a>EXTI2_IRQHandler</STRONG> (Thumb, 0 bytes, Stack size 0 bytes, startup_mh210x.o(.text))
<BR>[Address Reference Count : 1]<UL><LI> startup_mh210x.o(RESET)
</UL>
<P><STRONG><a name="[13]"></a>EXTI3_IRQHandler</STRONG> (Thumb, 0 bytes, Stack size 0 bytes, startup_mh210x.o(.text))
<BR>[Address Reference Count : 1]<UL><LI> startup_mh210x.o(RESET)
</UL>
<P><STRONG><a name="[14]"></a>EXTI4_IRQHandler</STRONG> (Thumb, 0 bytes, Stack size 0 bytes, startup_mh210x.o(.text))
<BR>[Address Reference Count : 1]<UL><LI> startup_mh210x.o(RESET)
</UL>
<P><STRONG><a name="[21]"></a>EXTI9_5_IRQHandler</STRONG> (Thumb, 0 bytes, Stack size 0 bytes, startup_mh210x.o(.text))
<BR>[Address Reference Count : 1]<UL><LI> startup_mh210x.o(RESET)
</UL>
<P><STRONG><a name="[e]"></a>FLASH_IRQHandler</STRONG> (Thumb, 0 bytes, Stack size 0 bytes, startup_mh210x.o(.text))
<BR>[Address Reference Count : 1]<UL><LI> startup_mh210x.o(RESET)
</UL>
<P><STRONG><a name="[3a]"></a>FSMC_IRQHandler</STRONG> (Thumb, 0 bytes, Stack size 0 bytes, startup_mh210x.o(.text))
<BR>[Address Reference Count : 1]<UL><LI> startup_mh210x.o(RESET)
</UL>
<P><STRONG><a name="[2a]"></a>I2C1_ER_IRQHandler</STRONG> (Thumb, 0 bytes, Stack size 0 bytes, startup_mh210x.o(.text))
<BR>[Address Reference Count : 1]<UL><LI> startup_mh210x.o(RESET)
</UL>
<P><STRONG><a name="[29]"></a>I2C1_EV_IRQHandler</STRONG> (Thumb, 0 bytes, Stack size 0 bytes, startup_mh210x.o(.text))
<BR>[Address Reference Count : 1]<UL><LI> startup_mh210x.o(RESET)
</UL>
<P><STRONG><a name="[2c]"></a>I2C2_ER_IRQHandler</STRONG> (Thumb, 0 bytes, Stack size 0 bytes, startup_mh210x.o(.text))
<BR>[Address Reference Count : 1]<UL><LI> startup_mh210x.o(RESET)
</UL>
<P><STRONG><a name="[2b]"></a>I2C2_EV_IRQHandler</STRONG> (Thumb, 0 bytes, Stack size 0 bytes, startup_mh210x.o(.text))
<BR>[Address Reference Count : 1]<UL><LI> startup_mh210x.o(RESET)
</UL>
<P><STRONG><a name="[b]"></a>PVD_IRQHandler</STRONG> (Thumb, 0 bytes, Stack size 0 bytes, startup_mh210x.o(.text))
<BR>[Address Reference Count : 1]<UL><LI> startup_mh210x.o(RESET)
</UL>
<P><STRONG><a name="[f]"></a>RCC_IRQHandler</STRONG> (Thumb, 0 bytes, Stack size 0 bytes, startup_mh210x.o(.text))
<BR>[Address Reference Count : 1]<UL><LI> startup_mh210x.o(RESET)
</UL>
<P><STRONG><a name="[47]"></a>RNG_IRQHandler</STRONG> (Thumb, 0 bytes, Stack size 0 bytes, startup_mh210x.o(.text))
<BR>[Address Reference Count : 1]<UL><LI> startup_mh210x.o(RESET)
</UL>
<P><STRONG><a name="[33]"></a>RTCAlarm_IRQHandler</STRONG> (Thumb, 0 bytes, Stack size 0 bytes, startup_mh210x.o(.text))
<BR>[Address Reference Count : 1]<UL><LI> startup_mh210x.o(RESET)
</UL>
<P><STRONG><a name="[3b]"></a>SDIO_IRQHandler</STRONG> (Thumb, 0 bytes, Stack size 0 bytes, startup_mh210x.o(.text))
<BR>[Address Reference Count : 1]<UL><LI> startup_mh210x.o(RESET)
</UL>
<P><STRONG><a name="[48]"></a>SENSOR_IRQHandler</STRONG> (Thumb, 0 bytes, Stack size 0 bytes, startup_mh210x.o(.text))
<BR>[Address Reference Count : 1]<UL><LI> startup_mh210x.o(RESET)
</UL>
<P><STRONG><a name="[2d]"></a>SPI1_IRQHandler</STRONG> (Thumb, 0 bytes, Stack size 0 bytes, startup_mh210x.o(.text))
<BR>[Address Reference Count : 1]<UL><LI> startup_mh210x.o(RESET)
</UL>
<P><STRONG><a name="[2e]"></a>SPI2_IRQHandler</STRONG> (Thumb, 0 bytes, Stack size 0 bytes, startup_mh210x.o(.text))
<BR>[Address Reference Count : 1]<UL><LI> startup_mh210x.o(RESET)
</UL>
<P><STRONG><a name="[3d]"></a>SPI3_IRQHandler</STRONG> (Thumb, 0 bytes, Stack size 0 bytes, startup_mh210x.o(.text))
<BR>[Address Reference Count : 1]<UL><LI> startup_mh210x.o(RESET)
</UL>
<P><STRONG><a name="[46]"></a>SYMC_IRQHandler</STRONG> (Thumb, 0 bytes, Stack size 0 bytes, startup_mh210x.o(.text))
<BR>[Address Reference Count : 1]<UL><LI> startup_mh210x.o(RESET)
</UL>
<P><STRONG><a name="[c]"></a>TAMPER_IRQHandler</STRONG> (Thumb, 0 bytes, Stack size 0 bytes, startup_mh210x.o(.text))
<BR>[Address Reference Count : 1]<UL><LI> startup_mh210x.o(RESET)
</UL>
<P><STRONG><a name="[22]"></a>TIM1_BRK_TIM9_IRQHandler</STRONG> (Thumb, 0 bytes, Stack size 0 bytes, startup_mh210x.o(.text))
<BR>[Address Reference Count : 1]<UL><LI> startup_mh210x.o(RESET)
</UL>
<P><STRONG><a name="[25]"></a>TIM1_CC_IRQHandler</STRONG> (Thumb, 0 bytes, Stack size 0 bytes, startup_mh210x.o(.text))
<BR>[Address Reference Count : 1]<UL><LI> startup_mh210x.o(RESET)
</UL>
<P><STRONG><a name="[24]"></a>TIM1_TRG_COM_TIM11_IRQHandler</STRONG> (Thumb, 0 bytes, Stack size 0 bytes, startup_mh210x.o(.text))
<BR>[Address Reference Count : 1]<UL><LI> startup_mh210x.o(RESET)
</UL>
<P><STRONG><a name="[23]"></a>TIM1_UP_TIM10_IRQHandler</STRONG> (Thumb, 0 bytes, Stack size 0 bytes, startup_mh210x.o(.text))
<BR>[Address Reference Count : 1]<UL><LI> startup_mh210x.o(RESET)
</UL>
<P><STRONG><a name="[28]"></a>TIM4_IRQHandler</STRONG> (Thumb, 0 bytes, Stack size 0 bytes, startup_mh210x.o(.text))
<BR>[Address Reference Count : 1]<UL><LI> startup_mh210x.o(RESET)
</UL>
<P><STRONG><a name="[3c]"></a>TIM5_IRQHandler</STRONG> (Thumb, 0 bytes, Stack size 0 bytes, startup_mh210x.o(.text))
<BR>[Address Reference Count : 1]<UL><LI> startup_mh210x.o(RESET)
</UL>
<P><STRONG><a name="[40]"></a>TIM6_IRQHandler</STRONG> (Thumb, 0 bytes, Stack size 0 bytes, startup_mh210x.o(.text))
<BR>[Address Reference Count : 1]<UL><LI> startup_mh210x.o(RESET)
</UL>
<P><STRONG><a name="[41]"></a>TIM7_IRQHandler</STRONG> (Thumb, 0 bytes, Stack size 0 bytes, startup_mh210x.o(.text))
<BR>[Address Reference Count : 1]<UL><LI> startup_mh210x.o(RESET)
</UL>
<P><STRONG><a name="[35]"></a>TIM8_BRK_TIM12_IRQHandler</STRONG> (Thumb, 0 bytes, Stack size 0 bytes, startup_mh210x.o(.text))
<BR>[Address Reference Count : 1]<UL><LI> startup_mh210x.o(RESET)
</UL>
<P><STRONG><a name="[38]"></a>TIM8_CC_IRQHandler</STRONG> (Thumb, 0 bytes, Stack size 0 bytes, startup_mh210x.o(.text))
<BR>[Address Reference Count : 1]<UL><LI> startup_mh210x.o(RESET)
</UL>
<P><STRONG><a name="[37]"></a>TIM8_TRG_COM_TIM14_IRQHandler</STRONG> (Thumb, 0 bytes, Stack size 0 bytes, startup_mh210x.o(.text))
<BR>[Address Reference Count : 1]<UL><LI> startup_mh210x.o(RESET)
</UL>
<P><STRONG><a name="[36]"></a>TIM8_UP_TIM13_IRQHandler</STRONG> (Thumb, 0 bytes, Stack size 0 bytes, startup_mh210x.o(.text))
<BR>[Address Reference Count : 1]<UL><LI> startup_mh210x.o(RESET)
</UL>
<P><STRONG><a name="[3e]"></a>UART4_IRQHandler</STRONG> (Thumb, 0 bytes, Stack size 0 bytes, startup_mh210x.o(.text))
<BR>[Address Reference Count : 1]<UL><LI> startup_mh210x.o(RESET)
</UL>
<P><STRONG><a name="[3f]"></a>UART5_IRQHandler</STRONG> (Thumb, 0 bytes, Stack size 0 bytes, startup_mh210x.o(.text))
<BR>[Address Reference Count : 1]<UL><LI> startup_mh210x.o(RESET)
</UL>
<P><STRONG><a name="[30]"></a>USART2_IRQHandler</STRONG> (Thumb, 0 bytes, Stack size 0 bytes, startup_mh210x.o(.text))
<BR>[Address Reference Count : 1]<UL><LI> startup_mh210x.o(RESET)
</UL>
<P><STRONG><a name="[34]"></a>USBWakeUp_IRQHandler</STRONG> (Thumb, 0 bytes, Stack size 0 bytes, startup_mh210x.o(.text))
<BR>[Address Reference Count : 1]<UL><LI> startup_mh210x.o(RESET)
</UL>
<P><STRONG><a name="[1d]"></a>USB_HP_CAN1_TX_IRQHandler</STRONG> (Thumb, 0 bytes, Stack size 0 bytes, startup_mh210x.o(.text))
<BR>[Address Reference Count : 1]<UL><LI> startup_mh210x.o(RESET)
</UL>
<P><STRONG><a name="[1e]"></a>USB_LP_CAN1_RX0_IRQHandler</STRONG> (Thumb, 0 bytes, Stack size 0 bytes, startup_mh210x.o(.text))
<BR>[Address Reference Count : 1]<UL><LI> startup_mh210x.o(RESET)
</UL>
<P><STRONG><a name="[a]"></a>WWDG_IRQHandler</STRONG> (Thumb, 0 bytes, Stack size 0 bytes, startup_mh210x.o(.text))
<BR>[Address Reference Count : 1]<UL><LI> startup_mh210x.o(RESET)
</UL>
<P><STRONG><a name="[da]"></a>__user_initial_stackheap</STRONG> (Thumb, 0 bytes, Stack size unknown bytes, startup_mh210x.o(.text))
<BR><BR>[Called By]<UL><LI><a href="#[a6]">&gt;&gt;</a>&nbsp;&nbsp;&nbsp;__user_setup_stackheap
</UL>

<P><STRONG><a name="[9]"></a>SysTick_Handler</STRONG> (Thumb, 0 bytes, Stack size unknown bytes, systick_wrapper_gnu_1.o(.text))
<BR>[Address Reference Count : 1]<UL><LI> startup_mh210x.o(RESET)
</UL>
<P><STRONG><a name="[188]"></a>__ensure_systick_wrapper</STRONG> (Thumb, 0 bytes, Stack size unknown bytes, systick_wrapper_gnu_1.o(.text), UNUSED)

<P><STRONG><a name="[137]"></a>MH_RCC_PLLConfig</STRONG> (Thumb, 236 bytes, Stack size 32 bytes, mh.o(.text))
<BR><BR>[Stack]<UL><LI>Max Depth = 32<LI>Call Chain = MH_RCC_PLLConfig
</UL>
<BR>[Called By]<UL><LI><a href="#[aa]">&gt;&gt;</a>&nbsp;&nbsp;&nbsp;main
</UL>

<P><STRONG><a name="[189]"></a>MH_LSE_DriveConfig</STRONG> (Thumb, 74 bytes, Stack size 0 bytes, mh.o(.text), UNUSED)

<P><STRONG><a name="[18a]"></a>MH_PLL_SelLockConfig</STRONG> (Thumb, 128 bytes, Stack size 0 bytes, mh.o(.text), UNUSED)

<P><STRONG><a name="[18b]"></a>MH_PLL_CpConfig</STRONG> (Thumb, 96 bytes, Stack size 0 bytes, mh.o(.text), UNUSED)

<P><STRONG><a name="[18c]"></a>MH_FLASH_FastProgramPage</STRONG> (Thumb, 374 bytes, Stack size 56 bytes, mh.o(.text), UNUSED)

<P><STRONG><a name="[18d]"></a>__use_no_semihosting</STRONG> (Thumb, 2 bytes, Stack size 0 bytes, use_no_semi_2.o(.text), UNUSED)

<P><STRONG><a name="[ae]"></a>malloc</STRONG> (Thumb, 94 bytes, Stack size 16 bytes, h1_alloc.o(.text))
<BR><BR>[Stack]<UL><LI>Max Depth = 48<LI>Call Chain = malloc &rArr; __Heap_Full &rArr; __Heap_ProvideMemory &rArr; free
</UL>
<BR>[Calls]<UL><LI><a href="#[b0]">&gt;&gt;</a>&nbsp;&nbsp;&nbsp;__Heap_Full
<LI><a href="#[af]">&gt;&gt;</a>&nbsp;&nbsp;&nbsp;__rt_heap_descriptor
</UL>
<BR>[Called By]<UL><LI><a href="#[aa]">&gt;&gt;</a>&nbsp;&nbsp;&nbsp;main
<LI><a href="#[eb]">&gt;&gt;</a>&nbsp;&nbsp;&nbsp;__arm_2d_helper_dirty_region_pool_new
</UL>

<P><STRONG><a name="[b1]"></a>free</STRONG> (Thumb, 78 bytes, Stack size 16 bytes, h1_free.o(.text))
<BR><BR>[Stack]<UL><LI>Max Depth = 16<LI>Call Chain = free
</UL>
<BR>[Calls]<UL><LI><a href="#[af]">&gt;&gt;</a>&nbsp;&nbsp;&nbsp;__rt_heap_descriptor
</UL>
<BR>[Called By]<UL><LI><a href="#[12e]">&gt;&gt;</a>&nbsp;&nbsp;&nbsp;arm_2d_helper_dirty_region_depose
<LI><a href="#[5e]">&gt;&gt;</a>&nbsp;&nbsp;&nbsp;__on_scene_user_defined_opcode_depose
<LI><a href="#[ea]">&gt;&gt;</a>&nbsp;&nbsp;&nbsp;__arm_2d_helper_dirty_region_pool_free
<LI><a href="#[b5]">&gt;&gt;</a>&nbsp;&nbsp;&nbsp;__Heap_ProvideMemory
</UL>

<P><STRONG><a name="[b2]"></a>vsnprintf</STRONG> (Thumb, 56 bytes, Stack size 24 bytes, vsnprintf.o(.text))
<BR><BR>[Stack]<UL><LI>Max Depth = 128 + Unknown Stack Size
<LI>Call Chain = vsnprintf &rArr; _printf_char_common &rArr; __printf
</UL>
<BR>[Calls]<UL><LI><a href="#[b3]">&gt;&gt;</a>&nbsp;&nbsp;&nbsp;_printf_char_common
</UL>
<BR>[Called By]<UL><LI><a href="#[11f]">&gt;&gt;</a>&nbsp;&nbsp;&nbsp;arm_lcd_printf
</UL>

<P><STRONG><a name="[b4]"></a>srand</STRONG> (Thumb, 42 bytes, Stack size 8 bytes, rand.o(.text))
<BR><BR>[Stack]<UL><LI>Max Depth = 8<LI>Call Chain = srand
</UL>
<BR>[Called By]<UL><LI><a href="#[9e]">&gt;&gt;</a>&nbsp;&nbsp;&nbsp;_rand_init
<LI><a href="#[5f]">&gt;&gt;</a>&nbsp;&nbsp;&nbsp;__on_scene_user_defined_opcode_frame_start
</UL>

<P><STRONG><a name="[9e]"></a>_rand_init</STRONG> (Thumb, 4 bytes, Stack size 0 bytes, rand.o(.text))
<BR><BR>[Stack]<UL><LI>Max Depth = 8<LI>Call Chain = _rand_init &rArr; srand
</UL>
<BR>[Calls]<UL><LI><a href="#[b4]">&gt;&gt;</a>&nbsp;&nbsp;&nbsp;srand
</UL>
<BR>[Called By]<UL><LI><a href="#[9d]">&gt;&gt;</a>&nbsp;&nbsp;&nbsp;__rt_lib_init_rand_2
</UL>

<P><STRONG><a name="[18e]"></a>__use_two_region_memory</STRONG> (Thumb, 2 bytes, Stack size 0 bytes, heapauxi.o(.text), UNUSED)

<P><STRONG><a name="[18f]"></a>__rt_heap_escrow</STRONG> (Thumb, 2 bytes, Stack size 0 bytes, heapauxi.o(.text), UNUSED)

<P><STRONG><a name="[190]"></a>__rt_heap_expand</STRONG> (Thumb, 2 bytes, Stack size 0 bytes, heapauxi.o(.text), UNUSED)

<P><STRONG><a name="[191]"></a>__semihosting$guard</STRONG> (Thumb, 0 bytes, Stack size 0 bytes, use_no_semi.o(.text), UNUSED)

<P><STRONG><a name="[192]"></a>__use_no_semihosting_swi</STRONG> (Thumb, 2 bytes, Stack size 0 bytes, use_no_semi.o(.text), UNUSED)

<P><STRONG><a name="[af]"></a>__rt_heap_descriptor</STRONG> (Thumb, 8 bytes, Stack size 0 bytes, rt_heap_descriptor_intlibspace.o(.text))
<BR><BR>[Called By]<UL><LI><a href="#[b1]">&gt;&gt;</a>&nbsp;&nbsp;&nbsp;free
<LI><a href="#[ae]">&gt;&gt;</a>&nbsp;&nbsp;&nbsp;malloc
<LI><a href="#[9c]">&gt;&gt;</a>&nbsp;&nbsp;&nbsp;_init_alloc
</UL>

<P><STRONG><a name="[193]"></a>__use_no_heap</STRONG> (Thumb, 2 bytes, Stack size 0 bytes, hguard.o(.text), UNUSED)

<P><STRONG><a name="[194]"></a>__heap$guard</STRONG> (Thumb, 2 bytes, Stack size 0 bytes, hguard.o(.text), UNUSED)

<P><STRONG><a name="[195]"></a>_terminate_user_alloc</STRONG> (Thumb, 2 bytes, Stack size 0 bytes, init_alloc.o(.text), UNUSED)

<P><STRONG><a name="[196]"></a>_init_user_alloc</STRONG> (Thumb, 2 bytes, Stack size 0 bytes, init_alloc.o(.text), UNUSED)

<P><STRONG><a name="[b0]"></a>__Heap_Full</STRONG> (Thumb, 34 bytes, Stack size 16 bytes, init_alloc.o(.text))
<BR><BR>[Stack]<UL><LI>Max Depth = 32<LI>Call Chain = __Heap_Full &rArr; __Heap_ProvideMemory &rArr; free
</UL>
<BR>[Calls]<UL><LI><a href="#[b5]">&gt;&gt;</a>&nbsp;&nbsp;&nbsp;__Heap_ProvideMemory
</UL>
<BR>[Called By]<UL><LI><a href="#[ae]">&gt;&gt;</a>&nbsp;&nbsp;&nbsp;malloc
</UL>

<P><STRONG><a name="[b6]"></a>__Heap_Broken</STRONG> (Thumb, 6 bytes, Stack size 0 bytes, init_alloc.o(.text), UNUSED)
<BR><BR>[Calls]<UL><LI><a href="#[b7]">&gt;&gt;</a>&nbsp;&nbsp;&nbsp;__rt_SIGRTMEM
</UL>

<P><STRONG><a name="[9c]"></a>_init_alloc</STRONG> (Thumb, 94 bytes, Stack size 24 bytes, init_alloc.o(.text))
<BR><BR>[Stack]<UL><LI>Max Depth = 56<LI>Call Chain = _init_alloc &rArr; __rt_SIGRTMEM &rArr; __rt_SIGRTMEM_inner &rArr; __default_signal_display
</UL>
<BR>[Calls]<UL><LI><a href="#[b8]">&gt;&gt;</a>&nbsp;&nbsp;&nbsp;__Heap_Initialize
<LI><a href="#[af]">&gt;&gt;</a>&nbsp;&nbsp;&nbsp;__rt_heap_descriptor
<LI><a href="#[b7]">&gt;&gt;</a>&nbsp;&nbsp;&nbsp;__rt_SIGRTMEM
<LI><a href="#[b5]">&gt;&gt;</a>&nbsp;&nbsp;&nbsp;__Heap_ProvideMemory
</UL>
<BR>[Called By]<UL><LI><a href="#[9b]">&gt;&gt;</a>&nbsp;&nbsp;&nbsp;__rt_lib_init_heap_2
</UL>

<P><STRONG><a name="[b8]"></a>__Heap_Initialize</STRONG> (Thumb, 8 bytes, Stack size 0 bytes, h1_init.o(.text))
<BR><BR>[Called By]<UL><LI><a href="#[9c]">&gt;&gt;</a>&nbsp;&nbsp;&nbsp;_init_alloc
</UL>

<P><STRONG><a name="[197]"></a>__Heap_DescSize</STRONG> (Thumb, 4 bytes, Stack size 0 bytes, h1_init.o(.text), UNUSED)

<P><STRONG><a name="[b9]"></a>__read_errno</STRONG> (Thumb, 10 bytes, Stack size 8 bytes, _rserrno.o(.text), UNUSED)
<BR><BR>[Calls]<UL><LI><a href="#[ba]">&gt;&gt;</a>&nbsp;&nbsp;&nbsp;__aeabi_errno_addr
</UL>

<P><STRONG><a name="[bb]"></a>__set_errno</STRONG> (Thumb, 12 bytes, Stack size 8 bytes, _rserrno.o(.text))
<BR><BR>[Stack]<UL><LI>Max Depth = 8<LI>Call Chain = __set_errno
</UL>
<BR>[Calls]<UL><LI><a href="#[ba]">&gt;&gt;</a>&nbsp;&nbsp;&nbsp;__aeabi_errno_addr
</UL>
<BR>[Called By]<UL><LI><a href="#[11b]">&gt;&gt;</a>&nbsp;&nbsp;&nbsp;lroundf
<LI><a href="#[116]">&gt;&gt;</a>&nbsp;&nbsp;&nbsp;sqrtf
</UL>

<P><STRONG><a name="[bd]"></a>_printf_pre_padding</STRONG> (Thumb, 44 bytes, Stack size 16 bytes, _printf_pad.o(.text))
<BR><BR>[Stack]<UL><LI>Max Depth = 16<LI>Call Chain = _printf_pre_padding
</UL>
<BR>[Called By]<UL><LI><a href="#[c3]">&gt;&gt;</a>&nbsp;&nbsp;&nbsp;_printf_wctomb
<LI><a href="#[bc]">&gt;&gt;</a>&nbsp;&nbsp;&nbsp;_printf_str
<LI><a href="#[d1]">&gt;&gt;</a>&nbsp;&nbsp;&nbsp;_printf_fp_infnan
<LI><a href="#[d2]">&gt;&gt;</a>&nbsp;&nbsp;&nbsp;_printf_fp_hex_real
<LI><a href="#[cf]">&gt;&gt;</a>&nbsp;&nbsp;&nbsp;_printf_fp_dec_real
<LI><a href="#[c1]">&gt;&gt;</a>&nbsp;&nbsp;&nbsp;_printf_int_common
</UL>

<P><STRONG><a name="[be]"></a>_printf_post_padding</STRONG> (Thumb, 34 bytes, Stack size 16 bytes, _printf_pad.o(.text))
<BR><BR>[Stack]<UL><LI>Max Depth = 16<LI>Call Chain = _printf_post_padding
</UL>
<BR>[Called By]<UL><LI><a href="#[c3]">&gt;&gt;</a>&nbsp;&nbsp;&nbsp;_printf_wctomb
<LI><a href="#[bc]">&gt;&gt;</a>&nbsp;&nbsp;&nbsp;_printf_str
<LI><a href="#[d1]">&gt;&gt;</a>&nbsp;&nbsp;&nbsp;_printf_fp_infnan
<LI><a href="#[d2]">&gt;&gt;</a>&nbsp;&nbsp;&nbsp;_printf_fp_hex_real
<LI><a href="#[cf]">&gt;&gt;</a>&nbsp;&nbsp;&nbsp;_printf_fp_dec_real
<LI><a href="#[c1]">&gt;&gt;</a>&nbsp;&nbsp;&nbsp;_printf_int_common
</UL>

<P><STRONG><a name="[bf]"></a>_printf_truncate_signed</STRONG> (Thumb, 18 bytes, Stack size 0 bytes, _printf_truncate.o(.text))
<BR><BR>[Called By]<UL><LI><a href="#[84]">&gt;&gt;</a>&nbsp;&nbsp;&nbsp;_printf_int_dec
</UL>

<P><STRONG><a name="[c0]"></a>_printf_truncate_unsigned</STRONG> (Thumb, 18 bytes, Stack size 0 bytes, _printf_truncate.o(.text))
<BR><BR>[Called By]<UL><LI><a href="#[8a]">&gt;&gt;</a>&nbsp;&nbsp;&nbsp;_printf_int_hex
<LI><a href="#[88]">&gt;&gt;</a>&nbsp;&nbsp;&nbsp;_printf_int_oct
<LI><a href="#[84]">&gt;&gt;</a>&nbsp;&nbsp;&nbsp;_printf_int_dec
</UL>

<P><STRONG><a name="[bc]"></a>_printf_str</STRONG> (Thumb, 82 bytes, Stack size 16 bytes, _printf_str.o(.text))
<BR><BR>[Stack]<UL><LI>Max Depth = 32<LI>Call Chain = _printf_str &rArr; _printf_post_padding
</UL>
<BR>[Calls]<UL><LI><a href="#[be]">&gt;&gt;</a>&nbsp;&nbsp;&nbsp;_printf_post_padding
<LI><a href="#[bd]">&gt;&gt;</a>&nbsp;&nbsp;&nbsp;_printf_pre_padding
</UL>
<BR>[Called By]<UL><LI><a href="#[d3]">&gt;&gt;</a>&nbsp;&nbsp;&nbsp;_printf_cs_common
</UL>

<P><STRONG><a name="[84]"></a>_printf_int_dec</STRONG> (Thumb, 104 bytes, Stack size 24 bytes, _printf_dec.o(.text))
<BR><BR>[Stack]<UL><LI>Max Depth = 72<LI>Call Chain = _printf_int_dec &rArr; _printf_int_common &rArr; _printf_post_padding
</UL>
<BR>[Calls]<UL><LI><a href="#[c0]">&gt;&gt;</a>&nbsp;&nbsp;&nbsp;_printf_truncate_unsigned
<LI><a href="#[bf]">&gt;&gt;</a>&nbsp;&nbsp;&nbsp;_printf_truncate_signed
<LI><a href="#[c1]">&gt;&gt;</a>&nbsp;&nbsp;&nbsp;_printf_int_common
</UL>
<BR>[Called By]<UL><LI><a href="#[86]">&gt;&gt;</a>&nbsp;&nbsp;&nbsp;_printf_u
<LI><a href="#[85]">&gt;&gt;</a>&nbsp;&nbsp;&nbsp;_printf_d
<LI><a href="#[83]">&gt;&gt;</a>&nbsp;&nbsp;&nbsp;_printf_i
</UL>

<P><STRONG><a name="[7a]"></a>_printf_charcount</STRONG> (Thumb, 40 bytes, Stack size 0 bytes, _printf_charcount.o(.text))
<BR><BR>[Called By]<UL><LI><a href="#[79]">&gt;&gt;</a>&nbsp;&nbsp;&nbsp;_printf_n
</UL>

<P><STRONG><a name="[b3]"></a>_printf_char_common</STRONG> (Thumb, 32 bytes, Stack size 64 bytes, _printf_char_common.o(.text))
<BR><BR>[Stack]<UL><LI>Max Depth = 104 + Unknown Stack Size
<LI>Call Chain = _printf_char_common &rArr; __printf
</UL>
<BR>[Calls]<UL><LI><a href="#[c2]">&gt;&gt;</a>&nbsp;&nbsp;&nbsp;__printf
</UL>
<BR>[Called By]<UL><LI><a href="#[b2]">&gt;&gt;</a>&nbsp;&nbsp;&nbsp;vsnprintf
</UL>

<P><STRONG><a name="[4d]"></a>_snputc</STRONG> (Thumb, 16 bytes, Stack size 0 bytes, _snputc.o(.text))
<BR>[Address Reference Count : 1]<UL><LI> vsnprintf.o(.text)
</UL>
<P><STRONG><a name="[c3]"></a>_printf_wctomb</STRONG> (Thumb, 182 bytes, Stack size 56 bytes, _printf_wctomb.o(.text))
<BR><BR>[Stack]<UL><LI>Max Depth = 80<LI>Call Chain = _printf_wctomb &rArr; _wcrtomb
</UL>
<BR>[Calls]<UL><LI><a href="#[be]">&gt;&gt;</a>&nbsp;&nbsp;&nbsp;_printf_post_padding
<LI><a href="#[bd]">&gt;&gt;</a>&nbsp;&nbsp;&nbsp;_printf_pre_padding
<LI><a href="#[c4]">&gt;&gt;</a>&nbsp;&nbsp;&nbsp;_wcrtomb
</UL>
<BR>[Called By]<UL><LI><a href="#[d4]">&gt;&gt;</a>&nbsp;&nbsp;&nbsp;_printf_lcs_common
</UL>

<P><STRONG><a name="[8c]"></a>_printf_longlong_dec</STRONG> (Thumb, 108 bytes, Stack size 24 bytes, _printf_longlong_dec.o(.text))
<BR><BR>[Stack]<UL><LI>Max Depth = 72<LI>Call Chain = _printf_longlong_dec &rArr; _printf_int_common &rArr; _printf_post_padding
</UL>
<BR>[Calls]<UL><LI><a href="#[c1]">&gt;&gt;</a>&nbsp;&nbsp;&nbsp;_printf_int_common
<LI><a href="#[c5]">&gt;&gt;</a>&nbsp;&nbsp;&nbsp;_ll_udiv10
</UL>
<BR>[Called By]<UL><LI><a href="#[8e]">&gt;&gt;</a>&nbsp;&nbsp;&nbsp;_printf_llu
<LI><a href="#[8d]">&gt;&gt;</a>&nbsp;&nbsp;&nbsp;_printf_lld
<LI><a href="#[8b]">&gt;&gt;</a>&nbsp;&nbsp;&nbsp;_printf_lli
</UL>

<P><STRONG><a name="[c6]"></a>_printf_longlong_oct</STRONG> (Thumb, 68 bytes, Stack size 8 bytes, _printf_oct_int_ll.o(.text))
<BR><BR>[Stack]<UL><LI>Max Depth = 56<LI>Call Chain = _printf_longlong_oct &rArr; _printf_int_common &rArr; _printf_post_padding
</UL>
<BR>[Calls]<UL><LI><a href="#[c1]">&gt;&gt;</a>&nbsp;&nbsp;&nbsp;_printf_int_common
</UL>
<BR>[Called By]<UL><LI><a href="#[90]">&gt;&gt;</a>&nbsp;&nbsp;&nbsp;_printf_ll_oct
<LI><a href="#[88]">&gt;&gt;</a>&nbsp;&nbsp;&nbsp;_printf_int_oct
</UL>

<P><STRONG><a name="[88]"></a>_printf_int_oct</STRONG> (Thumb, 24 bytes, Stack size 8 bytes, _printf_oct_int_ll.o(.text))
<BR><BR>[Stack]<UL><LI>Max Depth = 64<LI>Call Chain = _printf_int_oct &rArr; _printf_longlong_oct &rArr; _printf_int_common &rArr; _printf_post_padding
</UL>
<BR>[Calls]<UL><LI><a href="#[c6]">&gt;&gt;</a>&nbsp;&nbsp;&nbsp;_printf_longlong_oct
<LI><a href="#[c0]">&gt;&gt;</a>&nbsp;&nbsp;&nbsp;_printf_truncate_unsigned
</UL>
<BR>[Called By]<UL><LI><a href="#[87]">&gt;&gt;</a>&nbsp;&nbsp;&nbsp;_printf_o
</UL>

<P><STRONG><a name="[90]"></a>_printf_ll_oct</STRONG> (Thumb, 12 bytes, Stack size 0 bytes, _printf_oct_int_ll.o(.text))
<BR><BR>[Stack]<UL><LI>Max Depth = 56<LI>Call Chain = _printf_ll_oct &rArr; _printf_longlong_oct &rArr; _printf_int_common &rArr; _printf_post_padding
</UL>
<BR>[Calls]<UL><LI><a href="#[c6]">&gt;&gt;</a>&nbsp;&nbsp;&nbsp;_printf_longlong_oct
</UL>
<BR>[Called By]<UL><LI><a href="#[8f]">&gt;&gt;</a>&nbsp;&nbsp;&nbsp;_printf_llo
</UL>

<P><STRONG><a name="[c7]"></a>_printf_longlong_hex</STRONG> (Thumb, 86 bytes, Stack size 16 bytes, _printf_hex_int_ll_ptr.o(.text))
<BR><BR>[Stack]<UL><LI>Max Depth = 64<LI>Call Chain = _printf_longlong_hex &rArr; _printf_int_common &rArr; _printf_post_padding
</UL>
<BR>[Calls]<UL><LI><a href="#[c1]">&gt;&gt;</a>&nbsp;&nbsp;&nbsp;_printf_int_common
</UL>
<BR>[Called By]<UL><LI><a href="#[7c]">&gt;&gt;</a>&nbsp;&nbsp;&nbsp;_printf_hex_ptr
<LI><a href="#[92]">&gt;&gt;</a>&nbsp;&nbsp;&nbsp;_printf_ll_hex
<LI><a href="#[8a]">&gt;&gt;</a>&nbsp;&nbsp;&nbsp;_printf_int_hex
</UL>

<P><STRONG><a name="[8a]"></a>_printf_int_hex</STRONG> (Thumb, 28 bytes, Stack size 16 bytes, _printf_hex_int_ll_ptr.o(.text))
<BR><BR>[Stack]<UL><LI>Max Depth = 80<LI>Call Chain = _printf_int_hex &rArr; _printf_longlong_hex &rArr; _printf_int_common &rArr; _printf_post_padding
</UL>
<BR>[Calls]<UL><LI><a href="#[c7]">&gt;&gt;</a>&nbsp;&nbsp;&nbsp;_printf_longlong_hex
<LI><a href="#[c0]">&gt;&gt;</a>&nbsp;&nbsp;&nbsp;_printf_truncate_unsigned
</UL>
<BR>[Called By]<UL><LI><a href="#[89]">&gt;&gt;</a>&nbsp;&nbsp;&nbsp;_printf_x
</UL>

<P><STRONG><a name="[92]"></a>_printf_ll_hex</STRONG> (Thumb, 12 bytes, Stack size 0 bytes, _printf_hex_int_ll_ptr.o(.text))
<BR><BR>[Stack]<UL><LI>Max Depth = 64<LI>Call Chain = _printf_ll_hex &rArr; _printf_longlong_hex &rArr; _printf_int_common &rArr; _printf_post_padding
</UL>
<BR>[Calls]<UL><LI><a href="#[c7]">&gt;&gt;</a>&nbsp;&nbsp;&nbsp;_printf_longlong_hex
</UL>
<BR>[Called By]<UL><LI><a href="#[91]">&gt;&gt;</a>&nbsp;&nbsp;&nbsp;_printf_llx
</UL>

<P><STRONG><a name="[7c]"></a>_printf_hex_ptr</STRONG> (Thumb, 18 bytes, Stack size 0 bytes, _printf_hex_int_ll_ptr.o(.text))
<BR><BR>[Stack]<UL><LI>Max Depth = 64<LI>Call Chain = _printf_hex_ptr &rArr; _printf_longlong_hex &rArr; _printf_int_common &rArr; _printf_post_padding
</UL>
<BR>[Calls]<UL><LI><a href="#[c7]">&gt;&gt;</a>&nbsp;&nbsp;&nbsp;_printf_longlong_hex
</UL>
<BR>[Called By]<UL><LI><a href="#[7b]">&gt;&gt;</a>&nbsp;&nbsp;&nbsp;_printf_p
</UL>

<P><STRONG><a name="[c2]"></a>__printf</STRONG> (Thumb, 388 bytes, Stack size 40 bytes, __printf_flags_ss_wp.o(.text))
<BR><BR>[Stack]<UL><LI>Max Depth = 40 + Unknown Stack Size
<LI>Call Chain = __printf
</UL>
<BR>[Calls]<UL><LI><a href="#[c9]">&gt;&gt;</a>&nbsp;&nbsp;&nbsp;_printf_percent
<LI><a href="#[c8]">&gt;&gt;</a>&nbsp;&nbsp;&nbsp;_is_digit
</UL>
<BR>[Called By]<UL><LI><a href="#[b3]">&gt;&gt;</a>&nbsp;&nbsp;&nbsp;_printf_char_common
</UL>

<P><STRONG><a name="[13c]"></a>__aeabi_memcpy4</STRONG> (Thumb, 0 bytes, Stack size 8 bytes, rt_memcpy_w.o(.text))
<BR><BR>[Stack]<UL><LI>Max Depth = 8<LI>Call Chain = __aeabi_memcpy4
</UL>
<BR>[Called By]<UL><LI><a href="#[aa]">&gt;&gt;</a>&nbsp;&nbsp;&nbsp;main
</UL>

<P><STRONG><a name="[198]"></a>__aeabi_memcpy8</STRONG> (Thumb, 0 bytes, Stack size 8 bytes, rt_memcpy_w.o(.text), UNUSED)

<P><STRONG><a name="[199]"></a>__rt_memcpy_w</STRONG> (Thumb, 100 bytes, Stack size 8 bytes, rt_memcpy_w.o(.text), UNUSED)

<P><STRONG><a name="[19a]"></a>_memcpy_lastbytes_aligned</STRONG> (Thumb, 0 bytes, Stack size unknown bytes, rt_memcpy_w.o(.text), UNUSED)

<P><STRONG><a name="[19b]"></a>__user_libspace</STRONG> (Thumb, 8 bytes, Stack size 0 bytes, libspace.o(.text), UNUSED)

<P><STRONG><a name="[d9]"></a>__user_perproc_libspace</STRONG> (Thumb, 0 bytes, Stack size 0 bytes, libspace.o(.text))
<BR><BR>[Called By]<UL><LI><a href="#[a6]">&gt;&gt;</a>&nbsp;&nbsp;&nbsp;__user_setup_stackheap
</UL>

<P><STRONG><a name="[19c]"></a>__user_perthread_libspace</STRONG> (Thumb, 0 bytes, Stack size 0 bytes, libspace.o(.text), UNUSED)

<P><STRONG><a name="[ba]"></a>__aeabi_errno_addr</STRONG> (Thumb, 8 bytes, Stack size 0 bytes, rt_errno_addr_intlibspace.o(.text))
<BR><BR>[Called By]<UL><LI><a href="#[bb]">&gt;&gt;</a>&nbsp;&nbsp;&nbsp;__set_errno
<LI><a href="#[b9]">&gt;&gt;</a>&nbsp;&nbsp;&nbsp;__read_errno
</UL>

<P><STRONG><a name="[19d]"></a>__errno$intlibspace</STRONG> (Thumb, 0 bytes, Stack size 0 bytes, rt_errno_addr_intlibspace.o(.text), UNUSED)

<P><STRONG><a name="[19e]"></a>__rt_errno_addr$intlibspace</STRONG> (Thumb, 0 bytes, Stack size 0 bytes, rt_errno_addr_intlibspace.o(.text), UNUSED)

<P><STRONG><a name="[b5]"></a>__Heap_ProvideMemory</STRONG> (Thumb, 52 bytes, Stack size 0 bytes, h1_extend.o(.text))
<BR><BR>[Stack]<UL><LI>Max Depth = 16<LI>Call Chain = __Heap_ProvideMemory &rArr; free
</UL>
<BR>[Calls]<UL><LI><a href="#[b1]">&gt;&gt;</a>&nbsp;&nbsp;&nbsp;free
</UL>
<BR>[Called By]<UL><LI><a href="#[9c]">&gt;&gt;</a>&nbsp;&nbsp;&nbsp;_init_alloc
<LI><a href="#[b0]">&gt;&gt;</a>&nbsp;&nbsp;&nbsp;__Heap_Full
</UL>

<P><STRONG><a name="[19f]"></a>_maybe_terminate_alloc</STRONG> (Thumb, 0 bytes, Stack size 0 bytes, maybetermalloc1.o(.text), UNUSED)

<P><STRONG><a name="[c5]"></a>_ll_udiv10</STRONG> (Thumb, 138 bytes, Stack size 12 bytes, lludiv10.o(.text))
<BR><BR>[Stack]<UL><LI>Max Depth = 12<LI>Call Chain = _ll_udiv10
</UL>
<BR>[Called By]<UL><LI><a href="#[8c]">&gt;&gt;</a>&nbsp;&nbsp;&nbsp;_printf_longlong_dec
<LI><a href="#[ca]">&gt;&gt;</a>&nbsp;&nbsp;&nbsp;_fp_digits
</UL>

<P><STRONG><a name="[c1]"></a>_printf_int_common</STRONG> (Thumb, 178 bytes, Stack size 32 bytes, _printf_intcommon.o(.text))
<BR><BR>[Stack]<UL><LI>Max Depth = 48<LI>Call Chain = _printf_int_common &rArr; _printf_post_padding
</UL>
<BR>[Calls]<UL><LI><a href="#[be]">&gt;&gt;</a>&nbsp;&nbsp;&nbsp;_printf_post_padding
<LI><a href="#[bd]">&gt;&gt;</a>&nbsp;&nbsp;&nbsp;_printf_pre_padding
</UL>
<BR>[Called By]<UL><LI><a href="#[c7]">&gt;&gt;</a>&nbsp;&nbsp;&nbsp;_printf_longlong_hex
<LI><a href="#[c6]">&gt;&gt;</a>&nbsp;&nbsp;&nbsp;_printf_longlong_oct
<LI><a href="#[8c]">&gt;&gt;</a>&nbsp;&nbsp;&nbsp;_printf_longlong_dec
<LI><a href="#[84]">&gt;&gt;</a>&nbsp;&nbsp;&nbsp;_printf_int_dec
</UL>

<P><STRONG><a name="[cf]"></a>_printf_fp_dec_real</STRONG> (Thumb, 620 bytes, Stack size 104 bytes, _printf_fp_dec.o(.text))
<BR><BR>[Stack]<UL><LI>Max Depth = 324<LI>Call Chain = _printf_fp_dec_real &rArr; _fp_digits &rArr; _btod_etento &rArr; _btod_emul &rArr; _e2e
</UL>
<BR>[Calls]<UL><LI><a href="#[d0]">&gt;&gt;</a>&nbsp;&nbsp;&nbsp;__ARM_fpclassify
<LI><a href="#[be]">&gt;&gt;</a>&nbsp;&nbsp;&nbsp;_printf_post_padding
<LI><a href="#[bd]">&gt;&gt;</a>&nbsp;&nbsp;&nbsp;_printf_pre_padding
<LI><a href="#[d1]">&gt;&gt;</a>&nbsp;&nbsp;&nbsp;_printf_fp_infnan
<LI><a href="#[a0]">&gt;&gt;</a>&nbsp;&nbsp;&nbsp;__rt_locale
<LI><a href="#[ca]">&gt;&gt;</a>&nbsp;&nbsp;&nbsp;_fp_digits
</UL>
<BR>[Called By]<UL><LI><a href="#[7e]">&gt;&gt;</a>&nbsp;&nbsp;&nbsp;_printf_fp_dec
</UL>

<P><STRONG><a name="[d2]"></a>_printf_fp_hex_real</STRONG> (Thumb, 756 bytes, Stack size 72 bytes, _printf_fp_hex.o(.text))
<BR><BR>[Stack]<UL><LI>Max Depth = 112<LI>Call Chain = _printf_fp_hex_real &rArr; _printf_fp_infnan &rArr; _printf_post_padding
</UL>
<BR>[Calls]<UL><LI><a href="#[d0]">&gt;&gt;</a>&nbsp;&nbsp;&nbsp;__ARM_fpclassify
<LI><a href="#[be]">&gt;&gt;</a>&nbsp;&nbsp;&nbsp;_printf_post_padding
<LI><a href="#[bd]">&gt;&gt;</a>&nbsp;&nbsp;&nbsp;_printf_pre_padding
<LI><a href="#[d1]">&gt;&gt;</a>&nbsp;&nbsp;&nbsp;_printf_fp_infnan
</UL>
<BR>[Called By]<UL><LI><a href="#[82]">&gt;&gt;</a>&nbsp;&nbsp;&nbsp;_printf_fp_hex
</UL>

<P><STRONG><a name="[d3]"></a>_printf_cs_common</STRONG> (Thumb, 20 bytes, Stack size 8 bytes, _printf_char.o(.text))
<BR><BR>[Stack]<UL><LI>Max Depth = 40<LI>Call Chain = _printf_cs_common &rArr; _printf_str &rArr; _printf_post_padding
</UL>
<BR>[Calls]<UL><LI><a href="#[bc]">&gt;&gt;</a>&nbsp;&nbsp;&nbsp;_printf_str
</UL>
<BR>[Called By]<UL><LI><a href="#[96]">&gt;&gt;</a>&nbsp;&nbsp;&nbsp;_printf_string
<LI><a href="#[94]">&gt;&gt;</a>&nbsp;&nbsp;&nbsp;_printf_char
</UL>

<P><STRONG><a name="[94]"></a>_printf_char</STRONG> (Thumb, 16 bytes, Stack size 0 bytes, _printf_char.o(.text))
<BR><BR>[Stack]<UL><LI>Max Depth = 40<LI>Call Chain = _printf_char &rArr; _printf_cs_common &rArr; _printf_str &rArr; _printf_post_padding
</UL>
<BR>[Calls]<UL><LI><a href="#[d3]">&gt;&gt;</a>&nbsp;&nbsp;&nbsp;_printf_cs_common
</UL>
<BR>[Called By]<UL><LI><a href="#[93]">&gt;&gt;</a>&nbsp;&nbsp;&nbsp;_printf_c
</UL>

<P><STRONG><a name="[96]"></a>_printf_string</STRONG> (Thumb, 8 bytes, Stack size 0 bytes, _printf_char.o(.text))
<BR><BR>[Stack]<UL><LI>Max Depth = 40<LI>Call Chain = _printf_string &rArr; _printf_cs_common &rArr; _printf_str &rArr; _printf_post_padding
</UL>
<BR>[Calls]<UL><LI><a href="#[d3]">&gt;&gt;</a>&nbsp;&nbsp;&nbsp;_printf_cs_common
</UL>
<BR>[Called By]<UL><LI><a href="#[95]">&gt;&gt;</a>&nbsp;&nbsp;&nbsp;_printf_s
</UL>

<P><STRONG><a name="[d4]"></a>_printf_lcs_common</STRONG> (Thumb, 20 bytes, Stack size 8 bytes, _printf_wchar.o(.text))
<BR><BR>[Stack]<UL><LI>Max Depth = 88<LI>Call Chain = _printf_lcs_common &rArr; _printf_wctomb &rArr; _wcrtomb
</UL>
<BR>[Calls]<UL><LI><a href="#[c3]">&gt;&gt;</a>&nbsp;&nbsp;&nbsp;_printf_wctomb
</UL>
<BR>[Called By]<UL><LI><a href="#[9a]">&gt;&gt;</a>&nbsp;&nbsp;&nbsp;_printf_wstring
<LI><a href="#[98]">&gt;&gt;</a>&nbsp;&nbsp;&nbsp;_printf_wchar
</UL>

<P><STRONG><a name="[98]"></a>_printf_wchar</STRONG> (Thumb, 16 bytes, Stack size 0 bytes, _printf_wchar.o(.text))
<BR><BR>[Stack]<UL><LI>Max Depth = 88<LI>Call Chain = _printf_wchar &rArr; _printf_lcs_common &rArr; _printf_wctomb &rArr; _wcrtomb
</UL>
<BR>[Calls]<UL><LI><a href="#[d4]">&gt;&gt;</a>&nbsp;&nbsp;&nbsp;_printf_lcs_common
</UL>
<BR>[Called By]<UL><LI><a href="#[97]">&gt;&gt;</a>&nbsp;&nbsp;&nbsp;_printf_lc
</UL>

<P><STRONG><a name="[9a]"></a>_printf_wstring</STRONG> (Thumb, 8 bytes, Stack size 0 bytes, _printf_wchar.o(.text))
<BR><BR>[Stack]<UL><LI>Max Depth = 88<LI>Call Chain = _printf_wstring &rArr; _printf_lcs_common &rArr; _printf_wctomb &rArr; _wcrtomb
</UL>
<BR>[Calls]<UL><LI><a href="#[d4]">&gt;&gt;</a>&nbsp;&nbsp;&nbsp;_printf_lcs_common
</UL>
<BR>[Called By]<UL><LI><a href="#[99]">&gt;&gt;</a>&nbsp;&nbsp;&nbsp;_printf_ls
</UL>

<P><STRONG><a name="[d5]"></a>_c16rtomb</STRONG> (Thumb, 72 bytes, Stack size 24 bytes, _c16rtomb.o(.text), UNUSED)
<BR><BR>[Calls]<UL><LI><a href="#[d6]">&gt;&gt;</a>&nbsp;&nbsp;&nbsp;__rt_ctype_table
</UL>

<P><STRONG><a name="[c4]"></a>_wcrtomb</STRONG> (Thumb, 0 bytes, Stack size 24 bytes, _c16rtomb.o(.text))
<BR><BR>[Stack]<UL><LI>Max Depth = 24<LI>Call Chain = _wcrtomb
</UL>
<BR>[Called By]<UL><LI><a href="#[c3]">&gt;&gt;</a>&nbsp;&nbsp;&nbsp;_printf_wctomb
</UL>

<P><STRONG><a name="[b7]"></a>__rt_SIGRTMEM</STRONG> (Thumb, 14 bytes, Stack size 8 bytes, defsig_rtmem_outer.o(.text))
<BR><BR>[Stack]<UL><LI>Max Depth = 32<LI>Call Chain = __rt_SIGRTMEM &rArr; __rt_SIGRTMEM_inner &rArr; __default_signal_display
</UL>
<BR>[Calls]<UL><LI><a href="#[d7]">&gt;&gt;</a>&nbsp;&nbsp;&nbsp;__rt_SIGRTMEM_inner
<LI><a href="#[d8]">&gt;&gt;</a>&nbsp;&nbsp;&nbsp;__sig_exit
</UL>
<BR>[Called By]<UL><LI><a href="#[9c]">&gt;&gt;</a>&nbsp;&nbsp;&nbsp;_init_alloc
<LI><a href="#[b6]">&gt;&gt;</a>&nbsp;&nbsp;&nbsp;__Heap_Broken
</UL>

<P><STRONG><a name="[a6]"></a>__user_setup_stackheap</STRONG> (Thumb, 74 bytes, Stack size 8 bytes, sys_stackheap_outer.o(.text))
<BR><BR>[Stack]<UL><LI>Max Depth = 8 + Unknown Stack Size
<LI>Call Chain = __user_setup_stackheap
</UL>
<BR>[Calls]<UL><LI><a href="#[da]">&gt;&gt;</a>&nbsp;&nbsp;&nbsp;__user_initial_stackheap
<LI><a href="#[d9]">&gt;&gt;</a>&nbsp;&nbsp;&nbsp;__user_perproc_libspace
</UL>
<BR>[Called By]<UL><LI><a href="#[a5]">&gt;&gt;</a>&nbsp;&nbsp;&nbsp;__rt_entry_sh
</UL>

<P><STRONG><a name="[d6]"></a>__rt_ctype_table</STRONG> (Thumb, 16 bytes, Stack size 8 bytes, rt_ctype_table.o(.text), UNUSED)
<BR><BR>[Calls]<UL><LI><a href="#[a0]">&gt;&gt;</a>&nbsp;&nbsp;&nbsp;__rt_locale
</UL>
<BR>[Called By]<UL><LI><a href="#[d5]">&gt;&gt;</a>&nbsp;&nbsp;&nbsp;_c16rtomb
</UL>

<P><STRONG><a name="[a0]"></a>__rt_locale</STRONG> (Thumb, 8 bytes, Stack size 0 bytes, rt_locale_intlibspace.o(.text))
<BR><BR>[Called By]<UL><LI><a href="#[9f]">&gt;&gt;</a>&nbsp;&nbsp;&nbsp;__rt_lib_init_lc_common
<LI><a href="#[d6]">&gt;&gt;</a>&nbsp;&nbsp;&nbsp;__rt_ctype_table
<LI><a href="#[cf]">&gt;&gt;</a>&nbsp;&nbsp;&nbsp;_printf_fp_dec_real
</UL>

<P><STRONG><a name="[d1]"></a>_printf_fp_infnan</STRONG> (Thumb, 112 bytes, Stack size 24 bytes, _printf_fp_infnan.o(.text))
<BR><BR>[Stack]<UL><LI>Max Depth = 40<LI>Call Chain = _printf_fp_infnan &rArr; _printf_post_padding
</UL>
<BR>[Calls]<UL><LI><a href="#[be]">&gt;&gt;</a>&nbsp;&nbsp;&nbsp;_printf_post_padding
<LI><a href="#[bd]">&gt;&gt;</a>&nbsp;&nbsp;&nbsp;_printf_pre_padding
</UL>
<BR>[Called By]<UL><LI><a href="#[d2]">&gt;&gt;</a>&nbsp;&nbsp;&nbsp;_printf_fp_hex_real
<LI><a href="#[cf]">&gt;&gt;</a>&nbsp;&nbsp;&nbsp;_printf_fp_dec_real
</UL>

<P><STRONG><a name="[cb]"></a>_btod_etento</STRONG> (Thumb, 224 bytes, Stack size 72 bytes, bigflt0.o(.text))
<BR><BR>[Stack]<UL><LI>Max Depth = 124<LI>Call Chain = _btod_etento &rArr; _btod_emul &rArr; _e2e
</UL>
<BR>[Calls]<UL><LI><a href="#[ce]">&gt;&gt;</a>&nbsp;&nbsp;&nbsp;_btod_emul
<LI><a href="#[cd]">&gt;&gt;</a>&nbsp;&nbsp;&nbsp;_btod_ediv
</UL>
<BR>[Called By]<UL><LI><a href="#[ca]">&gt;&gt;</a>&nbsp;&nbsp;&nbsp;_fp_digits
</UL>

<P><STRONG><a name="[ab]"></a>exit</STRONG> (Thumb, 18 bytes, Stack size 8 bytes, exit.o(.text))
<BR><BR>[Stack]<UL><LI>Max Depth = 8 + Unknown Stack Size
<LI>Call Chain = exit
</UL>
<BR>[Calls]<UL><LI><a href="#[db]">&gt;&gt;</a>&nbsp;&nbsp;&nbsp;__rt_exit
</UL>
<BR>[Called By]<UL><LI><a href="#[a9]">&gt;&gt;</a>&nbsp;&nbsp;&nbsp;__rt_entry_main
</UL>

<P><STRONG><a name="[d8]"></a>__sig_exit</STRONG> (Thumb, 10 bytes, Stack size 0 bytes, defsig_exit.o(.text))
<BR><BR>[Calls]<UL><LI><a href="#[dc]">&gt;&gt;</a>&nbsp;&nbsp;&nbsp;_sys_exit
</UL>
<BR>[Called By]<UL><LI><a href="#[b7]">&gt;&gt;</a>&nbsp;&nbsp;&nbsp;__rt_SIGRTMEM
</UL>

<P><STRONG><a name="[d7]"></a>__rt_SIGRTMEM_inner</STRONG> (Thumb, 22 bytes, Stack size 8 bytes, defsig_rtmem_inner.o(.text))
<BR><BR>[Stack]<UL><LI>Max Depth = 24<LI>Call Chain = __rt_SIGRTMEM_inner &rArr; __default_signal_display
</UL>
<BR>[Calls]<UL><LI><a href="#[dd]">&gt;&gt;</a>&nbsp;&nbsp;&nbsp;__default_signal_display
</UL>
<BR>[Called By]<UL><LI><a href="#[b7]">&gt;&gt;</a>&nbsp;&nbsp;&nbsp;__rt_SIGRTMEM
</UL>

<P><STRONG><a name="[dd]"></a>__default_signal_display</STRONG> (Thumb, 50 bytes, Stack size 16 bytes, defsig_general.o(.text))
<BR><BR>[Stack]<UL><LI>Max Depth = 16<LI>Call Chain = __default_signal_display
</UL>
<BR>[Calls]<UL><LI><a href="#[de]">&gt;&gt;</a>&nbsp;&nbsp;&nbsp;_ttywrch
</UL>
<BR>[Called By]<UL><LI><a href="#[d7]">&gt;&gt;</a>&nbsp;&nbsp;&nbsp;__rt_SIGRTMEM_inner
</UL>

<P><STRONG><a name="[145]"></a>strcmp</STRONG> (Thumb, 128 bytes, Stack size 0 bytes, strcmpv7m.o(.text))
<BR><BR>[Called By]<UL><LI><a href="#[4f]">&gt;&gt;</a>&nbsp;&nbsp;&nbsp;_get_lc_ctype
<LI><a href="#[a3]">&gt;&gt;</a>&nbsp;&nbsp;&nbsp;_get_lc_numeric
</UL>

[...]
</UL>
<BR>[Calls]<UL><LI><a href="#[10b]">&gt;&gt;</a>&nbsp;&nbsp;&nbsp;__arm_2d_op_invoke
<LI><a href="#[103]">&gt;&gt;</a>&nbsp;&nbsp;&nbsp;__arm_2d_valid_mask
</UL>
<BR>[Called By]<UL><LI><a href="#[5c]">&gt;&gt;</a>&nbsp;&nbsp;&nbsp;__pfb_draw_scene_user_defined_opcode_handler
</UL>

<P><STRONG><a name="[11d]"></a>arm_2dp_rgb565_fill_colour_with_mask_and_opacity</STRONG> (Thumb, 114 bytes, Stack size 24 bytes, lto-llvm-727e0c.o(.text.arm_2dp_rgb565_fill_colour_with_mask_and_opacity))
<BR><BR>[Stack]<UL><LI>Max Depth = 1248 + Unknown Stack Size
<LI>Call Chain = arm_2dp_rgb565_fill_colour_with_mask_and_opacity &rArr; __arm_2d_op_invoke &rArr; __tile_clipped_pave &rArr; __arm_2d_region_calculator &rArr; __arm_2d_issue_sub_task_copy_origin_masks &rArr; __arm_2d_sub_task_depose &rArr; __depose_virtual_resource &rArr; __arm_2d_tile_get_1st_derived_child_or_root &rArr; arm_2d_region_intersect
</UL>
<BR>[Calls]<UL><LI><a href="#[10b]">&gt;&gt;</a>&nbsp;&nbsp;&nbsp;__arm_2d_op_invoke
<LI><a href="#[103]">&gt;&gt;</a>&nbsp;&nbsp;&nbsp;__arm_2d_valid_mask
</UL>
<BR>[Called By]<UL><LI><a href="#[5b]">&gt;&gt;</a>&nbsp;&nbsp;&nbsp;__disp_adapter0_draw_navigation
</UL>

<P><STRONG><a name="[67]"></a>__arm_2d_rgb16_sw_draw_pattern</STRONG> (Thumb, 580 bytes, Stack size 64 bytes, lto-llvm-727e0c.o(.text.__arm_2d_rgb16_sw_draw_pattern))
<BR><BR>[Stack]<UL><LI>Max Depth = 100<LI>Call Chain = __arm_2d_rgb16_sw_draw_pattern &rArr; __arm_2d_impl_rgb16_draw_pattern_fg_only
</UL>
<BR>[Calls]<UL><LI><a href="#[113]">&gt;&gt;</a>&nbsp;&nbsp;&nbsp;__arm_2d_impl_rgb16_draw_pattern_fg_only
</UL>
<BR>[Address Reference Count : 1]<UL><LI> lto-llvm-727e0c.o(.rodata.LOW_LEVEL_IO__ARM_2D_IO_DRAW_PATTERN_RGB16)
</UL>
<P><STRONG><a name="[6a]"></a>__arm_2d_c8bit_sw_colour_filling</STRONG> (Thumb, 86 bytes, Stack size 24 bytes, lto-llvm-727e0c.o(.text.__arm_2d_c8bit_sw_colour_filling))
<BR><BR>[Stack]<UL><LI>Max Depth = 28<LI>Call Chain = __arm_2d_c8bit_sw_colour_filling &rArr; __aeabi_memset &rArr; _memset &rArr; _memset_w
</UL>
<BR>[Calls]<UL><LI><a href="#[df]">&gt;&gt;</a>&nbsp;&nbsp;&nbsp;__aeabi_memset
</UL>
<BR>[Address Reference Count : 1]<UL><LI> lto-llvm-727e0c.o(.rodata.LOW_LEVEL_IO__ARM_2D_IO_FILL_COLOUR_C8BIT)
</UL>
<P><STRONG><a name="[6c]"></a>__arm_2d_rgb16_sw_colour_filling</STRONG> (Thumb, 94 bytes, Stack size 8 bytes, lto-llvm-727e0c.o(.text.__arm_2d_rgb16_sw_colour_filling))
<BR><BR>[Stack]<UL><LI>Max Depth = 8<LI>Call Chain = __arm_2d_rgb16_sw_colour_filling
</UL>
<BR>[Address Reference Count : 1]<UL><LI> lto-llvm-727e0c.o(.rodata.LOW_LEVEL_IO__ARM_2D_IO_FILL_COLOUR_RGB16)
</UL>
<P><STRONG><a name="[6d]"></a>__arm_2d_rgb32_sw_colour_filling</STRONG> (Thumb, 94 bytes, Stack size 8 bytes, lto-llvm-727e0c.o(.text.__arm_2d_rgb32_sw_colour_filling))
<BR><BR>[Stack]<UL><LI>Max Depth = 8<LI>Call Chain = __arm_2d_rgb32_sw_colour_filling
</UL>
<BR>[Address Reference Count : 1]<UL><LI> lto-llvm-727e0c.o(.rodata.LOW_LEVEL_IO__ARM_2D_IO_FILL_COLOUR_RGB32)
</UL>
<P><STRONG><a name="[114]"></a>__arm_2d_transform_regression</STRONG> (Thumb, 1140 bytes, Stack size 80 bytes, lto-llvm-727e0c.o(.text.__arm_2d_transform_regression))
<BR><BR>[Stack]<UL><LI>Max Depth = 120<LI>Call Chain = __arm_2d_transform_regression &rArr; lroundf &rArr; _ffix_r &rArr; __fpl_fnaninf
</UL>
<BR>[Calls]<UL><LI><a href="#[f3]">&gt;&gt;</a>&nbsp;&nbsp;&nbsp;__aeabi_fmul
<LI><a href="#[f7]">&gt;&gt;</a>&nbsp;&nbsp;&nbsp;__aeabi_f2iz
<LI><a href="#[11b]">&gt;&gt;</a>&nbsp;&nbsp;&nbsp;lroundf
</UL>
<BR>[Called By]<UL><LI><a href="#[6e]">&gt;&gt;</a>&nbsp;&nbsp;&nbsp;__arm_2d_rgb565_sw_colour_filling_with_mask_opacity_and_transform
</UL>

<P><STRONG><a name="[6e]"></a>__arm_2d_rgb565_sw_colour_filling_with_mask_opacity_and_transform</STRONG> (Thumb, 1776 bytes, Stack size 200 bytes, lto-llvm-727e0c.o(.text.__arm_2d_rgb565_sw_colour_filling_with_mask_opacity_and_transform))
<BR><BR>[Stack]<UL><LI>Max Depth = 320<LI>Call Chain = __arm_2d_rgb565_sw_colour_filling_with_mask_opacity_and_transform &rArr; __arm_2d_transform_regression &rArr; lroundf &rArr; _ffix_r &rArr; __fpl_fnaninf
</UL>
<BR>[Calls]<UL><LI><a href="#[114]">&gt;&gt;</a>&nbsp;&nbsp;&nbsp;__arm_2d_transform_regression
</UL>
<BR>[Address Reference Count : 1]<UL><LI> lto-llvm-727e0c.o(.rodata.LOW_LEVEL_IO__ARM_2D_IO_FILL_COLOUR_WITH_MSK_OPACITY_AND_TRANSFORM_RGB565)
</UL>
<P><STRONG><a name="[f9]"></a>__arm_2d_sub_task_depose</STRONG> (Thumb, 120 bytes, Stack size 8 bytes, lto-llvm-727e0c.o(.text.__arm_2d_sub_task_depose))
<BR><BR>[Stack]<UL><LI>Max Depth = 96<LI>Call Chain = __arm_2d_sub_task_depose &rArr; __depose_virtual_resource &rArr; __arm_2d_tile_get_1st_derived_child_or_root &rArr; arm_2d_region_intersect
</UL>
<BR>[Calls]<UL><LI><a href="#[119]">&gt;&gt;</a>&nbsp;&nbsp;&nbsp;__depose_virtual_resource
</UL>
<BR>[Called By]<UL><LI><a href="#[110]">&gt;&gt;</a>&nbsp;&nbsp;&nbsp;__arm_2d_region_calculator
<LI><a href="#[fb]">&gt;&gt;</a>&nbsp;&nbsp;&nbsp;__arm_2d_issue_sub_task_copy_origin_masks
<LI><a href="#[fa]">&gt;&gt;</a>&nbsp;&nbsp;&nbsp;__arm_2d_issue_sub_task_copy_origin
<LI><a href="#[fc]">&gt;&gt;</a>&nbsp;&nbsp;&nbsp;__arm_2d_issue_sub_task_copy_with_mask
<LI><a href="#[f8]">&gt;&gt;</a>&nbsp;&nbsp;&nbsp;__arm_2d_issue_sub_task_copy
<LI><a href="#[fe]">&gt;&gt;</a>&nbsp;&nbsp;&nbsp;__arm_2d_issue_sub_task_fill_with_mask
<LI><a href="#[fd]">&gt;&gt;</a>&nbsp;&nbsp;&nbsp;__arm_2d_issue_sub_task_fill
<LI><a href="#[ff]">&gt;&gt;</a>&nbsp;&nbsp;&nbsp;__arm_2d_issue_sub_task_tile_mask_process
<LI><a href="#[10b]">&gt;&gt;</a>&nbsp;&nbsp;&nbsp;__arm_2d_op_invoke
</UL>

<P><STRONG><a name="[119]"></a>__depose_virtual_resource</STRONG> (Thumb, 56 bytes, Stack size 16 bytes, lto-llvm-727e0c.o(.text.__depose_virtual_resource))
<BR><BR>[Stack]<UL><LI>Max Depth = 88<LI>Call Chain = __depose_virtual_resource &rArr; __arm_2d_tile_get_1st_derived_child_or_root &rArr; arm_2d_region_intersect
</UL>
<BR>[Calls]<UL><LI><a href="#[104]">&gt;&gt;</a>&nbsp;&nbsp;&nbsp;__arm_2d_tile_get_1st_derived_child_or_root
</UL>
<BR>[Called By]<UL><LI><a href="#[f9]">&gt;&gt;</a>&nbsp;&nbsp;&nbsp;__arm_2d_sub_task_depose
</UL>

<P><STRONG><a name="[ff]"></a>__arm_2d_issue_sub_task_tile_mask_process</STRONG> (Thumb, 114 bytes, Stack size 200 bytes, lto-llvm-727e0c.o(.text.__arm_2d_issue_sub_task_tile_mask_process))
<BR><BR>[Stack]<UL><LI>Max Depth = 296<LI>Call Chain = __arm_2d_issue_sub_task_tile_mask_process &rArr; __arm_2d_sub_task_depose &rArr; __depose_virtual_resource &rArr; __arm_2d_tile_get_1st_derived_child_or_root &rArr; arm_2d_region_intersect
</UL>
<BR>[Calls]<UL><LI><a href="#[f9]">&gt;&gt;</a>&nbsp;&nbsp;&nbsp;__arm_2d_sub_task_depose
</UL>
<BR>[Called By]<UL><LI><a href="#[10b]">&gt;&gt;</a>&nbsp;&nbsp;&nbsp;__arm_2d_op_invoke
</UL>

<P><STRONG><a name="[fd]"></a>__arm_2d_issue_sub_task_fill</STRONG> (Thumb, 114 bytes, Stack size 200 bytes, lto-llvm-727e0c.o(.text.__arm_2d_issue_sub_task_fill))
<BR><BR>[Stack]<UL><LI>Max Depth = 296<LI>Call Chain = __arm_2d_issue_sub_task_fill &rArr; __arm_2d_sub_task_depose &rArr; __depose_virtual_resource &rArr; __arm_2d_tile_get_1st_derived_child_or_root &rArr; arm_2d_region_intersect
</UL>
<BR>[Calls]<UL><LI><a href="#[f9]">&gt;&gt;</a>&nbsp;&nbsp;&nbsp;__arm_2d_sub_task_depose
</UL>
<BR>[Called By]<UL><LI><a href="#[110]">&gt;&gt;</a>&nbsp;&nbsp;&nbsp;__arm_2d_region_calculator
</UL>

<P><STRONG><a name="[fe]"></a>__arm_2d_issue_sub_task_fill_with_mask</STRONG> (Thumb, 206 bytes, Stack size 208 bytes, lto-llvm-727e0c.o(.text.__arm_2d_issue_sub_task_fill_with_mask))
<BR><BR>[Stack]<UL><LI>Max Depth = 304 + Unknown Stack Size
<LI>Call Chain = __arm_2d_issue_sub_task_fill_with_mask &rArr; __arm_2d_sub_task_depose &rArr; __depose_virtual_resource &rArr; __arm_2d_tile_get_1st_derived_child_or_root &rArr; arm_2d_region_intersect
</UL>
<BR>[Calls]<UL><LI><a href="#[e2]">&gt;&gt;</a>&nbsp;&nbsp;&nbsp;__aeabi_memclr4
<LI><a href="#[f9]">&gt;&gt;</a>&nbsp;&nbsp;&nbsp;__arm_2d_sub_task_depose
</UL>
<BR>[Called By]<UL><LI><a href="#[110]">&gt;&gt;</a>&nbsp;&nbsp;&nbsp;__arm_2d_region_calculator
</UL>

<P><STRONG><a name="[f8]"></a>__arm_2d_issue_sub_task_copy</STRONG> (Thumb, 126 bytes, Stack size 200 bytes, lto-llvm-727e0c.o(.text.__arm_2d_issue_sub_task_copy))
<BR><BR>[Stack]<UL><LI>Max Depth = 296<LI>Call Chain = __arm_2d_issue_sub_task_copy &rArr; __arm_2d_sub_task_depose &rArr; __depose_virtual_resource &rArr; __arm_2d_tile_get_1st_derived_child_or_root &rArr; arm_2d_region_intersect
</UL>
<BR>[Calls]<UL><LI><a href="#[f9]">&gt;&gt;</a>&nbsp;&nbsp;&nbsp;__arm_2d_sub_task_depose
</UL>
<BR>[Called By]<UL><LI><a href="#[110]">&gt;&gt;</a>&nbsp;&nbsp;&nbsp;__arm_2d_region_calculator
</UL>

<P><STRONG><a name="[fc]"></a>__arm_2d_issue_sub_task_copy_with_mask</STRONG> (Thumb, 208 bytes, Stack size 208 bytes, lto-llvm-727e0c.o(.text.__arm_2d_issue_sub_task_copy_with_mask))
<BR><BR>[Stack]<UL><LI>Max Depth = 304 + Unknown Stack Size
<LI>Call Chain = __arm_2d_issue_sub_task_copy_with_mask &rArr; __arm_2d_sub_task_depose &rArr; __depose_virtual_resource &rArr; __arm_2d_tile_get_1st_derived_child_or_root &rArr; arm_2d_region_intersect
</UL>
<BR>[Calls]<UL><LI><a href="#[e2]">&gt;&gt;</a>&nbsp;&nbsp;&nbsp;__aeabi_memclr4
<LI><a href="#[f9]">&gt;&gt;</a>&nbsp;&nbsp;&nbsp;__arm_2d_sub_task_depose
</UL>
<BR>[Called By]<UL><LI><a href="#[110]">&gt;&gt;</a>&nbsp;&nbsp;&nbsp;__arm_2d_region_calculator
</UL>

<P><STRONG><a name="[fa]"></a>__arm_2d_issue_sub_task_copy_origin</STRONG> (Thumb, 154 bytes, Stack size 208 bytes, lto-llvm-727e0c.o(.text.__arm_2d_issue_sub_task_copy_origin))
<BR><BR>[Stack]<UL><LI>Max Depth = 304<LI>Call Chain = __arm_2d_issue_sub_task_copy_origin &rArr; __arm_2d_sub_task_depose &rArr; __depose_virtual_resource &rArr; __arm_2d_tile_get_1st_derived_child_or_root &rArr; arm_2d_region_intersect
</UL>
<BR>[Calls]<UL><LI><a href="#[f9]">&gt;&gt;</a>&nbsp;&nbsp;&nbsp;__arm_2d_sub_task_depose
</UL>
<BR>[Called By]<UL><LI><a href="#[110]">&gt;&gt;</a>&nbsp;&nbsp;&nbsp;__arm_2d_region_calculator
</UL>

<P><STRONG><a name="[fb]"></a>__arm_2d_issue_sub_task_copy_origin_masks</STRONG> (Thumb, 250 bytes, Stack size 216 bytes, lto-llvm-727e0c.o(.text.__arm_2d_issue_sub_task_copy_origin_masks))
<BR><BR>[Stack]<UL><LI>Max Depth = 312 + Unknown Stack Size
<LI>Call Chain = __arm_2d_issue_sub_task_copy_origin_masks &rArr; __arm_2d_sub_task_depose &rArr; __depose_virtual_resource &rArr; __arm_2d_tile_get_1st_derived_child_or_root &rArr; arm_2d_region_intersect
</UL>
<BR>[Calls]<UL><LI><a href="#[e2]">&gt;&gt;</a>&nbsp;&nbsp;&nbsp;__aeabi_memclr4
<LI><a href="#[f9]">&gt;&gt;</a>&nbsp;&nbsp;&nbsp;__arm_2d_sub_task_depose
</UL>
<BR>[Called By]<UL><LI><a href="#[110]">&gt;&gt;</a>&nbsp;&nbsp;&nbsp;__arm_2d_region_calculator
</UL>

<P><STRONG><a name="[10f]"></a>__tile_clipped_pave</STRONG> (Thumb, 180 bytes, Stack size 80 bytes, lto-llvm-727e0c.o(.text.__tile_clipped_pave))
<BR><BR>[Stack]<UL><LI>Max Depth = 848 + Unknown Stack Size
<LI>Call Chain = __tile_clipped_pave &rArr; __arm_2d_region_calculator &rArr; __arm_2d_issue_sub_task_copy_origin_masks &rArr; __arm_2d_sub_task_depose &rArr; __depose_virtual_resource &rArr; __arm_2d_tile_get_1st_derived_child_or_root &rArr; arm_2d_region_intersect
</UL>
<BR>[Calls]<UL><LI><a href="#[110]">&gt;&gt;</a>&nbsp;&nbsp;&nbsp;__arm_2d_region_calculator
<LI><a href="#[10e]">&gt;&gt;</a>&nbsp;&nbsp;&nbsp;__clip_asset_tile
<LI><a href="#[10c]">&gt;&gt;</a>&nbsp;&nbsp;&nbsp;arm_2d_tile_generate_child
</UL>
<BR>[Called By]<UL><LI><a href="#[10b]">&gt;&gt;</a>&nbsp;&nbsp;&nbsp;__arm_2d_op_invoke
</UL>

<P><STRONG><a name="[10e]"></a>__clip_asset_tile</STRONG> (Thumb, 76 bytes, Stack size 16 bytes, lto-llvm-727e0c.o(.text.__clip_asset_tile))
<BR><BR>[Stack]<UL><LI>Max Depth = 64<LI>Call Chain = __clip_asset_tile &rArr; arm_2d_tile_generate_child &rArr; arm_2d_region_intersect
</UL>
<BR>[Calls]<UL><LI><a href="#[10c]">&gt;&gt;</a>&nbsp;&nbsp;&nbsp;arm_2d_tile_generate_child
</UL>
<BR>[Called By]<UL><LI><a href="#[10f]">&gt;&gt;</a>&nbsp;&nbsp;&nbsp;__tile_clipped_pave
<LI><a href="#[10b]">&gt;&gt;</a>&nbsp;&nbsp;&nbsp;__arm_2d_op_invoke
</UL>

<P><STRONG><a name="[110]"></a>__arm_2d_region_calculator</STRONG> (Thumb, 1714 bytes, Stack size 456 bytes, lto-llvm-727e0c.o(.text.__arm_2d_region_calculator))
<BR><BR>[Stack]<UL><LI>Max Depth = 768 + Unknown Stack Size
<LI>Call Chain = __arm_2d_region_calculator &rArr; __arm_2d_issue_sub_task_copy_origin_masks &rArr; __arm_2d_sub_task_depose &rArr; __depose_virtual_resource &rArr; __arm_2d_tile_get_1st_derived_child_or_root &rArr; arm_2d_region_intersect
</UL>
<BR>[Calls]<UL><LI><a href="#[112]">&gt;&gt;</a>&nbsp;&nbsp;&nbsp;__load_virtual_resource
<LI><a href="#[111]">&gt;&gt;</a>&nbsp;&nbsp;&nbsp;__arm_2d_source_side_tile_mirror_preprocess
<LI><a href="#[fb]">&gt;&gt;</a>&nbsp;&nbsp;&nbsp;__arm_2d_issue_sub_task_copy_origin_masks
<LI><a href="#[fa]">&gt;&gt;</a>&nbsp;&nbsp;&nbsp;__arm_2d_issue_sub_task_copy_origin
<LI><a href="#[fc]">&gt;&gt;</a>&nbsp;&nbsp;&nbsp;__arm_2d_issue_sub_task_copy_with_mask
<LI><a href="#[f8]">&gt;&gt;</a>&nbsp;&nbsp;&nbsp;__arm_2d_issue_sub_task_copy
<LI><a href="#[fe]">&gt;&gt;</a>&nbsp;&nbsp;&nbsp;__arm_2d_issue_sub_task_fill_with_mask
<LI><a href="#[fd]">&gt;&gt;</a>&nbsp;&nbsp;&nbsp;__arm_2d_issue_sub_task_fill
<LI><a href="#[f9]">&gt;&gt;</a>&nbsp;&nbsp;&nbsp;__arm_2d_sub_task_depose
<LI><a href="#[10c]">&gt;&gt;</a>&nbsp;&nbsp;&nbsp;arm_2d_tile_generate_child
<LI><a href="#[106]">&gt;&gt;</a>&nbsp;&nbsp;&nbsp;arm_2d_get_absolute_location
<LI><a href="#[104]">&gt;&gt;</a>&nbsp;&nbsp;&nbsp;__arm_2d_tile_get_1st_derived_child_or_root
<LI><a href="#[101]">&gt;&gt;</a>&nbsp;&nbsp;&nbsp;__arm_2d_tile_region_caculator
</UL>
<BR>[Called By]<UL><LI><a href="#[10d]">&gt;&gt;</a>&nbsp;&nbsp;&nbsp;__tile_non_negtive_location_pave
<LI><a href="#[10f]">&gt;&gt;</a>&nbsp;&nbsp;&nbsp;__tile_clipped_pave
</UL>

<P><STRONG><a name="[10d]"></a>__tile_non_negtive_location_pave</STRONG> (Thumb, 88 bytes, Stack size 40 bytes, lto-llvm-727e0c.o(.text.__tile_non_negtive_location_pave))
<BR><BR>[Stack]<UL><LI>Max Depth = 808 + Unknown Stack Size
<LI>Call Chain = __tile_non_negtive_location_pave &rArr; __arm_2d_region_calculator &rArr; __arm_2d_issue_sub_task_copy_origin_masks &rArr; __arm_2d_sub_task_depose &rArr; __depose_virtual_resource &rArr; __arm_2d_tile_get_1st_derived_child_or_root &rArr; arm_2d_region_intersect
</UL>
<BR>[Calls]<UL><LI><a href="#[110]">&gt;&gt;</a>&nbsp;&nbsp;&nbsp;__arm_2d_region_calculator
<LI><a href="#[10c]">&gt;&gt;</a>&nbsp;&nbsp;&nbsp;arm_2d_tile_generate_child
</UL>
<BR>[Called By]<UL><LI><a href="#[10b]">&gt;&gt;</a>&nbsp;&nbsp;&nbsp;__arm_2d_op_invoke
</UL>

<P><STRONG><a name="[111]"></a>__arm_2d_source_side_tile_mirror_preprocess</STRONG> (Thumb, 206 bytes, Stack size 20 bytes, lto-llvm-727e0c.o(.text.__arm_2d_source_side_tile_mirror_preprocess))
<BR><BR>[Stack]<UL><LI>Max Depth = 20<LI>Call Chain = __arm_2d_source_side_tile_mirror_preprocess
</UL>
<BR>[Called By]<UL><LI><a href="#[110]">&gt;&gt;</a>&nbsp;&nbsp;&nbsp;__arm_2d_region_calculator
</UL>

<P><STRONG><a name="[112]"></a>__load_virtual_resource</STRONG> (Thumb, 120 bytes, Stack size 16 bytes, lto-llvm-727e0c.o(.text.__load_virtual_resource))
<BR><BR>[Stack]<UL><LI>Max Depth = 16<LI>Call Chain = __load_virtual_resource
</UL>
<BR>[Called By]<UL><LI><a href="#[110]">&gt;&gt;</a>&nbsp;&nbsp;&nbsp;__arm_2d_region_calculator
</UL>

<P><STRONG><a name="[63]"></a>__disp_adapter0_pfb_render_handler</STRONG> (Thumb, 46 bytes, Stack size 16 bytes, lto-llvm-727e0c.o(.text.__disp_adapter0_pfb_render_handler))
<BR><BR>[Stack]<UL><LI>Max Depth = 40<LI>Call Chain = __disp_adapter0_pfb_render_handler &rArr; Disp0_DrawBitmap
</UL>
<BR>[Calls]<UL><LI><a href="#[ec]">&gt;&gt;</a>&nbsp;&nbsp;&nbsp;__arm_2d_helper_pfb_report_rendering_complete
<LI><a href="#[121]">&gt;&gt;</a>&nbsp;&nbsp;&nbsp;Disp0_DrawBitmap
</UL>
<BR>[Address Reference Count : 1]<UL><LI> lto-llvm-727e0c.o(.rodata..L__const.__user_scene_player_init.tCFG)
</UL>
<P><STRONG><a name="[64]"></a>__on_each_frame_complete</STRONG> (Thumb, 288 bytes, Stack size 32 bytes, lto-llvm-727e0c.o(.text.__on_each_frame_complete))
<BR><BR>[Stack]<UL><LI>Max Depth = 80 + Unknown Stack Size
<LI>Call Chain = __on_each_frame_complete &rArr; __aeabi_uldivmod
</UL>
<BR>[Calls]<UL><LI><a href="#[f3]">&gt;&gt;</a>&nbsp;&nbsp;&nbsp;__aeabi_fmul
<LI><a href="#[125]">&gt;&gt;</a>&nbsp;&nbsp;&nbsp;__aeabi_ddiv
<LI><a href="#[123]">&gt;&gt;</a>&nbsp;&nbsp;&nbsp;__aeabi_ul2d
<LI><a href="#[124]">&gt;&gt;</a>&nbsp;&nbsp;&nbsp;__aeabi_l2d
<LI><a href="#[126]">&gt;&gt;</a>&nbsp;&nbsp;&nbsp;__aeabi_d2f
<LI><a href="#[e2]">&gt;&gt;</a>&nbsp;&nbsp;&nbsp;__aeabi_memclr4
<LI><a href="#[122]">&gt;&gt;</a>&nbsp;&nbsp;&nbsp;__aeabi_uldivmod
<LI><a href="#[ef]">&gt;&gt;</a>&nbsp;&nbsp;&nbsp;get_system_ticks
</UL>
<BR>[Address Reference Count : 1]<UL><LI> lto-llvm-727e0c.o(.rodata..L__const.__user_scene_player_init.tCFG)
</UL>
<P><STRONG><a name="[12d]"></a>arm_2dp_rgb565_user_draw_circle</STRONG> (Thumb, 236 bytes, Stack size 32 bytes, lto-llvm-727e0c.o(.text.arm_2dp_rgb565_user_draw_circle))
<BR><BR>[Stack]<UL><LI>Max Depth = 1256 + Unknown Stack Size
<LI>Call Chain = arm_2dp_rgb565_user_draw_circle &rArr; __arm_2d_op_invoke &rArr; __tile_clipped_pave &rArr; __arm_2d_region_calculator &rArr; __arm_2d_issue_sub_task_copy_origin_masks &rArr; __arm_2d_sub_task_depose &rArr; __depose_virtual_resource &rArr; __arm_2d_tile_get_1st_derived_child_or_root &rArr; arm_2d_region_intersect
</UL>
<BR>[Calls]<UL><LI><a href="#[10b]">&gt;&gt;</a>&nbsp;&nbsp;&nbsp;__arm_2d_op_invoke
<LI><a href="#[106]">&gt;&gt;</a>&nbsp;&nbsp;&nbsp;arm_2d_get_absolute_location
<LI><a href="#[102]">&gt;&gt;</a>&nbsp;&nbsp;&nbsp;arm_2d_region_intersect
</UL>
<BR>[Called By]<UL><LI><a href="#[5c]">&gt;&gt;</a>&nbsp;&nbsp;&nbsp;__pfb_draw_scene_user_defined_opcode_handler
</UL>

<P><STRONG><a name="[71]"></a>__arm_2d_rgb565_sw_user_draw_circle</STRONG> (Thumb, 634 bytes, Stack size 112 bytes, lto-llvm-727e0c.o(.text.__arm_2d_rgb565_sw_user_draw_circle))
<BR><BR>[Stack]<UL><LI>Max Depth = 160<LI>Call Chain = __arm_2d_rgb565_sw_user_draw_circle &rArr; sqrtf &rArr; _fsqrt &rArr; __fpl_fnaninf
</UL>
<BR>[Calls]<UL><LI><a href="#[f3]">&gt;&gt;</a>&nbsp;&nbsp;&nbsp;__aeabi_fmul
<LI><a href="#[115]">&gt;&gt;</a>&nbsp;&nbsp;&nbsp;__aeabi_ui2f
<LI><a href="#[f7]">&gt;&gt;</a>&nbsp;&nbsp;&nbsp;__aeabi_f2iz
<LI><a href="#[10a]">&gt;&gt;</a>&nbsp;&nbsp;&nbsp;__aeabi_fadd
<LI><a href="#[116]">&gt;&gt;</a>&nbsp;&nbsp;&nbsp;sqrtf
<LI><a href="#[117]">&gt;&gt;</a>&nbsp;&nbsp;&nbsp;__aeabi_fcmpge
<LI><a href="#[106]">&gt;&gt;</a>&nbsp;&nbsp;&nbsp;arm_2d_get_absolute_location
</UL>
<BR>[Address Reference Count : 1]<UL><LI> lto-llvm-727e0c.o(.rodata.LOW_LEVEL_IO__ARM_2D_IO_USER_DRAW_CIRCLE_RGB565)
</UL>
<P><STRONG><a name="[72]"></a>__arm_2d_rgb565_sw_user_draw_line</STRONG> (Thumb, 1116 bytes, Stack size 96 bytes, lto-llvm-727e0c.o(.text.__arm_2d_rgb565_sw_user_draw_line))
<BR><BR>[Stack]<UL><LI>Max Depth = 104<LI>Call Chain = __arm_2d_rgb565_sw_user_draw_line &rArr; arm_2d_is_point_inside_region
</UL>
<BR>[Calls]<UL><LI><a href="#[118]">&gt;&gt;</a>&nbsp;&nbsp;&nbsp;arm_2d_is_point_inside_region
<LI><a href="#[106]">&gt;&gt;</a>&nbsp;&nbsp;&nbsp;arm_2d_get_absolute_location
</UL>
<BR>[Address Reference Count : 1]<UL><LI> lto-llvm-727e0c.o(.rodata.LOW_LEVEL_IO__ARM_2D_IO_USER_DRAW_LINE_RGB565)
</UL>
<P><STRONG><a name="[73]"></a>__perf_counter_init</STRONG> (Thumb, 4 bytes, Stack size 0 bytes, lto-llvm-727e0c.o(.text.__perf_counter_init))
<BR><BR>[Stack]<UL><LI>Max Depth = 24<LI>Call Chain = __perf_counter_init &rArr; init_cycle_counter &rArr; get_system_ticks
</UL>
<BR>[Calls]<UL><LI><a href="#[128]">&gt;&gt;</a>&nbsp;&nbsp;&nbsp;init_cycle_counter
</UL>
<BR>[Address Reference Count : 1]<UL><LI> lto-llvm-727e0c.o(.init_array)
</UL><P>
<H3>
Undefined Global Symbols
</H3><HR></body></html>
